Archive member included to satisfy reference by file (symbol)

/Applications/STM32CubeIDE.app/Contents/Eclipse/plugins/com.st.stm32cube.ide.mcu.externaltools.gnu-tools-for-stm32.11.3.rel1.macos64_1.1.100.202310310803/tools/bin/../lib/gcc/arm-none-eabi/11.3.1/../../../../arm-none-eabi/lib/thumb/v8-m.main+fp/hard/libc_nano.a(libc_a-exit.o)
                              /Applications/STM32CubeIDE.app/Contents/Eclipse/plugins/com.st.stm32cube.ide.mcu.externaltools.gnu-tools-for-stm32.11.3.rel1.macos64_1.1.100.202310310803/tools/bin/../lib/gcc/arm-none-eabi/11.3.1/../../../../arm-none-eabi/lib/thumb/v8-m.main+fp/hard/crt0.o (exit)
/Applications/STM32CubeIDE.app/Contents/Eclipse/plugins/com.st.stm32cube.ide.mcu.externaltools.gnu-tools-for-stm32.11.3.rel1.macos64_1.1.100.202310310803/tools/bin/../lib/gcc/arm-none-eabi/11.3.1/../../../../arm-none-eabi/lib/thumb/v8-m.main+fp/hard/libc_nano.a(libc_a-findfp.o)
                              /Applications/STM32CubeIDE.app/Contents/Eclipse/plugins/com.st.stm32cube.ide.mcu.externaltools.gnu-tools-for-stm32.11.3.rel1.macos64_1.1.100.202310310803/tools/bin/../lib/gcc/arm-none-eabi/11.3.1/../../../../arm-none-eabi/lib/thumb/v8-m.main+fp/hard/libc_nano.a(libc_a-exit.o) (__stdio_exit_handler)
/Applications/STM32CubeIDE.app/Contents/Eclipse/plugins/com.st.stm32cube.ide.mcu.externaltools.gnu-tools-for-stm32.11.3.rel1.macos64_1.1.100.202310310803/tools/bin/../lib/gcc/arm-none-eabi/11.3.1/../../../../arm-none-eabi/lib/thumb/v8-m.main+fp/hard/libc_nano.a(libc_a-fwalk.o)
                              /Applications/STM32CubeIDE.app/Contents/Eclipse/plugins/com.st.stm32cube.ide.mcu.externaltools.gnu-tools-for-stm32.11.3.rel1.macos64_1.1.100.202310310803/tools/bin/../lib/gcc/arm-none-eabi/11.3.1/../../../../arm-none-eabi/lib/thumb/v8-m.main+fp/hard/libc_nano.a(libc_a-findfp.o) (_fwalk_sglue)
/Applications/STM32CubeIDE.app/Contents/Eclipse/plugins/com.st.stm32cube.ide.mcu.externaltools.gnu-tools-for-stm32.11.3.rel1.macos64_1.1.100.202310310803/tools/bin/../lib/gcc/arm-none-eabi/11.3.1/../../../../arm-none-eabi/lib/thumb/v8-m.main+fp/hard/libc_nano.a(libc_a-memset.o)
                              /Applications/STM32CubeIDE.app/Contents/Eclipse/plugins/com.st.stm32cube.ide.mcu.externaltools.gnu-tools-for-stm32.11.3.rel1.macos64_1.1.100.202310310803/tools/bin/../lib/gcc/arm-none-eabi/11.3.1/../../../../arm-none-eabi/lib/thumb/v8-m.main+fp/hard/crt0.o (memset)
/Applications/STM32CubeIDE.app/Contents/Eclipse/plugins/com.st.stm32cube.ide.mcu.externaltools.gnu-tools-for-stm32.11.3.rel1.macos64_1.1.100.202310310803/tools/bin/../lib/gcc/arm-none-eabi/11.3.1/../../../../arm-none-eabi/lib/thumb/v8-m.main+fp/hard/libc_nano.a(libc_a-impure.o)
                              /Applications/STM32CubeIDE.app/Contents/Eclipse/plugins/com.st.stm32cube.ide.mcu.externaltools.gnu-tools-for-stm32.11.3.rel1.macos64_1.1.100.202310310803/tools/bin/../lib/gcc/arm-none-eabi/11.3.1/../../../../arm-none-eabi/lib/thumb/v8-m.main+fp/hard/libc_nano.a(libc_a-findfp.o) (_impure_data)
/Applications/STM32CubeIDE.app/Contents/Eclipse/plugins/com.st.stm32cube.ide.mcu.externaltools.gnu-tools-for-stm32.11.3.rel1.macos64_1.1.100.202310310803/tools/bin/../lib/gcc/arm-none-eabi/11.3.1/../../../../arm-none-eabi/lib/thumb/v8-m.main+fp/hard/libc_nano.a(libc_a-errno.o)
                              ./Application/User/syscalls.o (__errno)
/Applications/STM32CubeIDE.app/Contents/Eclipse/plugins/com.st.stm32cube.ide.mcu.externaltools.gnu-tools-for-stm32.11.3.rel1.macos64_1.1.100.202310310803/tools/bin/../lib/gcc/arm-none-eabi/11.3.1/../../../../arm-none-eabi/lib/thumb/v8-m.main+fp/hard/libc_nano.a(libc_a-init.o)
                              /Applications/STM32CubeIDE.app/Contents/Eclipse/plugins/com.st.stm32cube.ide.mcu.externaltools.gnu-tools-for-stm32.11.3.rel1.macos64_1.1.100.202310310803/tools/bin/../lib/gcc/arm-none-eabi/11.3.1/../../../../arm-none-eabi/lib/thumb/v8-m.main+fp/hard/crt0.o (__libc_init_array)
/Applications/STM32CubeIDE.app/Contents/Eclipse/plugins/com.st.stm32cube.ide.mcu.externaltools.gnu-tools-for-stm32.11.3.rel1.macos64_1.1.100.202310310803/tools/bin/../lib/gcc/arm-none-eabi/11.3.1/../../../../arm-none-eabi/lib/thumb/v8-m.main+fp/hard/libc_nano.a(libc_a-lock.o)
                              /Applications/STM32CubeIDE.app/Contents/Eclipse/plugins/com.st.stm32cube.ide.mcu.externaltools.gnu-tools-for-stm32.11.3.rel1.macos64_1.1.100.202310310803/tools/bin/../lib/gcc/arm-none-eabi/11.3.1/../../../../arm-none-eabi/lib/thumb/v8-m.main+fp/hard/libc_nano.a(libc_a-findfp.o) (__retarget_lock_init_recursive)
/Applications/STM32CubeIDE.app/Contents/Eclipse/plugins/com.st.stm32cube.ide.mcu.externaltools.gnu-tools-for-stm32.11.3.rel1.macos64_1.1.100.202310310803/tools/bin/../lib/gcc/arm-none-eabi/11.3.1/../../../../arm-none-eabi/lib/thumb/v8-m.main+fp/hard/libc_nano.a(libc_a-mallocr.o)
[...]
Memory Configuration

Name             Origin             Length             Attributes
RAM              0x0000000020000000 0x00000000000c0000 xrw
FLASH            0x0000000008000000 0x0000000000200000 xr
*default*        0x0000000000000000 0xffffffffffffffff

Linker script and memory map

LOAD /Applications/STM32CubeIDE.app/Contents/Eclipse/plugins/com.st.stm32cube.ide.mcu.externaltools.gnu-tools-for-stm32.11.3.rel1.macos64_1.1.100.202310310803/tools/bin/../lib/gcc/arm-none-eabi/11.3.1/thumb/v8-m.main+fp/hard/crti.o
LOAD /Applications/STM32CubeIDE.app/Contents/Eclipse/plugins/com.st.stm32cube.ide.mcu.externaltools.gnu-tools-for-stm32.11.3.rel1.macos64_1.1.100.202310310803/tools/bin/../lib/gcc/arm-none-eabi/11.3.1/thumb/v8-m.main+fp/hard/crtbegin.o
LOAD /Applications/STM32CubeIDE.app/Contents/Eclipse/plugins/com.st.stm32cube.ide.mcu.externaltools.gnu-tools-for-stm32.11.3.rel1.macos64_1.1.100.202310310803/tools/bin/../lib/gcc/arm-none-eabi/11.3.1/../../../../arm-none-eabi/lib/thumb/v8-m.main+fp/hard/crt0.o
LOAD ./Application/Startup/startup_stm32u585aiix.o
LOAD ./Application/User/linked_list.o
LOAD ./Application/User/main.o
LOAD ./Application/User/stm32u5xx_hal_msp.o
LOAD ./Application/User/stm32u5xx_it.o
LOAD ./Application/User/syscalls.o
LOAD ./Application/User/sysmem.o
LOAD ./Drivers/BSP/B-U585I-IOT02A/b_u585i_iot02a.o
LOAD ./Drivers/BSP/B-U585I-IOT02A/b_u585i_iot02a_bus.o
LOAD ./Drivers/CMSIS/system_stm32u5xx.o
LOAD ./Drivers/STM32U5xx_HAL_Driver/stm32u5xx_hal.o
LOAD ./Drivers/STM32U5xx_HAL_Driver/stm32u5xx_hal_adc.o
LOAD ./Drivers/STM32U5xx_HAL_Driver/stm32u5xx_hal_adc_ex.o
LOAD ./Drivers/STM32U5xx_HAL_Driver/stm32u5xx_hal_cortex.o
LOAD ./Drivers/STM32U5xx_HAL_Driver/stm32u5xx_hal_dma.o
LOAD ./Drivers/STM32U5xx_HAL_Driver/stm32u5xx_hal_dma_ex.o
LOAD ./Drivers/STM32U5xx_HAL_Driver/stm32u5xx_hal_exti.o
LOAD ./Drivers/STM32U5xx_HAL_Driver/stm32u5xx_hal_flash.o
LOAD ./Drivers/STM32U5xx_HAL_Driver/stm32u5xx_hal_flash_ex.o
LOAD ./Drivers/STM32U5xx_HAL_Driver/stm32u5xx_hal_gpio.o
LOAD ./Drivers/STM32U5xx_HAL_Driver/stm32u5xx_hal_gtzc.o
LOAD ./Drivers/STM32U5xx_HAL_Driver/stm32u5xx_hal_i2c.o
LOAD ./Drivers/STM32U5xx_HAL_Driver/stm32u5xx_hal_i2c_ex.o
LOAD ./Drivers/STM32U5xx_HAL_Driver/stm32u5xx_hal_icache.o
LOAD ./Drivers/STM32U5xx_HAL_Driver/stm32u5xx_hal_mdf.o
LOAD ./Drivers/STM32U5xx_HAL_Driver/stm32u5xx_hal_pwr.o
LOAD ./Drivers/STM32U5xx_HAL_Driver/stm32u5xx_hal_pwr_ex.o
LOAD ./Drivers/STM32U5xx_HAL_Driver/stm32u5xx_hal_rcc.o
LOAD ./Drivers/STM32U5xx_HAL_Driver/stm32u5xx_hal_rcc_ex.o
LOAD ./Drivers/STM32U5xx_HAL_Driver/stm32u5xx_hal_sai.o
LOAD ./Drivers/STM32U5xx_HAL_Driver/stm32u5xx_hal_sai_ex.o
LOAD ./Drivers/STM32U5xx_HAL_Driver/stm32u5xx_hal_spi.o
LOAD ./Drivers/STM32U5xx_HAL_Driver/stm32u5xx_hal_spi_ex.o
LOAD ./Drivers/STM32U5xx_HAL_Driver/stm32u5xx_hal_tim.o
LOAD ./Drivers/STM32U5xx_HAL_Driver/stm32u5xx_hal_tim_ex.o
LOAD ./Drivers/STM32U5xx_HAL_Driver/stm32u5xx_hal_uart.o
LOAD ./Drivers/STM32U5xx_HAL_Driver/stm32u5xx_hal_uart_ex.o
START GROUP
LOAD /Applications/STM32CubeIDE.app/Contents/Eclipse/plugins/com.st.stm32cube.ide.mcu.externaltools.gnu-tools-for-stm32.11.3.rel1.macos64_1.1.100.202310310803/tools/bin/../lib/gcc/arm-none-eabi/11.3.1/../../../../arm-none-eabi/lib/thumb/v8-m.main+fp/hard/libc_nano.a
LOAD /Applications/STM32CubeIDE.app/Contents/Eclipse/plugins/com.st.stm32cube.ide.mcu.externaltools.gnu-tools-for-stm32.11.3.rel1.macos64_1.1.100.202310310803/tools/bin/../lib/gcc/arm-none-eabi/11.3.1/../../../../arm-none-eabi/lib/thumb/v8-m.main+fp/hard/libm.a
END GROUP
START GROUP
LOAD /Applications/STM32CubeIDE.app/Contents/Eclipse/plugins/com.st.stm32cube.ide.mcu.externaltools.gnu-tools-for-stm32.11.3.rel1.macos64_1.1.100.202310310803/tools/bin/../lib/gcc/arm-none-eabi/11.3.1/thumb/v8-m.main+fp/hard/libgcc.a
LOAD /Applications/STM32CubeIDE.app/Contents/Eclipse/plugins/com.st.stm32cube.ide.mcu.externaltools.gnu-tools-for-stm32.11.3.rel1.macos64_1.1.100.202310310803/tools/bin/../lib/gcc/arm-none-eabi/11.3.1/../../../../arm-none-eabi/lib/thumb/v8-m.main+fp/hard/libc_nano.a
END GROUP
START GROUP
LOAD /Applications/STM32CubeIDE.app/Contents/Eclipse/plugins/com.st.stm32cube.ide.mcu.externaltools.gnu-tools-for-stm32.11.3.rel1.macos64_1.1.100.202310310803/tools/bin/../lib/gcc/arm-none-eabi/11.3.1/thumb/v8-m.main+fp/hard/libgcc.a
LOAD /Applications/STM32CubeIDE.app/Contents/Eclipse/plugins/com.st.stm32cube.ide.mcu.externaltools.gnu-tools-for-stm32.11.3.rel1.macos64_1.1.100.202310310803/tools/bin/../lib/gcc/arm-none-eabi/11.3.1/../../../../arm-none-eabi/lib/thumb/v8-m.main+fp/hard/libc_nano.a
LOAD /Applications/STM32CubeIDE.app/Contents/Eclipse/plugins/com.st.stm32cube.ide.mcu.externaltools.gnu-tools-for-stm32.11.3.rel1.macos64_1.1.100.202310310803/tools/bin/../lib/gcc/arm-none-eabi/11.3.1/../../../../arm-none-eabi/lib/thumb/v8-m.main+fp/hard/libnosys.a
END GROUP
START GROUP
LOAD /Applications/STM32CubeIDE.app/Contents/Eclipse/plugins/com.st.stm32cube.ide.mcu.externaltools.gnu-tools-for-stm32.11.3.rel1.macos64_1.1.100.202310310803/tools/bin/../lib/gcc/arm-none-eabi/11.3.1/thumb/v8-m.main+fp/hard/libgcc.a
LOAD /Applications/STM32CubeIDE.app/Contents/Eclipse/plugins/com.st.stm32cube.ide.mcu.externaltools.gnu-tools-for-stm32.11.3.rel1.macos64_1.1.100.202310310803/tools/bin/../lib/gcc/arm-none-eabi/11.3.1/../../../../arm-none-eabi/lib/thumb/v8-m.main+fp/hard/libc_nano.a
LOAD /Applications/STM32CubeIDE.app/Contents/Eclipse/plugins/com.st.stm32cube.ide.mcu.externaltools.gnu-tools-for-stm32.11.3.rel1.macos64_1.1.100.202310310803/tools/bin/../lib/gcc/arm-none-eabi/11.3.1/../../../../arm-none-eabi/lib/thumb/v8-m.main+fp/hard/libnosys.a
END GROUP
LOAD /Applications/STM32CubeIDE.app/Contents/Eclipse/plugins/com.st.stm32cube.ide.mcu.externaltools.gnu-tools-for-stm32.11.3.rel1.macos64_1.1.100.202310310803/tools/bin/../lib/gcc/arm-none-eabi/11.3.1/thumb/v8-m.main+fp/hard/crtend.o
LOAD /Applications/STM32CubeIDE.app/Contents/Eclipse/plugins/com.st.stm32cube.ide.mcu.externaltools.gnu-tools-for-stm32.11.3.rel1.macos64_1.1.100.202310310803/tools/bin/../lib/gcc/arm-none-eabi/11.3.1/thumb/v8-m.main+fp/hard/crtn.o
                0x00000000200c0000                _estack = (ORIGIN (RAM) + LENGTH (RAM))
                0x0000000000000200                _Min_Heap_Size = 0x200
                0x0000000000000400                _Min_Stack_Size = 0x400

.isr_vector     0x0000000008000000      0x238
 *(.isr_vector)
 .isr_vector    0x0000000008000000      0x238 ./Application/Startup/startup_stm32u585aiix.o
                0x0000000008000000                g_pfnVectors

.text           0x0000000008000238     0x541c
 *(.text)
 .text          0x0000000008000238       0x40 /Applications/STM32CubeIDE.app/Contents/Eclipse/plugins/com.st.stm32cube.ide.mcu.externaltools.gnu-tools-for-stm32.11.3.rel1.macos64_1.1.100.202310310803/tools/bin/../lib/gcc/arm-none-eabi/11.3.1/thumb/v8-m.main+fp/hard/crtbegin.o
 *(.text*)
 .text.Reset_Handler
                0x0000000008000278       0x50 ./Application/Startup/startup_stm32u585aiix.o
                0x0000000008000278                Reset_Handler
 .text.Default_Handler
                0x00000000080002c8        0x2 ./Application/Startup/startup_stm32u585aiix.o
                0x00000000080002c8                HASH_IRQHandler
                0x00000000080002c8                TIM8_TRG_COM_IRQHandler
                0x00000000080002c8                TIM8_CC_IRQHandler
                0x00000000080002c8                EXTI5_IRQHandler
                0x00000000080002c8                FLASH_S_IRQHandler
                0x00000000080002c8                EXTI13_IRQHandler
                0x00000000080002c8                TIM1_CC_IRQHandler
                0x00000000080002c8                TSC_IRQHandler
                0x00000000080002c8                TAMP_IRQHandler
                0x00000000080002c8                TIM6_IRQHandler
                0x00000000080002c8                EXTI12_IRQHandler
                0x00000000080002c8                CORDIC_IRQHandler
                0x00000000080002c8                EXTI3_IRQHandler
                0x00000000080002c8                LPTIM4_IRQHandler
                0x00000000080002c8                GPDMA1_Channel5_IRQHandler
                0x00000000080002c8                EXTI8_IRQHandler
                0x00000000080002c8                LPTIM2_IRQHandler
                0x00000000080002c8                I2C3_ER_IRQHandler
                0x00000000080002c8                PWR_S3WU_IRQHandler
                0x00000000080002c8                MDF1_FLT2_IRQHandler
                0x00000000080002c8                LPDMA1_Channel3_IRQHandler
                0x00000000080002c8                LPTIM3_IRQHandler
                0x00000000080002c8                EXTI0_IRQHandler
                0x00000000080002c8                I2C2_EV_IRQHandler
                0x00000000080002c8                FPU_IRQHandler
                0x00000000080002c8                GPDMA1_Channel3_IRQHandler
                0x00000000080002c8                GPDMA1_Channel7_IRQHandler
                0x00000000080002c8                MDF1_FLT4_IRQHandler
                0x00000000080002c8                FDCAN1_IT1_IRQHandler
                0x00000000080002c8                RAMCFG_IRQHandler
                0x00000000080002c8                GPDMA1_Channel9_IRQHandler
                0x00000000080002c8                DCACHE1_IRQHandler
                0x00000000080002c8                SPI1_IRQHandler
                0x00000000080002c8                OCTOSPI1_IRQHandler
                0x00000000080002c8                GPDMA1_Channel2_IRQHandler
                0x00000000080002c8                TIM8_UP_IRQHandler
                0x00000000080002c8                RCC_S_IRQHandler
                0x00000000080002c8                OCTOSPI2_IRQHandler
                0x00000000080002c8                SAI2_IRQHandler
                0x00000000080002c8                MDF1_FLT1_IRQHandler
                0x00000000080002c8                ADC1_IRQHandler
                0x00000000080002c8                PKA_IRQHandler
                0x00000000080002c8                MDF1_FLT5_IRQHandler
                0x00000000080002c8                EXTI15_IRQHandler
                0x00000000080002c8                TIM17_IRQHandler
                0x00000000080002c8                USART3_IRQHandler
                0x00000000080002c8                RTC_IRQHandler
                0x00000000080002c8                EXTI9_IRQHandler
                0x00000000080002c8                UART5_IRQHandler
                0x00000000080002c8                TIM4_IRQHandler
                0x00000000080002c8                I2C1_EV_IRQHandler
                0x00000000080002c8                GPDMA1_Channel12_IRQHandler
                0x00000000080002c8                GPDMA1_Channel1_IRQHandler
                0x00000000080002c8                TIM16_IRQHandler
                0x00000000080002c8                GPDMA1_Channel15_IRQHandler
                0x00000000080002c8                UART4_IRQHandler
                0x00000000080002c8                SecureFault_Handler
                0x00000000080002c8                TIM3_IRQHandler
                0x00000000080002c8                RCC_IRQHandler
                0x00000000080002c8                TIM1_TRG_COM_IRQHandler
                0x00000000080002c8                Default_Handler
                0x00000000080002c8                GPDMA1_Channel8_IRQHandler
                0x00000000080002c8                FMAC_IRQHandler
                0x00000000080002c8                OTFDEC1_IRQHandler
                0x00000000080002c8                GPDMA1_Channel11_IRQHandler
                0x00000000080002c8                TIM7_IRQHandler
                0x00000000080002c8                SDMMC1_IRQHandler
                0x00000000080002c8                SAES_IRQHandler
                0x00000000080002c8                TIM5_IRQHandler
                0x00000000080002c8                UCPD1_IRQHandler
                0x00000000080002c8                GPDMA1_Channel0_IRQHandler
                0x00000000080002c8                TIM15_IRQHandler
                0x00000000080002c8                I2C3_EV_IRQHandler
                0x00000000080002c8                PVD_PVM_IRQHandler
                0x00000000080002c8                SPI2_IRQHandler
                0x00000000080002c8                LPDMA1_Channel1_IRQHandler
                0x00000000080002c8                EXTI14_IRQHandler
                0x00000000080002c8                EXTI11_IRQHandler
                0x00000000080002c8                OTFDEC2_IRQHandler
                0x00000000080002c8                CRS_IRQHandler
                0x00000000080002c8                GPDMA1_Channel14_IRQHandler
                0x00000000080002c8                LSECSSD_IRQHandler
                0x00000000080002c8                EXTI4_IRQHandler
                0x00000000080002c8                RTC_S_IRQHandler
                0x00000000080002c8                GPDMA1_Channel13_IRQHandler
                0x00000000080002c8                RNG_IRQHandler
                0x00000000080002c8                COMP_IRQHandler
                0x00000000080002c8                TIM1_UP_IRQHandler
                0x00000000080002c8                ADC4_IRQHandler
                0x00000000080002c8                WWDG_IRQHandler
                0x00000000080002c8                I2C4_EV_IRQHandler
                0x00000000080002c8                IWDG_IRQHandler
                0x00000000080002c8                LPUART1_IRQHandler
                0x00000000080002c8                MDF1_FLT0_IRQHandler
                0x00000000080002c8                FDCAN1_IT0_IRQHandler
                0x00000000080002c8                TIM2_IRQHandler
                0x00000000080002c8                GPDMA1_Channel4_IRQHandler
                0x00000000080002c8                EXTI7_IRQHandler
                0x00000000080002c8                DMA2D_IRQHandler
                0x00000000080002c8                TIM1_BRK_IRQHandler
                0x00000000080002c8                EXTI1_IRQHandler
                0x00000000080002c8                SDMMC2_IRQHandler
                0x00000000080002c8                AES_IRQHandler
                0x00000000080002c8                DAC1_IRQHandler
                0x00000000080002c8                GTZC_IRQHandler
                0x00000000080002c8                MDF1_FLT3_IRQHandler
                0x00000000080002c8                USART2_IRQHandler
                0x00000000080002c8                GPDMA1_Channel6_IRQHandler
                0x00000000080002c8                I2C2_ER_IRQHandler
                0x00000000080002c8                TIM8_BRK_IRQHandler
                0x00000000080002c8                FLASH_IRQHandler
                0x00000000080002c8                USART1_IRQHandler
                0x00000000080002c8                EXTI10_IRQHandler
                0x00000000080002c8                OTG_FS_IRQHandler
                0x00000000080002c8                SPI3_IRQHandler
                0x00000000080002c8                LPDMA1_Channel2_IRQHandler
                0x00000000080002c8                I2C1_ER_IRQHandler
                0x00000000080002c8                FMC_IRQHandler
                0x00000000080002c8                EXTI6_IRQHandler
                0x00000000080002c8                LPTIM1_IRQHandler
                0x00000000080002c8                DCMI_PSSI_IRQHandler
                0x00000000080002c8                I2C4_ER_IRQHandler
                0x00000000080002c8                GPDMA1_Channel10_IRQHandler
                0x00000000080002c8                ICACHE_IRQHandler
                0x00000000080002c8                SAI1_IRQHandler
                0x00000000080002c8                EXTI2_IRQHandler
 *fill*         0x00000000080002ca        0x2 
 .text.MX_MDFQueue_Config
                0x00000000080002cc       0xa0 ./Application/User/linked_list.o
                0x00000000080002cc                MX_MDFQueue_Config
 .text.main     0x000000000800036c       0x78 ./Application/User/main.o
                0x000000000800036c                main
 .text.SystemClock_Config
                0x00000000080003e4       0xc2 ./Application/User/main.o
                0x00000000080003e4                SystemClock_Config
 .text.SystemPower_Config
                0x00000000080004a6       0x1c ./Application/User/main.o
 *fill*         0x00000000080004c2        0x2 
 .text.MX_ADF1_Init
                0x00000000080004c4       0xf4 ./Application/User/main.o
 .text.MX_ICACHE_Init
                0x00000000080005b8       0x26 ./Application/User/main.o
 *fill*         0x00000000080005de        0x2 
 .text.MX_LPDMA1_Init
                0x00000000080005e0       0x94 ./Application/User/main.o
 .text.MX_GPIO_Init
                0x0000000008000674       0x34 ./Application/User/main.o
 .text.MDF_DMAConfig
                0x00000000080006a8       0x2c ./Application/User/main.o
 .text.EnterLowPowerMode
                0x00000000080006d4       0x38 ./Application/User/main.o
 .text.HAL_MDF_SadCallback
                0x000000000800070c       0x16 ./Application/User/main.o
                0x000000000800070c                HAL_MDF_SadCallback
 .text.Error_Handler
                0x0000000008000722        0xa ./Application/User/main.o
                0x0000000008000722                Error_Handler
 .text.HAL_MspInit
                0x000000000800072c       0x34 ./Application/User/stm32u5xx_hal_msp.o
                0x000000000800072c                HAL_MspInit
 .text.HAL_MDF_MspInit
                0x0000000008000760      0x138 ./Application/User/stm32u5xx_hal_msp.o
                0x0000000008000760                HAL_MDF_MspInit
 .text.NMI_Handler
                0x0000000008000898        0x6 ./Application/User/stm32u5xx_it.o
                0x0000000008000898                NMI_Handler
 .text.HardFault_Handler
                0x000000000800089e        0x6 ./Application/User/stm32u5xx_it.o
                0x000000000800089e                HardFault_Handler
 .text.MemManage_Handler
                0x00000000080008a4        0x6 ./Application/User/stm32u5xx_it.o
                0x00000000080008a4                MemManage_Handler
 .text.BusFault_Handler
                0x00000000080008aa        0x6 ./Application/User/stm32u5xx_it.o
                0x00000000080008aa                BusFault_Handler
 .text.UsageFault_Handler
                0x00000000080008b0        0x6 ./Application/User/stm32u5xx_it.o
                0x00000000080008b0                UsageFault_Handler
 .text.SVC_Handler
                0x00000000080008b6        0xe ./Application/User/stm32u5xx_it.o
                0x00000000080008b6                SVC_Handler
 .text.DebugMon_Handler
                0x00000000080008c4        0xe ./Application/User/stm32u5xx_it.o
                0x00000000080008c4                DebugMon_Handler
 .text.PendSV_Handler
                0x00000000080008d2        0xe ./Application/User/stm32u5xx_it.o
                0x00000000080008d2                PendSV_Handler
 .text.SysTick_Handler
                0x00000000080008e0        0xc ./Application/User/stm32u5xx_it.o
                0x00000000080008e0                SysTick_Handler
 .text.ADF1_IRQHandler
                0x00000000080008ec       0x14 ./Application/User/stm32u5xx_it.o
                0x00000000080008ec                ADF1_IRQHandler
 .text.LPDMA1_Channel0_IRQHandler
                0x0000000008000900       0x14 ./Application/User/stm32u5xx_it.o
                0x0000000008000900                LPDMA1_Channel0_IRQHandler
 .text.BSP_LED_Init
                0x0000000008000914       0xa4 ./Drivers/BSP/B-U585I-IOT02A/b_u585i_iot02a.o
                0x0000000008000914                BSP_LED_Init
 .text.BSP_LED_Toggle
                0x00000000080009b8       0x3c ./Drivers/BSP/B-U585I-IOT02A/b_u585i_iot02a.o
                0x00000000080009b8                BSP_LED_Toggle
 .text.SystemInit
                0x00000000080009f4       0x70 ./Drivers/CMSIS/system_stm32u5xx.o
                0x00000000080009f4                SystemInit
 .text.HAL_Init
                0x0000000008000a64       0x5c ./Drivers/STM32U5xx_HAL_Driver/stm32u5xx_hal.o
                0x0000000008000a64                HAL_Init
 .text.HAL_InitTick
                0x0000000008000ac0       0x6c ./Drivers/STM32U5xx_HAL_Driver/stm32u5xx_hal.o
                0x0000000008000ac0                HAL_InitTick
 .text.HAL_IncTick
                0x0000000008000b2c       0x28 ./Drivers/STM32U5xx_HAL_Driver/stm32u5xx_hal.o
                0x0000000008000b2c                HAL_IncTick
 .text.HAL_GetTick
                0x0000000008000b54       0x18 ./Drivers/STM32U5xx_HAL_Driver/stm32u5xx_hal.o
                0x0000000008000b54                HAL_GetTick
 .text.__NVIC_SetPriorityGrouping
                0x0000000008000b6c       0x48 ./Drivers/STM32U5xx_HAL_Driver/stm32u5xx_hal_cortex.o
 .text.__NVIC_GetPriorityGrouping
                0x0000000008000bb4       0x1c ./Drivers/STM32U5xx_HAL_Driver/stm32u5xx_hal_cortex.o
 .text.__NVIC_EnableIRQ
                0x0000000008000bd0       0x3c ./Drivers/STM32U5xx_HAL_Driver/stm32u5xx_hal_cortex.o
 .text.__NVIC_SetPriority
                0x0000000008000c0c       0x54 ./Drivers/STM32U5xx_HAL_Driver/stm32u5xx_hal_cortex.o
 .text.NVIC_EncodePriority
                0x0000000008000c60       0x66 ./Drivers/STM32U5xx_HAL_Driver/stm32u5xx_hal_cortex.o
 *fill*         0x0000000008000cc6        0x2 
 .text.SysTick_Config
                0x0000000008000cc8       0x44 ./Drivers/STM32U5xx_HAL_Driver/stm32u5xx_hal_cortex.o
 .text.HAL_NVIC_SetPriorityGrouping
                0x0000000008000d0c       0x16 ./Drivers/STM32U5xx_HAL_Driver/stm32u5xx_hal_cortex.o
                0x0000000008000d0c                HAL_NVIC_SetPriorityGrouping
 .text.HAL_NVIC_SetPriority
                0x0000000008000d22       0x34 ./Drivers/STM32U5xx_HAL_Driver/stm32u5xx_hal_cortex.o
                0x0000000008000d22                HAL_NVIC_SetPriority
 .text.HAL_NVIC_EnableIRQ
                0x0000000008000d56       0x1c ./Drivers/STM32U5xx_HAL_Driver/stm32u5xx_hal_cortex.o
                0x0000000008000d56                HAL_NVIC_EnableIRQ
 .text.HAL_SYSTICK_Config
                0x0000000008000d72       0x18 ./Drivers/STM32U5xx_HAL_Driver/stm32u5xx_hal_cortex.o
                0x0000000008000d72                HAL_SYSTICK_Config
 .text.HAL_DMA_Start_IT
                0x0000000008000d8a       0xc0 ./Drivers/STM32U5xx_HAL_Driver/stm32u5xx_hal_dma.o
                0x0000000008000d8a                HAL_DMA_Start_IT
 .text.HAL_DMA_IRQHandler
                0x0000000008000e4a      0x2f8 ./Drivers/STM32U5xx_HAL_Driver/stm32u5xx_hal_dma.o
                0x0000000008000e4a                HAL_DMA_IRQHandler
 .text.HAL_DMA_ConfigChannelAttributes
                0x0000000008001142       0x78 ./Drivers/STM32U5xx_HAL_Driver/stm32u5xx_hal_dma.o
                0x0000000008001142                HAL_DMA_ConfigChannelAttributes
 .text.DMA_SetConfig
                0x00000000080011ba       0x4a ./Drivers/STM32U5xx_HAL_Driver/stm32u5xx_hal_dma.o
 .text.HAL_DMAEx_List_Init
                0x0000000008001204      0x258 ./Drivers/STM32U5xx_HAL_Driver/stm32u5xx_hal_dma_ex.o
                0x0000000008001204                HAL_DMAEx_List_Init
 .text.HAL_DMAEx_List_Start_IT
                0x000000000800145c      0x128 ./Drivers/STM32U5xx_HAL_Driver/stm32u5xx_hal_dma_ex.o
                0x000000000800145c                HAL_DMAEx_List_Start_IT
 .text.HAL_DMAEx_List_BuildNode
                0x0000000008001584       0x2c ./Drivers/STM32U5xx_HAL_Driver/stm32u5xx_hal_dma_ex.o
                0x0000000008001584                HAL_DMAEx_List_BuildNode
 .text.HAL_DMAEx_List_InsertNode_Tail
                0x00000000080015b0       0xf0 ./Drivers/STM32U5xx_HAL_Driver/stm32u5xx_hal_dma_ex.o
                0x00000000080015b0                HAL_DMAEx_List_InsertNode_Tail
 .text.HAL_DMAEx_List_SetCircularMode
                0x00000000080016a0       0xc0 ./Drivers/STM32U5xx_HAL_Driver/stm32u5xx_hal_dma_ex.o
                0x00000000080016a0                HAL_DMAEx_List_SetCircularMode
 .text.HAL_DMAEx_List_LinkQ
                0x0000000008001760      0x12c ./Drivers/STM32U5xx_HAL_Driver/stm32u5xx_hal_dma_ex.o
                0x0000000008001760                HAL_DMAEx_List_LinkQ
 .text.DMA_List_Init
                0x000000000800188c      0x2b0 ./Drivers/STM32U5xx_HAL_Driver/stm32u5xx_hal_dma_ex.o
 .text.DMA_List_BuildNode
                0x0000000008001b3c      0x2a4 ./Drivers/STM32U5xx_HAL_Driver/stm32u5xx_hal_dma_ex.o
 .text.DMA_List_CheckNodesBaseAddresses
                0x0000000008001de0       0x60 ./Drivers/STM32U5xx_HAL_Driver/stm32u5xx_hal_dma_ex.o
 .text.DMA_List_CheckNodesTypes
                0x0000000008001e40       0x78 ./Drivers/STM32U5xx_HAL_Driver/stm32u5xx_hal_dma_ex.o
 .text.DMA_List_GetCLLRNodeInfo
                0x0000000008001eb8       0x60 ./Drivers/STM32U5xx_HAL_Driver/stm32u5xx_hal_dma_ex.o
 .text.DMA_List_FindNode
                0x0000000008001f18      0x13e ./Drivers/STM32U5xx_HAL_Driver/stm32u5xx_hal_dma_ex.o
 *fill*         0x0000000008002056        0x2 
 .text.HAL_GPIO_Init
                0x0000000008002058      0x3b0 ./Drivers/STM32U5xx_HAL_Driver/stm32u5xx_hal_gpio.o
                0x0000000008002058                HAL_GPIO_Init
 .text.HAL_GPIO_WritePin
                0x0000000008002408       0x30 ./Drivers/STM32U5xx_HAL_Driver/stm32u5xx_hal_gpio.o
                0x0000000008002408                HAL_GPIO_WritePin
 .text.HAL_GPIO_TogglePin
                0x0000000008002438       0x34 ./Drivers/STM32U5xx_HAL_Driver/stm32u5xx_hal_gpio.o
                0x0000000008002438                HAL_GPIO_TogglePin
 .text.HAL_ICACHE_ConfigAssociativityMode
                0x000000000800246c       0x40 ./Drivers/STM32U5xx_HAL_Driver/stm32u5xx_hal_icache.o
                0x000000000800246c                HAL_ICACHE_ConfigAssociativityMode
 .text.HAL_ICACHE_Enable
                0x00000000080024ac       0x20 ./Drivers/STM32U5xx_HAL_Driver/stm32u5xx_hal_icache.o
                0x00000000080024ac                HAL_ICACHE_Enable
 .text.HAL_MDF_Init
                0x00000000080024cc      0x2b0 ./Drivers/STM32U5xx_HAL_Driver/stm32u5xx_hal_mdf.o
                0x00000000080024cc                HAL_MDF_Init
 .text.HAL_MDF_AcqStart_DMA
                0x000000000800277c      0x250 ./Drivers/STM32U5xx_HAL_Driver/stm32u5xx_hal_mdf.o
                0x000000000800277c                HAL_MDF_AcqStart_DMA
 .text.HAL_MDF_AcqCpltCallback
                0x00000000080029cc       0x14 ./Drivers/STM32U5xx_HAL_Driver/stm32u5xx_hal_mdf.o
                0x00000000080029cc                HAL_MDF_AcqCpltCallback
 .text.HAL_MDF_AcqHalfCpltCallback
                0x00000000080029e0       0x14 ./Drivers/STM32U5xx_HAL_Driver/stm32u5xx_hal_mdf.o
                0x00000000080029e0                HAL_MDF_AcqHalfCpltCallback
 .text.HAL_MDF_SndLvlCallback
                0x00000000080029f4       0x18 ./Drivers/STM32U5xx_HAL_Driver/stm32u5xx_hal_mdf.o
                0x00000000080029f4                HAL_MDF_SndLvlCallback
 .text.HAL_MDF_OldCallback
                0x0000000008002a0c       0x16 ./Drivers/STM32U5xx_HAL_Driver/stm32u5xx_hal_mdf.o
                0x0000000008002a0c                HAL_MDF_OldCallback
 .text.HAL_MDF_IRQHandler
                0x0000000008002a22      0x23a ./Drivers/STM32U5xx_HAL_Driver/stm32u5xx_hal_mdf.o
                0x0000000008002a22                HAL_MDF_IRQHandler
 .text.HAL_MDF_ErrorCallback
                0x0000000008002c5c       0x14 ./Drivers/STM32U5xx_HAL_Driver/stm32u5xx_hal_mdf.o
                0x0000000008002c5c                HAL_MDF_ErrorCallback
 .text.MDF_GetHandleNumberFromInstance
                0x0000000008002c70       0x88 ./Drivers/STM32U5xx_HAL_Driver/stm32u5xx_hal_mdf.o
 .text.MDF_AcqStart
                0x0000000008002cf8      0x34c ./Drivers/STM32U5xx_HAL_Driver/stm32u5xx_hal_mdf.o
 .text.MDF_DmaXferCpltCallback
                0x0000000008003044       0x2c ./Drivers/STM32U5xx_HAL_Driver/stm32u5xx_hal_mdf.o
 .text.MDF_DmaXferHalfCpltCallback
                0x0000000008003070       0x1c ./Drivers/STM32U5xx_HAL_Driver/stm32u5xx_hal_mdf.o
 .text.MDF_DmaErrorCallback
                0x000000000800308c       0x28 ./Drivers/STM32U5xx_HAL_Driver/stm32u5xx_hal_mdf.o
 .text.HAL_PWREx_ControlVoltageScaling
                0x00000000080030b4       0xfc ./Drivers/STM32U5xx_HAL_Driver/stm32u5xx_hal_pwr_ex.o
                0x00000000080030b4                HAL_PWREx_ControlVoltageScaling
 .text.HAL_PWREx_GetVoltageRange
                0x00000000080031b0       0x1c ./Drivers/STM32U5xx_HAL_Driver/stm32u5xx_hal_pwr_ex.o
                0x00000000080031b0                HAL_PWREx_GetVoltageRange
 .text.HAL_PWREx_ConfigSupply
                0x00000000080031cc       0xa0 ./Drivers/STM32U5xx_HAL_Driver/stm32u5xx_hal_pwr_ex.o
                0x00000000080031cc                HAL_PWREx_ConfigSupply
 .text.HAL_PWREx_EnterSTOP2Mode
                0x000000000800326c       0x58 ./Drivers/STM32U5xx_HAL_Driver/stm32u5xx_hal_pwr_ex.o
                0x000000000800326c                HAL_PWREx_EnterSTOP2Mode
 .text.HAL_PWREx_EnableVddIO2
                0x00000000080032c4       0x20 ./Drivers/STM32U5xx_HAL_Driver/stm32u5xx_hal_pwr_ex.o
                0x00000000080032c4                HAL_PWREx_EnableVddIO2
 .text.HAL_PWREx_EnableVddA
                0x00000000080032e4       0x20 ./Drivers/STM32U5xx_HAL_Driver/stm32u5xx_hal_pwr_ex.o
                0x00000000080032e4                HAL_PWREx_EnableVddA
 .text.HAL_PWREx_DisableUCPDDeadBattery
                0x0000000008003304       0x20 ./Drivers/STM32U5xx_HAL_Driver/stm32u5xx_hal_pwr_ex.o
                0x0000000008003304                HAL_PWREx_DisableUCPDDeadBattery
 .text.HAL_RCC_OscConfig
                0x0000000008003324      0xdb8 ./Drivers/STM32U5xx_HAL_Driver/stm32u5xx_hal_rcc.o
                0x0000000008003324                HAL_RCC_OscConfig
 .text.HAL_RCC_ClockConfig
                0x00000000080040dc      0x3e4 ./Drivers/STM32U5xx_HAL_Driver/stm32u5xx_hal_rcc.o
                0x00000000080040dc                HAL_RCC_ClockConfig
 .text.HAL_RCC_GetSysClockFreq
                0x00000000080044c0      0x204 ./Drivers/STM32U5xx_HAL_Driver/stm32u5xx_hal_rcc.o
                0x00000000080044c0                HAL_RCC_GetSysClockFreq
 .text.HAL_RCC_GetHCLKFreq
                0x00000000080046c4       0x34 ./Drivers/STM32U5xx_HAL_Driver/stm32u5xx_hal_rcc.o
                0x00000000080046c4                HAL_RCC_GetHCLKFreq
 .text.RCC_SetFlashLatencyFromMSIRange
                0x00000000080046f8      0x10c ./Drivers/STM32U5xx_HAL_Driver/stm32u5xx_hal_rcc.o
 .text.HAL_RCCEx_PeriphCLKConfig
                0x0000000008004804      0xb80 ./Drivers/STM32U5xx_HAL_Driver/stm32u5xx_hal_rcc_ex.o
                0x0000000008004804                HAL_RCCEx_PeriphCLKConfig
 .text.RCCEx_PLL2_Config
                0x0000000008005384      0x130 ./Drivers/STM32U5xx_HAL_Driver/stm32u5xx_hal_rcc_ex.o
 .text.RCCEx_PLL3_Config
                0x00000000080054b4      0x130 ./Drivers/STM32U5xx_HAL_Driver/stm32u5xx_hal_rcc_ex.o
 .text.memset   0x00000000080055e4       0x10 /Applications/STM32CubeIDE.app/Contents/Eclipse/plugins/com.st.stm32cube.ide.mcu.externaltools.gnu-tools-for-stm32.11.3.rel1.macos64_1.1.100.202310310803/tools/bin/../lib/gcc/arm-none-eabi/11.3.1/../../../../arm-none-eabi/lib/thumb/v8-m.main+fp/hard/libc_nano.a(libc_a-memset.o)
                0x00000000080055e4                memset
 .text.__libc_init_array
                0x00000000080055f4       0x48 /Applications/STM32CubeIDE.app/Contents/Eclipse/plugins/com.st.stm32cube.ide.mcu.externaltools.gnu-tools-for-stm32.11.3.rel1.macos64_1.1.100.202310310803/tools/bin/../lib/gcc/arm-none-eabi/11.3.1/../../../../arm-none-eabi/lib/thumb/v8-m.main+fp/hard/libc_nano.a(libc_a-init.o)
                0x00000000080055f4                __libc_init_array
 *(.glue_7)
 .glue_7        0x000000000800563c        0x0 linker stubs
 *(.glue_7t)
 .glue_7t       0x000000000800563c        0x0 linker stubs
 *(.eh_frame)
 .eh_frame      0x000000000800563c        0x0 /Applications/STM32CubeIDE.app/Contents/Eclipse/plugins/com.st.stm32cube.ide.mcu.externaltools.gnu-tools-for-stm32.11.3.rel1.macos64_1.1.100.202310310803/tools/bin/../lib/gcc/arm-none-eabi/11.3.1/thumb/v8-m.main+fp/hard/crtbegin.o
 *(.init)
 .init          0x000000000800563c        0x4 /Applications/STM32CubeIDE.app/Contents/Eclipse/plugins/com.st.stm32cube.ide.mcu.externaltools.gnu-tools-for-stm32.11.3.rel1.macos64_1.1.100.202310310803/tools/bin/../lib/gcc/arm-none-eabi/11.3.1/thumb/v8-m.main+fp/hard/crti.o
                0x000000000800563c                _init
 .init          0x0000000008005640        0x8 /Applications/STM32CubeIDE.app/Contents/Eclipse/plugins/com.st.stm32cube.ide.mcu.externaltools.gnu-tools-for-stm32.11.3.rel1.macos64_1.1.100.202310310803/tools/bin/../lib/gcc/arm-none-eabi/11.3.1/thumb/v8-m.main+fp/hard/crtn.o
 *(.fini)
 .fini          0x0000000008005648        0x4 /Applications/STM32CubeIDE.app/Contents/Eclipse/plugins/com.st.stm32cube.ide.mcu.externaltools.gnu-tools-for-stm32.11.3.rel1.macos64_1.1.100.202310310803/tools/bin/../lib/gcc/arm-none-eabi/11.3.1/thumb/v8-m.main+fp/hard/crti.o
                0x0000000008005648                _fini
 .fini          0x000000000800564c        0x8 /Applications/STM32CubeIDE.app/Contents/Eclipse/plugins/com.st.stm32cube.ide.mcu.externaltools.gnu-tools-for-stm32.11.3.rel1.macos64_1.1.100.202310310803/tools/bin/../lib/gcc/arm-none-eabi/11.3.1/thumb/v8-m.main+fp/hard/crtn.o
                0x0000000008005654                _etext = .

.vfp11_veneer   0x0000000008005654        0x0
 .vfp11_veneer  0x0000000008005654        0x0 linker stubs

.v4_bx          0x0000000008005654        0x0
 .v4_bx         0x0000000008005654        0x0 linker stubs

.iplt           0x0000000008005654        0x0
 .iplt          0x0000000008005654        0x0 /Applications/STM32CubeIDE.app/Contents/Eclipse/plugins/com.st.stm32cube.ide.mcu.externaltools.gnu-tools-for-stm32.11.3.rel1.macos64_1.1.100.202310310803/tools/bin/../lib/gcc/arm-none-eabi/11.3.1/thumb/v8-m.main+fp/hard/crtbegin.o

.rodata         0x0000000008005654       0xd8
 *(.rodata)
 *(.rodata*)
 .rodata.LED_PIN
                0x0000000008005654        0x8 ./Drivers/BSP/B-U585I-IOT02A/b_u585i_iot02a.o
 .rodata.AHBPrescTable
                0x000000000800565c       0x10 ./Drivers/CMSIS/system_stm32u5xx.o
                0x000000000800565c                AHBPrescTable
 .rodata.MSIRangeTable
                0x000000000800566c       0x40 ./Drivers/CMSIS/system_stm32u5xx.o
                0x000000000800566c                MSIRangeTable
 .rodata.LPGPIO_Map
                0x00000000080056ac       0x80 ./Drivers/STM32U5xx_HAL_Driver/stm32u5xx_hal_gpio.o

.rel.dyn        0x000000000800572c        0x0
 .rel.iplt      0x000000000800572c        0x0 /Applications/STM32CubeIDE.app/Contents/Eclipse/plugins/com.st.stm32cube.ide.mcu.externaltools.gnu-tools-for-stm32.11.3.rel1.macos64_1.1.100.202310310803/tools/bin/../lib/gcc/arm-none-eabi/11.3.1/thumb/v8-m.main+fp/hard/crtbegin.o

.ARM.extab
 *(.ARM.extab* .gnu.linkonce.armextab.*)

.ARM            0x000000000800572c        0x0
                0x000000000800572c                __exidx_start = .
 *(.ARM.exidx*)
                0x000000000800572c                __exidx_end = .

.preinit_array  0x000000000800572c        0x0
                0x000000000800572c                PROVIDE (__preinit_array_start = .)
 *(.preinit_array*)
                0x000000000800572c                PROVIDE (__preinit_array_end = .)

.init_array     0x000000000800572c        0x4
                0x000000000800572c                PROVIDE (__init_array_start = .)
 *(SORT_BY_NAME(.init_array.*))
 *(.init_array*)
 .init_array    0x000000000800572c        0x4 /Applications/STM32CubeIDE.app/Contents/Eclipse/plugins/com.st.stm32cube.ide.mcu.externaltools.gnu-tools-for-stm32.11.3.rel1.macos64_1.1.100.202310310803/tools/bin/../lib/gcc/arm-none-eabi/11.3.1/thumb/v8-m.main+fp/hard/crtbegin.o
                0x0000000008005730                PROVIDE (__init_array_end = .)

.fini_array     0x0000000008005730        0x4
                [!provide]                        PROVIDE (__fini_array_start = .)
 *(SORT_BY_NAME(.fini_array.*))
 *(.fini_array*)
 .fini_array    0x0000000008005730        0x4 /Applications/STM32CubeIDE.app/Contents/Eclipse/plugins/com.st.stm32cube.ide.mcu.externaltools.gnu-tools-for-stm32.11.3.rel1.macos64_1.1.100.202310310803/tools/bin/../lib/gcc/arm-none-eabi/11.3.1/thumb/v8-m.main+fp/hard/crtbegin.o
                [!provide]                        PROVIDE (__fini_array_end = .)
                0x0000000008005734                _sidata = LOADADDR (.data)

.data           0x0000000020000000       0x11 load address 0x0000000008005734
                0x0000000020000000                _sdata = .
 *(.data)
 *(.data*)
 .data.LED_PORT
                0x0000000020000000        0x8 ./Drivers/BSP/B-U585I-IOT02A/b_u585i_iot02a.o
 .data.SystemCoreClock
                0x0000000020000008        0x4 ./Drivers/CMSIS/system_stm32u5xx.o
                0x0000000020000008                SystemCoreClock
 .data.uwTickPrio
                0x000000002000000c        0x4 ./Drivers/STM32U5xx_HAL_Driver/stm32u5xx_hal.o
                0x000000002000000c                uwTickPrio
 .data.uwTickFreq
                0x0000000020000010        0x1 ./Drivers/STM32U5xx_HAL_Driver/stm32u5xx_hal.o
                0x0000000020000010                uwTickFreq
 *(.RamFunc)
 *(.RamFunc*)
                0x0000000020000011                _edata = .

.igot.plt       0x0000000020000014        0x0 load address 0x0000000008005745
 .igot.plt      0x0000000020000014        0x0 /Applications/STM32CubeIDE.app/Contents/Eclipse/plugins/com.st.stm32cube.ide.mcu.externaltools.gnu-tools-for-stm32.11.3.rel1.macos64_1.1.100.202310310803/tools/bin/../lib/gcc/arm-none-eabi/11.3.1/thumb/v8-m.main+fp/hard/crtbegin.o

.bss            0x0000000020000014     0x11c4 load address 0x0000000008005745
                0x0000000020000014                _sbss = .
                0x0000000020000014                __bss_start__ = _sbss
 *(.bss)
 .bss           0x0000000020000014       0x1c /Applications/STM32CubeIDE.app/Contents/Eclipse/plugins/com.st.stm32cube.ide.mcu.externaltools.gnu-tools-for-stm32.11.3.rel1.macos64_1.1.100.202310310803/tools/bin/../lib/gcc/arm-none-eabi/11.3.1/thumb/v8-m.main+fp/hard/crtbegin.o
 *(.bss*)
 .bss.MDFNode   0x0000000020000030       0x24 ./Application/User/linked_list.o
                0x0000000020000030                MDFNode
 .bss.MDFQueue  0x0000000020000054       0x18 ./Application/User/linked_list.o
                0x0000000020000054                MDFQueue
 .bss.AdfHandle0
                0x000000002000006c       0x44 ./Application/User/main.o
                0x000000002000006c                AdfHandle0
 .bss.AdfFilterConfig0
                0x00000000200000b0       0x7c ./Application/User/main.o
                0x00000000200000b0                AdfFilterConfig0
 .bss.handle_LPDMA1_Channel0
                0x000000002000012c       0x78 ./Application/User/main.o
                0x000000002000012c                handle_LPDMA1_Channel0
 .bss.DMAConfig
                0x00000000200001a4        0xc ./Application/User/main.o
                0x00000000200001a4                DMAConfig
 .bss.RecBuff   0x00000000200001b0     0x1000 ./Application/User/main.o
                0x00000000200001b0                RecBuff
 .bss.uwTick    0x00000000200011b0        0x4 ./Drivers/STM32U5xx_HAL_Driver/stm32u5xx_hal.o
                0x00000000200011b0                uwTick
 .bss.v_mdf1InstanceCounter
                0x00000000200011b4        0x4 ./Drivers/STM32U5xx_HAL_Driver/stm32u5xx_hal_mdf.o
 .bss.v_adf1InstanceCounter
                0x00000000200011b8        0x4 ./Drivers/STM32U5xx_HAL_Driver/stm32u5xx_hal_mdf.o
 .bss.a_mdfHandle
                0x00000000200011bc       0x1c ./Drivers/STM32U5xx_HAL_Driver/stm32u5xx_hal_mdf.o
 *(COMMON)
                0x00000000200011d8                _ebss = .
                0x00000000200011d8                __bss_end__ = _ebss

._user_heap_stack
                0x00000000200011d8      0x600 load address 0x0000000008005745
                0x00000000200011d8                . = ALIGN (0x8)
                [!provide]                        PROVIDE (end = .)
                0x00000000200011d8                PROVIDE (_end = .)
                0x00000000200013d8                . = (. + _Min_Heap_Size)
 *fill*         0x00000000200011d8      0x200 
                0x00000000200017d8                . = (. + _Min_Stack_Size)
 *fill*         0x00000000200013d8      0x400 
                0x00000000200017d8                . = ALIGN (0x8)

/DISCARD/
 libc.a(*)
 libm.a(*)
 libgcc.a(*)

.ARM.attributes
                0x0000000000000000       0x36
 *(.ARM.attributes)
 .ARM.attributes
                0x0000000000000000       0x22 /Applications/STM32CubeIDE.app/Contents/Eclipse/plugins/com.st.stm32cube.ide.mcu.externaltools.gnu-tools-for-stm32.11.3.rel1.macos64_1.1.100.202310310803/tools/bin/../lib/gcc/arm-none-eabi/11.3.1/thumb/v8-m.main+fp/hard/crti.o
 .ARM.attributes
                0x0000000000000022       0x38 /Applications/STM32CubeIDE.app/Contents/Eclipse/plugins/com.st.stm32cube.ide.mcu.externaltools.gnu-tools-for-stm32.11.3.rel1.macos64_1.1.100.202310310803/tools/bin/../lib/gcc/arm-none-eabi/11.3.1/thumb/v8-m.main+fp/hard/crtbegin.o
 .ARM.attributes
                0x000000000000005a       0x24 ./Application/Startup/startup_stm32u585aiix.o
 .ARM.attributes
                0x000000000000007e       0x3a ./Application/User/linked_list.o
 .ARM.attributes
                0x00000000000000b8       0x3a ./Application/User/main.o
 .ARM.attributes
                0x00000000000000f2       0x3a ./Application/User/stm32u5xx_hal_msp.o
 .ARM.attributes
                0x000000000000012c       0x3a ./Application/User/stm32u5xx_it.o
 .ARM.attributes
                0x0000000000000166       0x3a ./Drivers/BSP/B-U585I-IOT02A/b_u585i_iot02a.o
 .ARM.attributes
                0x00000000000001a0       0x3a ./Drivers/CMSIS/system_stm32u5xx.o
 .ARM.attributes
                0x00000000000001da       0x3a ./Drivers/STM32U5xx_HAL_Driver/stm32u5xx_hal.o
 .ARM.attributes
                0x0000000000000214       0x3a ./Drivers/STM32U5xx_HAL_Driver/stm32u5xx_hal_cortex.o
 .ARM.attributes
                0x000000000000024e       0x3a ./Drivers/STM32U5xx_HAL_Driver/stm32u5xx_hal_dma.o
 .ARM.attributes
                0x0000000000000288       0x3a ./Drivers/STM32U5xx_HAL_Driver/stm32u5xx_hal_dma_ex.o
 .ARM.attributes
                0x00000000000002c2       0x3a ./Drivers/STM32U5xx_HAL_Driver/stm32u5xx_hal_gpio.o
 .ARM.attributes
                0x00000000000002fc       0x3a ./Drivers/STM32U5xx_HAL_Driver/stm32u5xx_hal_icache.o
 .ARM.attributes
                0x0000000000000336       0x3a ./Drivers/STM32U5xx_HAL_Driver/stm32u5xx_hal_mdf.o
 .ARM.attributes
                0x0000000000000370       0x3a ./Drivers/STM32U5xx_HAL_Driver/stm32u5xx_hal_pwr_ex.o
 .ARM.attributes
                0x00000000000003aa       0x3a ./Drivers/STM32U5xx_HAL_Driver/stm32u5xx_hal_rcc.o
 .ARM.attributes
                0x00000000000003e4       0x3a ./Drivers/STM32U5xx_HAL_Driver/stm32u5xx_hal_rcc_ex.o
 .ARM.attributes
                0x000000000000041e       0x38 /Applications/STM32CubeIDE.app/Contents/Eclipse/plugins/com.st.stm32cube.ide.mcu.externaltools.gnu-tools-for-stm32.11.3.rel1.macos64_1.1.100.202310310803/tools/bin/../lib/gcc/arm-none-eabi/11.3.1/../../../../arm-none-eabi/lib/thumb/v8-m.main+fp/hard/libc_nano.a(libc_a-memset.o)
 .ARM.attributes
                0x0000000000000456       0x38 /Applications/STM32CubeIDE.app/Contents/Eclipse/plugins/com.st.stm32cube.ide.mcu.externaltools.gnu-tools-for-stm32.11.3.rel1.macos64_1.1.100.202310310803/tools/bin/../lib/gcc/arm-none-eabi/11.3.1/../../../../arm-none-eabi/lib/thumb/v8-m.main+fp/hard/libc_nano.a(libc_a-init.o)
 .ARM.attributes
                0x000000000000048e       0x22 /Applications/STM32CubeIDE.app/Contents/Eclipse/plugins/com.st.stm32cube.ide.mcu.externaltools.gnu-tools-for-stm32.11.3.rel1.macos64_1.1.100.202310310803/tools/bin/../lib/gcc/arm-none-eabi/11.3.1/thumb/v8-m.main+fp/hard/crtn.o
OUTPUT(ADF_AudioSoundDetector.elf elf32-littlearm)
LOAD linker stubs
LOAD /Applications/STM32CubeIDE.app/Contents/Eclipse/plugins/com.st.stm32cube.ide.mcu.externaltools.gnu-tools-for-stm32.11.3.rel1.macos64_1.1.100.202310310803/tools/bin/../lib/gcc/arm-none-eabi/11.3.1/../../../../arm-none-eabi/lib/thumb/v8-m.main+fp/hard/libc.a
LOAD /Applications/STM32CubeIDE.app/Contents/Eclipse/plugins/com.st.stm32cube.ide.mcu.externaltools.gnu-tools-for-stm32.11.3.rel1.macos64_1.1.100.202310310803/tools/bin/../lib/gcc/arm-none-eabi/11.3.1/../../../../arm-none-eabi/lib/thumb/v8-m.main+fp/hard/libm.a
LOAD /Applications/STM32CubeIDE.app/Contents/Eclipse/plugins/com.st.stm32cube.ide.mcu.externaltools.gnu-tools-for-stm32.11.3.rel1.macos64_1.1.100.202310310803/tools/bin/../lib/gcc/arm-none-eabi/11.3.1/thumb/v8-m.main+fp/hard/libgcc.a

.comment        0x0000000000000000       0x43
 .comment       0x0000000000000000       0x43 /Applications/STM32CubeIDE.app/Contents/Eclipse/plugins/com.st.stm32cube.ide.mcu.externaltools.gnu-tools-for-stm32.11.3.rel1.macos64_1.1.100.202310310803/tools/bin/../lib/gcc/arm-none-eabi/11.3.1/thumb/v8-m.main+fp/hard/crtbegin.o
                                         0x44 (size before relaxing)
 .comment       0x0000000000000043       0x44 ./Application/User/linked_list.o
 .comment       0x0000000000000043       0x44 ./Application/User/main.o
 .comment       0x0000000000000043       0x44 ./Application/User/stm32u5xx_hal_msp.o
 .comment       0x0000000000000043       0x44 ./Application/User/stm32u5xx_it.o
 .comment       0x0000000000000043       0x44 ./Drivers/BSP/B-U585I-IOT02A/b_u585i_iot02a.o
 .comment       0x0000000000000043       0x44 ./Drivers/CMSIS/system_stm32u5xx.o
 .comment       0x0000000000000043       0x44 ./Drivers/STM32U5xx_HAL_Driver/stm32u5xx_hal.o
 .comment       0x0000000000000043       0x44 ./Drivers/STM32U5xx_HAL_Driver/stm32u5xx_hal_cortex.o
 .comment       0x0000000000000043       0x44 ./Drivers/STM32U5xx_HAL_Driver/stm32u5xx_hal_dma.o
 .comment       0x0000000000000043       0x44 ./Drivers/STM32U5xx_HAL_Driver/stm32u5xx_hal_dma_ex.o
 .comment       0x0000000000000043       0x44 ./Drivers/STM32U5xx_HAL_Driver/stm32u5xx_hal_gpio.o
 .comment       0x0000000000000043       0x44 ./Drivers/STM32U5xx_HAL_Driver/stm32u5xx_hal_icache.o
 .comment       0x0000000000000043       0x44 ./Drivers/STM32U5xx_HAL_Driver/stm32u5xx_hal_mdf.o
 .comment       0x0000000000000043       0x44 ./Drivers/STM32U5xx_HAL_Driver/stm32u5xx_hal_pwr_ex.o
 .comment       0x0000000000000043       0x44 ./Drivers/STM32U5xx_HAL_Driver/stm32u5xx_hal_rcc.o
 .comment       0x0000000000000043       0x44 ./Drivers/STM32U5xx_HAL_Driver/stm32u5xx_hal_rcc_ex.o

.debug_line     0x0000000000000000    0x12929
 .debug_line    0x0000000000000000       0x79 ./Application/Startup/startup_stm32u585aiix.o
 .debug_line    0x0000000000000079      0xa7a ./Application/User/linked_list.o
 .debug_line    0x0000000000000af3      0xc52 ./Application/User/main.o
 .debug_line    0x0000000000001745      0xaa3 ./Application/User/stm32u5xx_hal_msp.o
 .debug_line    0x00000000000021e8      0xb26 ./Application/User/stm32u5xx_it.o
 .debug_line    0x0000000000002d0e      0xbde ./Drivers/BSP/B-U585I-IOT02A/b_u585i_iot02a.o
 .debug_line    0x00000000000038ec      0xa9d ./Drivers/CMSIS/system_stm32u5xx.o
 .debug_line    0x0000000000004389      0xd78 ./Drivers/STM32U5xx_HAL_Driver/stm32u5xx_hal.o
 .debug_line    0x0000000000005101      0xf9c ./Drivers/STM32U5xx_HAL_Driver/stm32u5xx_hal_cortex.o
 .debug_line    0x000000000000609d     0x139e ./Drivers/STM32U5xx_HAL_Driver/stm32u5xx_hal_dma.o
 .debug_line    0x000000000000743b     0x28e1 ./Drivers/STM32U5xx_HAL_Driver/stm32u5xx_hal_dma_ex.o
 .debug_line    0x0000000000009d1c      0xede ./Drivers/STM32U5xx_HAL_Driver/stm32u5xx_hal_gpio.o
 .debug_line    0x000000000000abfa      0xc58 ./Drivers/STM32U5xx_HAL_Driver/stm32u5xx_hal_icache.o
 .debug_line    0x000000000000b852     0x22d5 ./Drivers/STM32U5xx_HAL_Driver/stm32u5xx_hal_mdf.o
 .debug_line    0x000000000000db27     0x12f9 ./Drivers/STM32U5xx_HAL_Driver/stm32u5xx_hal_pwr_ex.o
 .debug_line    0x000000000000ee20     0x16ac ./Drivers/STM32U5xx_HAL_Driver/stm32u5xx_hal_rcc.o
 .debug_line    0x00000000000104cc     0x245d ./Drivers/STM32U5xx_HAL_Driver/stm32u5xx_hal_rcc_ex.o

.debug_line_str
                0x0000000000000000       0xb1
 .debug_line_str
                0x0000000000000000       0xb1 ./Application/Startup/startup_stm32u585aiix.o
                                         0xc9 (size before relaxing)

.debug_info     0x0000000000000000     0xfe07
 .debug_info    0x0000000000000000       0x23 ./Application/Startup/startup_stm32u585aiix.o
 .debug_info    0x0000000000000023      0x488 ./Application/User/linked_list.o
 .debug_info    0x00000000000004ab     0x1820 ./Application/User/main.o
 .debug_info    0x0000000000001ccb     0x150d ./Application/User/stm32u5xx_hal_msp.o
 .debug_info    0x00000000000031d8      0x907 ./Application/User/stm32u5xx_it.o
 .debug_info    0x0000000000003adf      0xf6d ./Drivers/BSP/B-U585I-IOT02A/b_u585i_iot02a.o
 .debug_info    0x0000000000004a4c      0x929 ./Drivers/CMSIS/system_stm32u5xx.o
 .debug_info    0x0000000000005375     0x11c9 ./Drivers/STM32U5xx_HAL_Driver/stm32u5xx_hal.o
 .debug_info    0x000000000000653e     0x15fe ./Drivers/STM32U5xx_HAL_Driver/stm32u5xx_hal_cortex.o
 .debug_info    0x0000000000007b3c      0xadc ./Drivers/STM32U5xx_HAL_Driver/stm32u5xx_hal_dma.o
 .debug_info    0x0000000000008618     0x1902 ./Drivers/STM32U5xx_HAL_Driver/stm32u5xx_hal_dma_ex.o
 .debug_info    0x0000000000009f1a      0x859 ./Drivers/STM32U5xx_HAL_Driver/stm32u5xx_hal_gpio.o
 .debug_info    0x000000000000a773      0x53a ./Drivers/STM32U5xx_HAL_Driver/stm32u5xx_hal_icache.o
 .debug_info    0x000000000000acad     0x1ba1 ./Drivers/STM32U5xx_HAL_Driver/stm32u5xx_hal_mdf.o
 .debug_info    0x000000000000c84e      0xe3e ./Drivers/STM32U5xx_HAL_Driver/stm32u5xx_hal_pwr_ex.o
 .debug_info    0x000000000000d68c     0x11f0 ./Drivers/STM32U5xx_HAL_Driver/stm32u5xx_hal_rcc.o
 .debug_info    0x000000000000e87c     0x158b ./Drivers/STM32U5xx_HAL_Driver/stm32u5xx_hal_rcc_ex.o

.debug_abbrev   0x0000000000000000     0x2421
 .debug_abbrev  0x0000000000000000       0x12 ./Application/Startup/startup_stm32u585aiix.o
 .debug_abbrev  0x0000000000000012      0x127 ./Application/User/linked_list.o
 .debug_abbrev  0x0000000000000139      0x35e ./Application/User/main.o
 .debug_abbrev  0x0000000000000497      0x229 ./Application/User/stm32u5xx_hal_msp.o
 .debug_abbrev  0x00000000000006c0      0x188 ./Application/User/stm32u5xx_it.o
 .debug_abbrev  0x0000000000000848      0x2dc ./Drivers/BSP/B-U585I-IOT02A/b_u585i_iot02a.o
 .debug_abbrev  0x0000000000000b24      0x129 ./Drivers/CMSIS/system_stm32u5xx.o
 .debug_abbrev  0x0000000000000c4d      0x292 ./Drivers/STM32U5xx_HAL_Driver/stm32u5xx_hal.o
 .debug_abbrev  0x0000000000000edf      0x30d ./Drivers/STM32U5xx_HAL_Driver/stm32u5xx_hal_cortex.o
 .debug_abbrev  0x00000000000011ec      0x1ff ./Drivers/STM32U5xx_HAL_Driver/stm32u5xx_hal_dma.o
 .debug_abbrev  0x00000000000013eb      0x21d ./Drivers/STM32U5xx_HAL_Driver/stm32u5xx_hal_dma_ex.o
 .debug_abbrev  0x0000000000001608      0x25a ./Drivers/STM32U5xx_HAL_Driver/stm32u5xx_hal_gpio.o
 .debug_abbrev  0x0000000000001862      0x23b ./Drivers/STM32U5xx_HAL_Driver/stm32u5xx_hal_icache.o
 .debug_abbrev  0x0000000000001a9d      0x267 ./Drivers/STM32U5xx_HAL_Driver/stm32u5xx_hal_mdf.o
 .debug_abbrev  0x0000000000001d04      0x215 ./Drivers/STM32U5xx_HAL_Driver/stm32u5xx_hal_pwr_ex.o
 .debug_abbrev  0x0000000000001f19      0x2cb ./Drivers/STM32U5xx_HAL_Driver/stm32u5xx_hal_rcc.o
 .debug_abbrev  0x00000000000021e4      0x23d ./Drivers/STM32U5xx_HAL_Driver/stm32u5xx_hal_rcc_ex.o

.debug_aranges  0x0000000000000000      0xd88
 .debug_aranges
                0x0000000000000000       0x28 ./Application/Startup/startup_stm32u585aiix.o
 .debug_aranges
                0x0000000000000028       0x20 ./Application/User/linked_list.o
 .debug_aranges
                0x0000000000000048       0x70 ./Application/User/main.o
 .debug_aranges
                0x00000000000000b8       0x30 ./Application/User/stm32u5xx_hal_msp.o
 .debug_aranges
                0x00000000000000e8       0x70 ./Application/User/stm32u5xx_it.o
 .debug_aranges
                0x0000000000000158       0x90 ./Drivers/BSP/B-U585I-IOT02A/b_u585i_iot02a.o
 .debug_aranges
                0x00000000000001e8       0x28 ./Drivers/CMSIS/system_stm32u5xx.o
 .debug_aranges
                0x0000000000000210      0x138 ./Drivers/STM32U5xx_HAL_Driver/stm32u5xx_hal.o
 .debug_aranges
                0x0000000000000348      0x130 ./Drivers/STM32U5xx_HAL_Driver/stm32u5xx_hal_cortex.o
 .debug_aranges
                0x0000000000000478       0xa0 ./Drivers/STM32U5xx_HAL_Driver/stm32u5xx_hal_dma.o
 .debug_aranges
                0x0000000000000518      0x1a0 ./Drivers/STM32U5xx_HAL_Driver/stm32u5xx_hal_dma_ex.o
 .debug_aranges
                0x00000000000006b8       0x78 ./Drivers/STM32U5xx_HAL_Driver/stm32u5xx_hal_gpio.o
 .debug_aranges
                0x0000000000000730       0xa8 ./Drivers/STM32U5xx_HAL_Driver/stm32u5xx_hal_icache.o
 .debug_aranges
                0x00000000000007d8      0x1a8 ./Drivers/STM32U5xx_HAL_Driver/stm32u5xx_hal_mdf.o
 .debug_aranges
                0x0000000000000980      0x200 ./Drivers/STM32U5xx_HAL_Driver/stm32u5xx_hal_pwr_ex.o
 .debug_aranges
                0x0000000000000b80       0xa8 ./Drivers/STM32U5xx_HAL_Driver/stm32u5xx_hal_rcc.o
 .debug_aranges
                0x0000000000000c28      0x160 ./Drivers/STM32U5xx_HAL_Driver/stm32u5xx_hal_rcc_ex.o

.debug_str      0x0000000000000000   0x15e49d
 .debug_str     0x0000000000000000       0xbd ./Application/Startup/startup_stm32u585aiix.o
 .debug_str     0x00000000000000bd   0x155d1e ./Application/User/linked_list.o
                                     0x156b95 (size before relaxing)
 .debug_str     0x0000000000155ddb     0x138c ./Application/User/main.o
                                     0x157e43 (size before relaxing)
 .debug_str     0x0000000000157167      0x4b7 ./Application/User/stm32u5xx_hal_msp.o
                                     0x157c24 (size before relaxing)
 .debug_str     0x000000000015761e      0x181 ./Application/User/stm32u5xx_it.o
                                     0x156ee8 (size before relaxing)
 .debug_str     0x000000000015779f      0x35c ./Drivers/BSP/B-U585I-IOT02A/b_u585i_iot02a.o
                                     0x157066 (size before relaxing)
 .debug_str     0x0000000000157afb      0x230 ./Drivers/CMSIS/system_stm32u5xx.o
                                     0x155e63 (size before relaxing)
 .debug_str     0x0000000000157d2b      0x788 ./Drivers/STM32U5xx_HAL_Driver/stm32u5xx_hal.o
                                     0x156c32 (size before relaxing)
 .debug_str     0x00000000001584b3      0x3c8 ./Drivers/STM32U5xx_HAL_Driver/stm32u5xx_hal_cortex.o
                                     0x156a43 (size before relaxing)
 .debug_str     0x000000000015887b      0x342 ./Drivers/STM32U5xx_HAL_Driver/stm32u5xx_hal_dma.o
                                     0x1561b0 (size before relaxing)
 .debug_str     0x0000000000158bbd      0x7b5 ./Drivers/STM32U5xx_HAL_Driver/stm32u5xx_hal_dma_ex.o
                                     0x15681c (size before relaxing)
 .debug_str     0x0000000000159372      0x2f1 ./Drivers/STM32U5xx_HAL_Driver/stm32u5xx_hal_gpio.o
                                     0x155e51 (size before relaxing)
 .debug_str     0x0000000000159663      0x6b5 ./Drivers/STM32U5xx_HAL_Driver/stm32u5xx_hal_icache.o
                                     0x15616f (size before relaxing)
 .debug_str     0x0000000000159d18      0x634 ./Drivers/STM32U5xx_HAL_Driver/stm32u5xx_hal_mdf.o
                                     0x156999 (size before relaxing)
 .debug_str     0x000000000015a34c      0x809 ./Drivers/STM32U5xx_HAL_Driver/stm32u5xx_hal_pwr_ex.o
                                     0x15656c (size before relaxing)
 .debug_str     0x000000000015ab55     0x1326 ./Drivers/STM32U5xx_HAL_Driver/stm32u5xx_hal_rcc.o
                                     0x157521 (size before relaxing)
 .debug_str     0x000000000015be7b     0x2622 ./Drivers/STM32U5xx_HAL_Driver/stm32u5xx_hal_rcc_ex.o
                                     0x158814 (size before relaxing)

.debug_rnglists
                0x0000000000000000      0xa49
 .debug_rnglists
                0x0000000000000000       0x19 ./Application/Startup/startup_stm32u585aiix.o
 .debug_rnglists
                0x0000000000000019       0x14 ./Application/User/linked_list.o
 .debug_rnglists
                0x000000000000002d       0x52 ./Application/User/main.o
 .debug_rnglists
                0x000000000000007f       0x20 ./Application/User/stm32u5xx_hal_msp.o
 .debug_rnglists
                0x000000000000009f       0x4f ./Application/User/stm32u5xx_it.o
 .debug_rnglists
                0x00000000000000ee       0x69 ./Drivers/BSP/B-U585I-IOT02A/b_u585i_iot02a.o
 .debug_rnglists
                0x0000000000000157       0x1a ./Drivers/CMSIS/system_stm32u5xx.o
 .debug_rnglists
                0x0000000000000171       0xe6 ./Drivers/STM32U5xx_HAL_Driver/stm32u5xx_hal.o
 .debug_rnglists
                0x0000000000000257       0xe0 ./Drivers/STM32U5xx_HAL_Driver/stm32u5xx_hal_cortex.o
 .debug_rnglists
                0x0000000000000337       0x7d ./Drivers/STM32U5xx_HAL_Driver/stm32u5xx_hal_dma.o
 .debug_rnglists
                0x00000000000003b4      0x155 ./Drivers/STM32U5xx_HAL_Driver/stm32u5xx_hal_dma_ex.o
 .debug_rnglists
                0x0000000000000509       0x5a ./Drivers/STM32U5xx_HAL_Driver/stm32u5xx_hal_gpio.o
 .debug_rnglists
                0x0000000000000563       0x7a ./Drivers/STM32U5xx_HAL_Driver/stm32u5xx_hal_icache.o
 .debug_rnglists
                0x00000000000005dd      0x154 ./Drivers/STM32U5xx_HAL_Driver/stm32u5xx_hal_mdf.o
 .debug_rnglists
                0x0000000000000731      0x186 ./Drivers/STM32U5xx_HAL_Driver/stm32u5xx_hal_pwr_ex.o
 .debug_rnglists
                0x00000000000008b7       0x7f ./Drivers/STM32U5xx_HAL_Driver/stm32u5xx_hal_rcc.o
 .debug_rnglists
                0x0000000000000936      0x113 ./Drivers/STM32U5xx_HAL_Driver/stm32u5xx_hal_rcc_ex.o

.debug_macro    0x0000000000000000    0x362a5
 .debug_macro   0x0000000000000000      0x31f ./Application/User/linked_list.o
 .debug_macro   0x000000000000031f      0xaae ./Application/User/linked_list.o
 .debug_macro   0x0000000000000dcd      0x204 ./Application/User/linked_list.o
 .debug_macro   0x0000000000000fd1       0x2e ./Application/User/linked_list.o
 .debug_macro   0x0000000000000fff       0x42 ./Application/User/linked_list.o
 .debug_macro   0x0000000000001041       0x22 ./Application/User/linked_list.o
 .debug_macro   0x0000000000001063       0x8e ./Application/User/linked_list.o
 .debug_macro   0x00000000000010f1       0x51 ./Application/User/linked_list.o
 .debug_macro   0x0000000000001142      0x103 ./Application/User/linked_list.o
 .debug_macro   0x0000000000001245       0x6a ./Application/User/linked_list.o
 .debug_macro   0x00000000000012af      0x1df ./Application/User/linked_list.o
 .debug_macro   0x000000000000148e       0x1c ./Application/User/linked_list.o
 .debug_macro   0x00000000000014aa       0x29 ./Application/User/linked_list.o
 .debug_macro   0x00000000000014d3       0xfb ./Application/User/linked_list.o
 .debug_macro   0x00000000000015ce     0x1685 ./Application/User/linked_list.o
 .debug_macro   0x0000000000002c53       0x5e ./Application/User/linked_list.o
 .debug_macro   0x0000000000002cb1    0x23906 ./Application/User/linked_list.o
 .debug_macro   0x00000000000265b7       0x6d ./Application/User/linked_list.o
 .debug_macro   0x0000000000026624     0x385e ./Application/User/linked_list.o
 .debug_macro   0x0000000000029e82      0x174 ./Application/User/linked_list.o
 .debug_macro   0x0000000000029ff6       0x61 ./Application/User/linked_list.o
 .debug_macro   0x000000000002a057       0x2a ./Application/User/linked_list.o
 .debug_macro   0x000000000002a081       0x43 ./Application/User/linked_list.o
 .debug_macro   0x000000000002a0c4       0x34 ./Application/User/linked_list.o
 .debug_macro   0x000000000002a0f8       0x16 ./Application/User/linked_list.o
 .debug_macro   0x000000000002a10e       0x43 ./Application/User/linked_list.o
 .debug_macro   0x000000000002a151       0x34 ./Application/User/linked_list.o
 .debug_macro   0x000000000002a185       0x10 ./Application/User/linked_list.o
 .debug_macro   0x000000000002a195       0x58 ./Application/User/linked_list.o
 .debug_macro   0x000000000002a1ed       0x8e ./Application/User/linked_list.o
 .debug_macro   0x000000000002a27b       0x1c ./Application/User/linked_list.o
 .debug_macro   0x000000000002a297      0x177 ./Application/User/linked_list.o
 .debug_macro   0x000000000002a40e      0x369 ./Application/User/linked_list.o
 .debug_macro   0x000000000002a777      0x19b ./Application/User/linked_list.o
 .debug_macro   0x000000000002a912       0x5d ./Application/User/linked_list.o
 .debug_macro   0x000000000002a96f     0x1bfd ./Application/User/linked_list.o
 .debug_macro   0x000000000002c56c      0x7ff ./Application/User/linked_list.o
 .debug_macro   0x000000000002cd6b      0x15f ./Application/User/linked_list.o
 .debug_macro   0x000000000002ceca      0x2aa ./Application/User/linked_list.o
 .debug_macro   0x000000000002d174       0xc8 ./Application/User/linked_list.o
 .debug_macro   0x000000000002d23c      0x5a5 ./Application/User/linked_list.o
 .debug_macro   0x000000000002d7e1      0x439 ./Application/User/linked_list.o
 .debug_macro   0x000000000002dc1a       0xd6 ./Application/User/linked_list.o
 .debug_macro   0x000000000002dcf0      0x1cd ./Application/User/linked_list.o
 .debug_macro   0x000000000002debd     0x1415 ./Application/User/linked_list.o
 .debug_macro   0x000000000002f2d2      0x950 ./Application/User/linked_list.o
 .debug_macro   0x000000000002fc22      0x2cd ./Application/User/linked_list.o
 .debug_macro   0x000000000002feef      0x432 ./Application/User/linked_list.o
 .debug_macro   0x0000000000030321       0x95 ./Application/User/linked_list.o
 .debug_macro   0x00000000000303b6      0x11c ./Application/User/linked_list.o
 .debug_macro   0x00000000000304d2      0x23a ./Application/User/linked_list.o
 .debug_macro   0x000000000003070c      0x123 ./Application/User/linked_list.o
 .debug_macro   0x000000000003082f       0xa5 ./Application/User/linked_list.o
 .debug_macro   0x00000000000308d4      0x517 ./Application/User/linked_list.o
 .debug_macro   0x0000000000030deb      0x4bf ./Application/User/linked_list.o
 .debug_macro   0x00000000000312aa      0x3ad ./Application/User/linked_list.o
 .debug_macro   0x0000000000031657       0x10 ./Application/User/linked_list.o
 .debug_macro   0x0000000000031667       0xe4 ./Application/User/linked_list.o
 .debug_macro   0x000000000003174b      0x5cf ./Application/User/linked_list.o
 .debug_macro   0x0000000000031d1a       0xee ./Application/User/linked_list.o
 .debug_macro   0x0000000000031e08       0xd6 ./Application/User/linked_list.o
 .debug_macro   0x0000000000031ede      0x677 ./Application/User/linked_list.o
 .debug_macro   0x0000000000032555      0x1a1 ./Application/User/linked_list.o
 .debug_macro   0x00000000000326f6      0x1c0 ./Application/User/linked_list.o
 .debug_macro   0x00000000000328b6      0x558 ./Application/User/linked_list.o
 .debug_macro   0x0000000000032e0e      0x361 ./Application/User/linked_list.o
 .debug_macro   0x000000000003316f       0x3a ./Application/User/linked_list.o
 .debug_macro   0x00000000000331a9       0xa0 ./Application/User/linked_list.o
 .debug_macro   0x0000000000033249       0xac ./Application/User/linked_list.o
 .debug_macro   0x00000000000332f5       0xbe ./Application/User/linked_list.o
 .debug_macro   0x00000000000333b3      0x323 ./Application/User/main.o
 .debug_macro   0x00000000000336d6      0x315 ./Application/User/stm32u5xx_hal_msp.o
 .debug_macro   0x00000000000339eb      0x31f ./Application/User/stm32u5xx_it.o
 .debug_macro   0x0000000000033d0a      0x302 ./Drivers/BSP/B-U585I-IOT02A/b_u585i_iot02a.o
 .debug_macro   0x000000000003400c       0x34 ./Drivers/BSP/B-U585I-IOT02A/b_u585i_iot02a.o
 .debug_macro   0x0000000000034040      0x2e2 ./Drivers/CMSIS/system_stm32u5xx.o
 .debug_macro   0x0000000000034322      0x2ff ./Drivers/STM32U5xx_HAL_Driver/stm32u5xx_hal.o
 .debug_macro   0x0000000000034621      0x2db ./Drivers/STM32U5xx_HAL_Driver/stm32u5xx_hal_cortex.o
 .debug_macro   0x00000000000348fc      0x2dc ./Drivers/STM32U5xx_HAL_Driver/stm32u5xx_hal_dma.o
 .debug_macro   0x0000000000034bd8      0x2dc ./Drivers/STM32U5xx_HAL_Driver/stm32u5xx_hal_dma_ex.o
 .debug_macro   0x0000000000034eb4      0x310 ./Drivers/STM32U5xx_HAL_Driver/stm32u5xx_hal_gpio.o
 .debug_macro   0x00000000000351c4      0x30b ./Drivers/STM32U5xx_HAL_Driver/stm32u5xx_hal_icache.o
 .debug_macro   0x00000000000354cf      0x2e3 ./Drivers/STM32U5xx_HAL_Driver/stm32u5xx_hal_mdf.o
 .debug_macro   0x00000000000357b2      0x306 ./Drivers/STM32U5xx_HAL_Driver/stm32u5xx_hal_pwr_ex.o
 .debug_macro   0x0000000000035ab8      0x3e1 ./Drivers/STM32U5xx_HAL_Driver/stm32u5xx_hal_rcc.o
 .debug_macro   0x0000000000035e99      0x40c ./Drivers/STM32U5xx_HAL_Driver/stm32u5xx_hal_rcc_ex.o

.debug_frame    0x0000000000000000     0x36e0
 .debug_frame   0x0000000000000000       0x34 ./Application/User/linked_list.o
 .debug_frame   0x0000000000000034      0x174 ./Application/User/main.o
 .debug_frame   0x00000000000001a8       0x84 ./Application/User/stm32u5xx_hal_msp.o
 .debug_frame   0x000000000000022c      0x13c ./Application/User/stm32u5xx_it.o
 .debug_frame   0x0000000000000368      0x21c ./Drivers/BSP/B-U585I-IOT02A/b_u585i_iot02a.o
 .debug_frame   0x0000000000000584       0x58 ./Drivers/CMSIS/system_stm32u5xx.o
 .debug_frame   0x00000000000005dc      0x4c0 ./Drivers/STM32U5xx_HAL_Driver/stm32u5xx_hal.o
 .debug_frame   0x0000000000000a9c      0x508 ./Drivers/STM32U5xx_HAL_Driver/stm32u5xx_hal_cortex.o
 .debug_frame   0x0000000000000fa4      0x2a0 ./Drivers/STM32U5xx_HAL_Driver/stm32u5xx_hal_dma.o
 .debug_frame   0x0000000000001244      0x754 ./Drivers/STM32U5xx_HAL_Driver/stm32u5xx_hal_dma_ex.o
 .debug_frame   0x0000000000001998      0x1ec ./Drivers/STM32U5xx_HAL_Driver/stm32u5xx_hal_gpio.o
 .debug_frame   0x0000000000001b84      0x29c ./Drivers/STM32U5xx_HAL_Driver/stm32u5xx_hal_icache.o
 .debug_frame   0x0000000000001e20      0x7a8 ./Drivers/STM32U5xx_HAL_Driver/stm32u5xx_hal_mdf.o
 .debug_frame   0x00000000000025c8      0x84c ./Drivers/STM32U5xx_HAL_Driver/stm32u5xx_hal_pwr_ex.o
 .debug_frame   0x0000000000002e14      0x28c ./Drivers/STM32U5xx_HAL_Driver/stm32u5xx_hal_rcc.o
 .debug_frame   0x00000000000030a0      0x5f4 ./Drivers/STM32U5xx_HAL_Driver/stm32u5xx_hal_rcc_ex.o
 .debug_frame   0x0000000000003694       0x20 /Applications/STM32CubeIDE.app/Contents/Eclipse/plugins/com.st.stm32cube.ide.mcu.externaltools.gnu-tools-for-stm32.11.3.rel1.macos64_1.1.100.202310310803/tools/bin/../lib/gcc/arm-none-eabi/11.3.1/../../../../arm-none-eabi/lib/thumb/v8-m.main+fp/hard/libc_nano.a(libc_a-memset.o)
 .debug_frame   0x00000000000036b4       0x2c /Applications/STM32CubeIDE.app/Contents/Eclipse/plugins/com.st.stm32cube.ide.mcu.externaltools.gnu-tools-for-stm32.11.3.rel1.macos64_1.1.100.202310310803/tools/bin/../lib/gcc/arm-none-eabi/11.3.1/../../../../arm-none-eabi/lib/thumb/v8-m.main+fp/hard/libc_nano.a(libc_a-init.o)
