/Users/AtomicOwner/Documents/UCLA/E96I/STM32CubeU5/Drivers/BSP/Components/mx_wifi/mx_wifi.c:78:18:MX_WIFI_RegisterBusIO	32	static
/Users/AtomicOwner/Documents/UCLA/E96I/STM32CubeU5/Drivers/BSP/Components/mx_wifi/mx_wifi.c:105:18:MX_WIFI_HardResetModule	24	static
/Users/AtomicOwner/Documents/UCLA/E96I/STM32CubeU5/Drivers/BSP/Components/mx_wifi/mx_wifi.c:129:18:MX_WIFI_SetTimeout	24	static
/Users/AtomicOwner/Documents/UCLA/E96I/STM32CubeU5/Drivers/BSP/Components/mx_wifi/mx_wifi.c:174:18:MX_WIFI_Init	64	static
/Users/AtomicOwner/Documents/UCLA/E96I/STM32CubeU5/Drivers/BSP/Components/mx_wifi/mx_wifi.c:274:18:MX_WIFI_DeInit	24	static
/Users/AtomicOwner/Documents/UCLA/E96I/STM32CubeU5/Drivers/BSP/Components/mx_wifi/mx_wifi.c:317:18:MX_WIFI_IO_YIELD	24	static
/Users/AtomicOwner/Documents/UCLA/E96I/STM32CubeU5/Drivers/BSP/Components/mx_wifi/mx_wifi.c:328:18:MX_WIFI_ResetModule	32	static
/Users/AtomicOwner/Documents/UCLA/E96I/STM32CubeU5/Drivers/BSP/Components/mx_wifi/mx_wifi.c:346:18:MX_WIFI_ResetToFactoryDefault	32	static
/Users/AtomicOwner/Documents/UCLA/E96I/STM32CubeU5/Drivers/BSP/Components/mx_wifi/mx_wifi.c:364:18:MX_WIFI_GetVersion	40	static
/Users/AtomicOwner/Documents/UCLA/E96I/STM32CubeU5/Drivers/BSP/Components/mx_wifi/mx_wifi.c:389:18:MX_WIFI_GetMACAddress	24	static
/Users/AtomicOwner/Documents/UCLA/E96I/STM32CubeU5/Drivers/BSP/Components/mx_wifi/mx_wifi.c:403:18:MX_WIFI_GetsoftapMACAddress	32	static
/Users/AtomicOwner/Documents/UCLA/E96I/STM32CubeU5/Drivers/BSP/Components/mx_wifi/mx_wifi.c:427:18:MX_WIFI_Scan	88	static
/Users/AtomicOwner/Documents/UCLA/E96I/STM32CubeU5/Drivers/BSP/Components/mx_wifi/mx_wifi.c:465:8:MX_WIFI_Get_scan_result	32	static
/Users/AtomicOwner/Documents/UCLA/E96I/STM32CubeU5/Drivers/BSP/Components/mx_wifi/mx_wifi.c:479:18:MX_WIFI_RegisterStatusCallback	32	static
/Users/AtomicOwner/Documents/UCLA/E96I/STM32CubeU5/Drivers/BSP/Components/mx_wifi/mx_wifi.c:496:18:MX_WIFI_UnRegisterStatusCallback	24	static
/Users/AtomicOwner/Documents/UCLA/E96I/STM32CubeU5/Drivers/BSP/Components/mx_wifi/mx_wifi.c:511:18:MX_WIFI_RegisterStatusCallback_if	32	static
/Users/AtomicOwner/Documents/UCLA/E96I/STM32CubeU5/Drivers/BSP/Components/mx_wifi/mx_wifi.c:531:18:MX_WIFI_UnRegisterStatusCallback_if	24	static
/Users/AtomicOwner/Documents/UCLA/E96I/STM32CubeU5/Drivers/BSP/Components/mx_wifi/mx_wifi.c:548:18:MX_WIFI_Connect	320	static
/Users/AtomicOwner/Documents/UCLA/E96I/STM32CubeU5/Drivers/BSP/Components/mx_wifi/mx_wifi.c:620:18:MX_WIFI_Connect_Adv	248	static
/Users/AtomicOwner/Documents/UCLA/E96I/STM32CubeU5/Drivers/BSP/Components/mx_wifi/mx_wifi.c:684:25:_mx_wifi_set_eap_cert	56	static
/Users/AtomicOwner/Documents/UCLA/E96I/STM32CubeU5/Drivers/BSP/Components/mx_wifi/mx_wifi.c:726:18:MX_WIFI_EAP_Connect	288	static
/Users/AtomicOwner/Documents/UCLA/E96I/STM32CubeU5/Drivers/BSP/Components/mx_wifi/mx_wifi.c:832:18:MX_WIFI_Disconnect	40	static
/Users/AtomicOwner/Documents/UCLA/E96I/STM32CubeU5/Drivers/BSP/Components/mx_wifi/mx_wifi.c:854:18:MX_WIFI_WPS_Connect	40	static
/Users/AtomicOwner/Documents/UCLA/E96I/STM32CubeU5/Drivers/BSP/Components/mx_wifi/mx_wifi.c:878:18:MX_WIFI_WPS_Stop	40	static
/Users/AtomicOwner/Documents/UCLA/E96I/STM32CubeU5/Drivers/BSP/Components/mx_wifi/mx_wifi.c:901:8:MX_WIFI_IsConnected	152	static
/Users/AtomicOwner/Documents/UCLA/E96I/STM32CubeU5/Drivers/BSP/Components/mx_wifi/mx_wifi.c:931:18:MX_WIFI_GetIPAddress	128	static
/Users/AtomicOwner/Documents/UCLA/E96I/STM32CubeU5/Drivers/BSP/Components/mx_wifi/mx_wifi.c:977:18:MX_WIFI_GetIP6Address	72	static
/Users/AtomicOwner/Documents/UCLA/E96I/STM32CubeU5/Drivers/BSP/Components/mx_wifi/mx_wifi.c:1009:9:MX_WIFI_GetIP6AddressState	48	static
/Users/AtomicOwner/Documents/UCLA/E96I/STM32CubeU5/Drivers/BSP/Components/mx_wifi/mx_wifi.c:1041:18:MX_WIFI_StartAP	216	static
/Users/AtomicOwner/Documents/UCLA/E96I/STM32CubeU5/Drivers/BSP/Components/mx_wifi/mx_wifi.c:1073:18:MX_WIFI_StopAP	40	static
/Users/AtomicOwner/Documents/UCLA/E96I/STM32CubeU5/Drivers/BSP/Components/mx_wifi/mx_wifi.c:1099:9:MX_WIFI_Socket_create	64	static
/Users/AtomicOwner/Documents/UCLA/E96I/STM32CubeU5/Drivers/BSP/Components/mx_wifi/mx_wifi.c:1127:9:MX_WIFI_Socket_setsockopt	80	static
/Users/AtomicOwner/Documents/UCLA/E96I/STM32CubeU5/Drivers/BSP/Components/mx_wifi/mx_wifi.c:1164:9:MX_WIFI_Socket_getsockopt	80	static
/Users/AtomicOwner/Documents/UCLA/E96I/STM32CubeU5/Drivers/BSP/Components/mx_wifi/mx_wifi.c:1200:9:MX_WIFI_Socket_bind	120	static
/Users/AtomicOwner/Documents/UCLA/E96I/STM32CubeU5/Drivers/BSP/Components/mx_wifi/mx_wifi.c:1253:9:MX_WIFI_Socket_listen	56	static
/Users/AtomicOwner/Documents/UCLA/E96I/STM32CubeU5/Drivers/BSP/Components/mx_wifi/mx_wifi.c:1289:9:MX_WIFI_Socket_accept	144	static
/Users/AtomicOwner/Documents/UCLA/E96I/STM32CubeU5/Drivers/BSP/Components/mx_wifi/mx_wifi.c:1335:9:MX_WIFI_Socket_connect	120	static
/Users/AtomicOwner/Documents/UCLA/E96I/STM32CubeU5/Drivers/BSP/Components/mx_wifi/mx_wifi.c:1390:9:MX_WIFI_Socket_shutdown	56	static
/Users/AtomicOwner/Documents/UCLA/E96I/STM32CubeU5/Drivers/BSP/Components/mx_wifi/mx_wifi.c:1421:9:MX_WIFI_Socket_close	40	static
/Users/AtomicOwner/Documents/UCLA/E96I/STM32CubeU5/Drivers/BSP/Components/mx_wifi/mx_wifi.c:1451:9:MX_WIFI_Socket_send	56	static
/Users/AtomicOwner/Documents/UCLA/E96I/STM32CubeU5/Drivers/BSP/Components/mx_wifi/mx_wifi.c:1496:9:MX_WIFI_Socket_sendto	104	static
/Users/AtomicOwner/Documents/UCLA/E96I/STM32CubeU5/Drivers/BSP/Components/mx_wifi/mx_wifi.c:1564:9:MX_WIFI_Socket_recv	72	static
/Users/AtomicOwner/Documents/UCLA/E96I/STM32CubeU5/Drivers/BSP/Components/mx_wifi/mx_wifi.c:1616:9:MX_WIFI_Socket_recvfrom	136	static
/Users/AtomicOwner/Documents/UCLA/E96I/STM32CubeU5/Drivers/BSP/Components/mx_wifi/mx_wifi.c:1686:9:MX_WIFI_Socket_gethostbyname	304	static
/Users/AtomicOwner/Documents/UCLA/E96I/STM32CubeU5/Drivers/BSP/Components/mx_wifi/mx_wifi.c:1724:9:MX_WIFI_Socket_ping	368	static
/Users/AtomicOwner/Documents/UCLA/E96I/STM32CubeU5/Drivers/BSP/Components/mx_wifi/mx_wifi.c:1764:9:MX_WIFI_Socket_ping6	368	static
/Users/AtomicOwner/Documents/UCLA/E96I/STM32CubeU5/Drivers/BSP/Components/mx_wifi/mx_wifi.c:1804:9:MX_WIFI_Socket_getaddrinfo	1184	static
/Users/AtomicOwner/Documents/UCLA/E96I/STM32CubeU5/Drivers/BSP/Components/mx_wifi/mx_wifi.c:1857:9:MX_WIFI_Socket_select	32	static
/Users/AtomicOwner/Documents/UCLA/E96I/STM32CubeU5/Drivers/BSP/Components/mx_wifi/mx_wifi.c:1874:9:MX_WIFI_Socket_getpeername	88	static
/Users/AtomicOwner/Documents/UCLA/E96I/STM32CubeU5/Drivers/BSP/Components/mx_wifi/mx_wifi.c:1908:9:MX_WIFI_Socket_getsockname	88	static
/Users/AtomicOwner/Documents/UCLA/E96I/STM32CubeU5/Drivers/BSP/Components/mx_wifi/mx_wifi.c:1945:9:MX_WIFI_MDNS_start	176	static
/Users/AtomicOwner/Documents/UCLA/E96I/STM32CubeU5/Drivers/BSP/Components/mx_wifi/mx_wifi.c:1977:9:MX_WIFI_MDNS_stop	40	static
/Users/AtomicOwner/Documents/UCLA/E96I/STM32CubeU5/Drivers/BSP/Components/mx_wifi/mx_wifi.c:2003:9:MX_WIFI_MDNS_announce_service	520	static
/Users/AtomicOwner/Documents/UCLA/E96I/STM32CubeU5/Drivers/BSP/Components/mx_wifi/mx_wifi.c:2037:9:MX_WIFI_MDNS_deannounce_service	520	static
/Users/AtomicOwner/Documents/UCLA/E96I/STM32CubeU5/Drivers/BSP/Components/mx_wifi/mx_wifi.c:2071:9:MX_WIFI_MDNS_deannounce_service_all	40	static
/Users/AtomicOwner/Documents/UCLA/E96I/STM32CubeU5/Drivers/BSP/Components/mx_wifi/mx_wifi.c:2102:9:MX_WIFI_MDNS_iface_state_change	40	static
/Users/AtomicOwner/Documents/UCLA/E96I/STM32CubeU5/Drivers/BSP/Components/mx_wifi/mx_wifi.c:2135:9:MX_WIFI_MDNS_set_hostname	112	static
/Users/AtomicOwner/Documents/UCLA/E96I/STM32CubeU5/Drivers/BSP/Components/mx_wifi/mx_wifi.c:2166:9:MX_WIFI_MDNS_set_txt_rec	784	static
/Users/AtomicOwner/Documents/UCLA/E96I/STM32CubeU5/Drivers/BSP/Components/mx_wifi/mx_wifi.c:2203:9:MX_WIFI_TLS_set_ver	40	static
/Users/AtomicOwner/Documents/UCLA/E96I/STM32CubeU5/Drivers/BSP/Components/mx_wifi/mx_wifi.c:2234:9:MX_WIFI_TLS_set_clientCertificate	56	static
/Users/AtomicOwner/Documents/UCLA/E96I/STM32CubeU5/Drivers/BSP/Components/mx_wifi/mx_wifi.c:2276:9:MX_WIFI_TLS_set_clientPrivateKey	56	static
/Users/AtomicOwner/Documents/UCLA/E96I/STM32CubeU5/Drivers/BSP/Components/mx_wifi/mx_wifi.c:2317:9:MX_WIFI_TLS_connect	48	static
/Users/AtomicOwner/Documents/UCLA/E96I/STM32CubeU5/Drivers/BSP/Components/mx_wifi/mx_wifi.c:2334:9:MX_WIFI_TLS_connect_sni	56	static
/Users/AtomicOwner/Documents/UCLA/E96I/STM32CubeU5/Drivers/BSP/Components/mx_wifi/mx_wifi.c:2389:9:MX_WIFI_TLS_send	56	static
/Users/AtomicOwner/Documents/UCLA/E96I/STM32CubeU5/Drivers/BSP/Components/mx_wifi/mx_wifi.c:2432:9:MX_WIFI_TLS_recv	64	static
/Users/AtomicOwner/Documents/UCLA/E96I/STM32CubeU5/Drivers/BSP/Components/mx_wifi/mx_wifi.c:2486:9:MX_WIFI_TLS_close	40	static
/Users/AtomicOwner/Documents/UCLA/E96I/STM32CubeU5/Drivers/BSP/Components/mx_wifi/mx_wifi.c:2518:9:MX_WIFI_TLS_set_nonblock	56	static
/Users/AtomicOwner/Documents/UCLA/E96I/STM32CubeU5/Drivers/BSP/Components/mx_wifi/mx_wifi.c:2551:9:MX_WIFI_Webserver_start	40	static
/Users/AtomicOwner/Documents/UCLA/E96I/STM32CubeU5/Drivers/BSP/Components/mx_wifi/mx_wifi.c:2576:9:MX_WIFI_Webserver_stop	40	static
/Users/AtomicOwner/Documents/UCLA/E96I/STM32CubeU5/Drivers/BSP/Components/mx_wifi/mx_wifi.c:2601:9:MX_WIFI_FOTA_start	376	static
/Users/AtomicOwner/Documents/UCLA/E96I/STM32CubeU5/Drivers/BSP/Components/mx_wifi/mx_wifi.c:2757:9:MX_WIFI_station_powersave	40	static
/Users/AtomicOwner/Documents/UCLA/E96I/STM32CubeU5/Drivers/BSP/Components/mx_wifi/mx_wifi.c:2793:35:mx_s_addr_in_to_packed	56	static
/Users/AtomicOwner/Documents/UCLA/E96I/STM32CubeU5/Drivers/BSP/Components/mx_wifi/mx_wifi.c:2812:30:mx_s_addr_in_from_packed	40	static
/Users/AtomicOwner/Documents/UCLA/E96I/STM32CubeU5/Drivers/BSP/Components/mx_wifi/mx_wifi.c:2836:35:mx_s_addr_in6_to_packed	56	static
/Users/AtomicOwner/Documents/UCLA/E96I/STM32CubeU5/Drivers/BSP/Components/mx_wifi/mx_wifi.c:2855:31:mx_s_addr_in6_from_packed	56	static
/Users/AtomicOwner/Documents/UCLA/E96I/STM32CubeU5/Drivers/BSP/Components/mx_wifi/mx_wifi.c:2877:13:void_strncpy	24	static
