/Users/AtomicOwner/Documents/UCLA/E96I/STM32CubeU5/Projects/B-U585I-IOT02A/Applications/NetXDuo/Nx_MQTT_Client/Core/Src/main.c:74:6:HAL_GPIO_EXTI_Rising_Callback	5
/Users/AtomicOwner/Documents/UCLA/E96I/STM32CubeU5/Projects/B-U585I-IOT02A/Applications/NetXDuo/Nx_MQTT_Client/Core/Src/main.c:98:6:Success_Handler	1
/Users/AtomicOwner/Documents/UCLA/E96I/STM32CubeU5/Projects/B-U585I-IOT02A/Applications/NetXDuo/Nx_MQTT_Client/Core/Src/main.c:113:5:main	1
/Users/AtomicOwner/Documents/UCLA/E96I/STM32CubeU5/Projects/B-U585I-IOT02A/Applications/NetXDuo/Nx_MQTT_Client/Core/Src/main.c:166:6:SystemClock_Config	4
/Users/AtomicOwner/Documents/UCLA/E96I/STM32CubeU5/Projects/B-U585I-IOT02A/Applications/NetXDuo/Nx_MQTT_Client/Core/Src/main.c:220:13:SystemPower_Config	2
/Users/AtomicOwner/Documents/UCLA/E96I/STM32CubeU5/Projects/B-U585I-IOT02A/Applications/NetXDuo/Nx_MQTT_Client/Core/Src/main.c:245:13:MX_ICACHE_Init	3
/Users/AtomicOwner/Documents/UCLA/E96I/STM32CubeU5/Projects/B-U585I-IOT02A/Applications/NetXDuo/Nx_MQTT_Client/Core/Src/main.c:277:13:MX_RNG_Init	2
/Users/AtomicOwner/Documents/UCLA/E96I/STM32CubeU5/Projects/B-U585I-IOT02A/Applications/NetXDuo/Nx_MQTT_Client/Core/Src/main.c:304:13:MX_SPI2_Init	3
/Users/AtomicOwner/Documents/UCLA/E96I/STM32CubeU5/Projects/B-U585I-IOT02A/Applications/NetXDuo/Nx_MQTT_Client/Core/Src/main.c:361:13:MX_USART1_UART_Init	5
/Users/AtomicOwner/Documents/UCLA/E96I/STM32CubeU5/Projects/B-U585I-IOT02A/Applications/NetXDuo/Nx_MQTT_Client/Core/Src/main.c:409:13:MX_GPIO_Init	1
/Users/AtomicOwner/Documents/UCLA/E96I/STM32CubeU5/Projects/B-U585I-IOT02A/Applications/NetXDuo/Nx_MQTT_Client/Core/Src/main.c:483:1:__io_putchar	1
/Users/AtomicOwner/Documents/UCLA/E96I/STM32CubeU5/Projects/B-U585I-IOT02A/Applications/NetXDuo/Nx_MQTT_Client/Core/Src/main.c:500:6:HAL_TIM_PeriodElapsedCallback	2
/Users/AtomicOwner/Documents/UCLA/E96I/STM32CubeU5/Projects/B-U585I-IOT02A/Applications/NetXDuo/Nx_MQTT_Client/Core/Src/main.c:517:6:Error_Handler	1
