/Users/AtomicOwner/Documents/UCLA/E96I/STM32CubeU5/Projects/B-U585I-IOT02A/Examples/BSP/Src/eeprom.c:63:9:EEPROM_demo	8	static
/Users/AtomicOwner/Documents/UCLA/E96I/STM32CubeU5/Projects/B-U585I-IOT02A/Examples/BSP/Src/eeprom.c:93:13:EEPROM_Show_Feature	32	static
/Users/AtomicOwner/Documents/UCLA/E96I/STM32CubeU5/Projects/B-U585I-IOT02A/Examples/BSP/Src/eeprom.c:229:19:Buffercmp	24	static
/Users/AtomicOwner/Documents/UCLA/E96I/STM32CubeU5/Projects/B-U585I-IOT02A/Examples/BSP/Src/eeprom.c:245:13:FillBuffer	24	static
