/Users/AtomicOwner/Documents/UCLA/E96I/STM32CubeU5/Projects/B-U585I-IOT02A/Examples/GPIO/GPIO_IOToggle/Src/main.c:68:5:main	1
/Users/AtomicOwner/Documents/UCLA/E96I/STM32CubeU5/Projects/B-U585I-IOT02A/Examples/GPIO/GPIO_IOToggle/Src/main.c:140:6:SystemClock_Config	4
/Users/AtomicOwner/Documents/UCLA/E96I/STM32CubeU5/Projects/B-U585I-IOT02A/Examples/GPIO/GPIO_IOToggle/Src/main.c:194:13:SystemPower_Config	2
/Users/AtomicOwner/Documents/UCLA/E96I/STM32CubeU5/Projects/B-U585I-IOT02A/Examples/GPIO/GPIO_IOToggle/Src/main.c:218:13:MX_ICACHE_Init	3
/Users/AtomicOwner/Documents/UCLA/E96I/STM32CubeU5/Projects/B-U585I-IOT02A/Examples/GPIO/GPIO_IOToggle/Src/main.c:252:6:Error_Handler	1
