/Users/AtomicOwner/Documents/UCLA/E96I/STM32CubeU5/Projects/B-U585I-IOT02A/Examples/GPIO/GPIO_IOToggle/Src/stm32u5xx_it.c:72:6:NMI_Handler	4	static
/Users/AtomicOwner/Documents/UCLA/E96I/STM32CubeU5/Projects/B-U585I-IOT02A/Examples/GPIO/GPIO_IOToggle/Src/stm32u5xx_it.c:85:6:HardFault_Handler	4	static
/Users/AtomicOwner/Documents/UCLA/E96I/STM32CubeU5/Projects/B-U585I-IOT02A/Examples/GPIO/GPIO_IOToggle/Src/stm32u5xx_it.c:100:6:MemManage_Handler	4	static
/Users/AtomicOwner/Documents/UCLA/E96I/STM32CubeU5/Projects/B-U585I-IOT02A/Examples/GPIO/GPIO_IOToggle/Src/stm32u5xx_it.c:115:6:SVC_Handler	4	static
/Users/AtomicOwner/Documents/UCLA/E96I/STM32CubeU5/Projects/B-U585I-IOT02A/Examples/GPIO/GPIO_IOToggle/Src/stm32u5xx_it.c:128:6:DebugMon_Handler	4	static
/Users/AtomicOwner/Documents/UCLA/E96I/STM32CubeU5/Projects/B-U585I-IOT02A/Examples/GPIO/GPIO_IOToggle/Src/stm32u5xx_it.c:141:6:PendSV_Handler	4	static
/Users/AtomicOwner/Documents/UCLA/E96I/STM32CubeU5/Projects/B-U585I-IOT02A/Examples/GPIO/GPIO_IOToggle/Src/stm32u5xx_it.c:154:6:SysTick_Handler	8	static
