/Users/AtomicOwner/Documents/UCLA/E96I/STM32CubeU5/Projects/B-U585I-IOT02A/Demonstrations/IOT_HTTP_WebServer/Core/Src/stm32u5xx_hal_msp.c:32:6:HAL_MspInit	24	static
/Users/AtomicOwner/Documents/UCLA/E96I/STM32CubeU5/Projects/B-U585I-IOT02A/Demonstrations/IOT_HTTP_WebServer/Core/Src/stm32u5xx_hal_msp.c:50:6:HAL_SPI_MspInit	256	static
/Users/AtomicOwner/Documents/UCLA/E96I/STM32CubeU5/Projects/B-U585I-IOT02A/Demonstrations/IOT_HTTP_WebServer/Core/Src/stm32u5xx_hal_msp.c:91:6:HAL_SPI_MspDeInit	16	static
/Users/AtomicOwner/Documents/UCLA/E96I/STM32CubeU5/Projects/B-U585I-IOT02A/Demonstrations/IOT_HTTP_WebServer/Core/Src/stm32u5xx_hal_msp.c:117:6:HAL_UART_MspInit	248	static
/Users/AtomicOwner/Documents/UCLA/E96I/STM32CubeU5/Projects/B-U585I-IOT02A/Demonstrations/IOT_HTTP_WebServer/Core/Src/stm32u5xx_hal_msp.c:150:6:HAL_UART_MspDeInit	16	static
/Users/AtomicOwner/Documents/UCLA/E96I/STM32CubeU5/Projects/B-U585I-IOT02A/Demonstrations/IOT_HTTP_WebServer/Core/Src/stm32u5xx_hal_msp.c:167:6:HAL_LPTIM_MspInit	320	static
