/Users/AtomicOwner/Documents/UCLA/E96I/STM32CubeU5/Projects/B-U585I-IOT02A/Applications/NetXDuo/Nx_HTTP_SSE/NetXDuo/App/httpserver_sentevents_socket.c:102:13:tcp_listen_callback	16	static
/Users/AtomicOwner/Documents/UCLA/E96I/STM32CubeU5/Projects/B-U585I-IOT02A/Applications/NetXDuo/Nx_HTTP_SSE/NetXDuo/App/httpserver_sentevents_socket.c:138:13:tcp_receive_notify	416	static
/Users/AtomicOwner/Documents/UCLA/E96I/STM32CubeU5/Projects/B-U585I-IOT02A/Applications/NetXDuo/Nx_HTTP_SSE/NetXDuo/App/httpserver_sentevents_socket.c:339:13:sse_thread_entry	2024	static
/Users/AtomicOwner/Documents/UCLA/E96I/STM32CubeU5/Projects/B-U585I-IOT02A/Applications/NetXDuo/Nx_HTTP_SSE/NetXDuo/App/httpserver_sentevents_socket.c:379:13:sse_thread_exit_notify	24	static
/Users/AtomicOwner/Documents/UCLA/E96I/STM32CubeU5/Projects/B-U585I-IOT02A/Applications/NetXDuo/Nx_HTTP_SSE/NetXDuo/App/httpserver_sentevents_socket.c:406:13:task_list	72	static
/Users/AtomicOwner/Documents/UCLA/E96I/STM32CubeU5/Projects/B-U585I-IOT02A/Applications/NetXDuo/Nx_HTTP_SSE/NetXDuo/App/httpserver_sentevents_socket.c:454:13:get_uptime	104	static
/Users/AtomicOwner/Documents/UCLA/E96I/STM32CubeU5/Projects/B-U585I-IOT02A/Applications/NetXDuo/Nx_HTTP_SSE/NetXDuo/App/httpserver_sentevents_socket.c:468:16:http_send_event	2320	static
/Users/AtomicOwner/Documents/UCLA/E96I/STM32CubeU5/Projects/B-U585I-IOT02A/Applications/NetXDuo/Nx_HTTP_SSE/NetXDuo/App/httpserver_sentevents_socket.c:494:16:http_chunk_encode	2104	static
/Users/AtomicOwner/Documents/UCLA/E96I/STM32CubeU5/Projects/B-U585I-IOT02A/Applications/NetXDuo/Nx_HTTP_SSE/NetXDuo/App/httpserver_sentevents_socket.c:538:14:chop	24	static
/Users/AtomicOwner/Documents/UCLA/E96I/STM32CubeU5/Projects/B-U585I-IOT02A/Applications/NetXDuo/Nx_HTTP_SSE/NetXDuo/App/httpserver_sentevents_socket.c:555:13:tcp_send	48	static
/Users/AtomicOwner/Documents/UCLA/E96I/STM32CubeU5/Projects/B-U585I-IOT02A/Applications/NetXDuo/Nx_HTTP_SSE/NetXDuo/App/httpserver_sentevents_socket.c:594:13:tcp_disconnect_callback	16	static
/Users/AtomicOwner/Documents/UCLA/E96I/STM32CubeU5/Projects/B-U585I-IOT02A/Applications/NetXDuo/Nx_HTTP_SSE/NetXDuo/App/httpserver_sentevents_socket.c:604:6:http_server_socket_init	56	static
/Users/AtomicOwner/Documents/UCLA/E96I/STM32CubeU5/Projects/B-U585I-IOT02A/Applications/NetXDuo/Nx_HTTP_SSE/NetXDuo/App/httpserver_sentevents_socket.c:658:13:http_server_start_listening	56	static
/Users/AtomicOwner/Documents/UCLA/E96I/STM32CubeU5/Projects/B-U585I-IOT02A/Applications/NetXDuo/Nx_HTTP_SSE/NetXDuo/App/httpserver_sentevents_socket.c:686:16:http_server_write	40	static
/Users/AtomicOwner/Documents/UCLA/E96I/STM32CubeU5/Projects/B-U585I-IOT02A/Applications/NetXDuo/Nx_HTTP_SSE/NetXDuo/App/httpserver_sentevents_socket.c:739:13:client_infos	16	static
/Users/AtomicOwner/Documents/UCLA/E96I/STM32CubeU5/Projects/B-U585I-IOT02A/Applications/NetXDuo/Nx_HTTP_SSE/NetXDuo/App/httpserver_sentevents_socket.c:752:9:close_client	16	static
/Users/AtomicOwner/Documents/UCLA/E96I/STM32CubeU5/Projects/B-U585I-IOT02A/Applications/NetXDuo/Nx_HTTP_SSE/NetXDuo/App/httpserver_sentevents_socket.c:768:13:http_send_index_html	16	static
/Users/AtomicOwner/Documents/UCLA/E96I/STM32CubeU5/Projects/B-U585I-IOT02A/Applications/NetXDuo/Nx_HTTP_SSE/NetXDuo/App/httpserver_sentevents_socket.c:971:13:http_send_event_stream	16	static
/Users/AtomicOwner/Documents/UCLA/E96I/STM32CubeU5/Projects/B-U585I-IOT02A/Applications/NetXDuo/Nx_HTTP_SSE/NetXDuo/App/httpserver_sentevents_socket.c:995:13:http_send_favicon_png	16	static
/Users/AtomicOwner/Documents/UCLA/E96I/STM32CubeU5/Projects/B-U585I-IOT02A/Applications/NetXDuo/Nx_HTTP_SSE/NetXDuo/App/httpserver_sentevents_socket.c:1281:13:http_send_st_logo_png	16	static
/Users/AtomicOwner/Documents/UCLA/E96I/STM32CubeU5/Projects/B-U585I-IOT02A/Applications/NetXDuo/Nx_HTTP_SSE/NetXDuo/App/httpserver_sentevents_socket.c:1477:13:http_send_error_404_html	16	static
