/Users/AtomicOwner/Documents/UCLA/E96I/STM32CubeU5/Projects/B-U585I-IOT02A/Examples/GPIO/GPIO_IOToggle_TrustZone/Secure/Src/main.c:76:5:main	40	static
/Users/AtomicOwner/Documents/UCLA/E96I/STM32CubeU5/Projects/B-U585I-IOT02A/Examples/GPIO/GPIO_IOToggle_TrustZone/Secure/Src/main.c:171:13:NonSecure_Init	24	static,ignoring_inline_asm
/Users/AtomicOwner/Documents/UCLA/E96I/STM32CubeU5/Projects/B-U585I-IOT02A/Examples/GPIO/GPIO_IOToggle_TrustZone/Secure/Src/main.c:191:13:SystemPower_Config	8	static
/Users/AtomicOwner/Documents/UCLA/E96I/STM32CubeU5/Projects/B-U585I-IOT02A/Examples/GPIO/GPIO_IOToggle_TrustZone/Secure/Src/main.c:215:13:MX_GTZC_S_Init	280	static
/Users/AtomicOwner/Documents/UCLA/E96I/STM32CubeU5/Projects/B-U585I-IOT02A/Examples/GPIO/GPIO_IOToggle_TrustZone/Secure/Src/main.c:309:13:MX_ICACHE_Init	8	static
/Users/AtomicOwner/Documents/UCLA/E96I/STM32CubeU5/Projects/B-U585I-IOT02A/Examples/GPIO/GPIO_IOToggle_TrustZone/Secure/Src/main.c:341:13:MX_GPIO_Init	32	static
/Users/AtomicOwner/Documents/UCLA/E96I/STM32CubeU5/Projects/B-U585I-IOT02A/Examples/GPIO/GPIO_IOToggle_TrustZone/Secure/Src/main.c:372:6:HAL_SYSTICK_Callback	8	static
/Users/AtomicOwner/Documents/UCLA/E96I/STM32CubeU5/Projects/B-U585I-IOT02A/Examples/GPIO/GPIO_IOToggle_TrustZone/Secure/Src/main.c:392:6:Error_Handler	8	static
