/Users/AtomicOwner/Documents/UCLA/E96I/STM32CubeU5/Projects/B-U585I-IOT02A/Examples/GPIO/GPIO_IOToggle_TrustZone/Secure/Src/stm32u5xx_it.c:69:6:NMI_Handler	4	static
/Users/AtomicOwner/Documents/UCLA/E96I/STM32CubeU5/Projects/B-U585I-IOT02A/Examples/GPIO/GPIO_IOToggle_TrustZone/Secure/Src/stm32u5xx_it.c:84:6:HardFault_Handler	4	static
/Users/AtomicOwner/Documents/UCLA/E96I/STM32CubeU5/Projects/B-U585I-IOT02A/Examples/GPIO/GPIO_IOToggle_TrustZone/Secure/Src/stm32u5xx_it.c:99:6:MemManage_Handler	4	static
/Users/AtomicOwner/Documents/UCLA/E96I/STM32CubeU5/Projects/B-U585I-IOT02A/Examples/GPIO/GPIO_IOToggle_TrustZone/Secure/Src/stm32u5xx_it.c:114:6:BusFault_Handler	4	static
/Users/AtomicOwner/Documents/UCLA/E96I/STM32CubeU5/Projects/B-U585I-IOT02A/Examples/GPIO/GPIO_IOToggle_TrustZone/Secure/Src/stm32u5xx_it.c:129:6:UsageFault_Handler	4	static
/Users/AtomicOwner/Documents/UCLA/E96I/STM32CubeU5/Projects/B-U585I-IOT02A/Examples/GPIO/GPIO_IOToggle_TrustZone/Secure/Src/stm32u5xx_it.c:144:6:SecureFault_Handler	4	static
/Users/AtomicOwner/Documents/UCLA/E96I/STM32CubeU5/Projects/B-U585I-IOT02A/Examples/GPIO/GPIO_IOToggle_TrustZone/Secure/Src/stm32u5xx_it.c:159:6:SVC_Handler	4	static
/Users/AtomicOwner/Documents/UCLA/E96I/STM32CubeU5/Projects/B-U585I-IOT02A/Examples/GPIO/GPIO_IOToggle_TrustZone/Secure/Src/stm32u5xx_it.c:172:6:DebugMon_Handler	4	static
/Users/AtomicOwner/Documents/UCLA/E96I/STM32CubeU5/Projects/B-U585I-IOT02A/Examples/GPIO/GPIO_IOToggle_TrustZone/Secure/Src/stm32u5xx_it.c:185:6:PendSV_Handler	4	static
/Users/AtomicOwner/Documents/UCLA/E96I/STM32CubeU5/Projects/B-U585I-IOT02A/Examples/GPIO/GPIO_IOToggle_TrustZone/Secure/Src/stm32u5xx_it.c:198:6:SysTick_Handler	8	static
/Users/AtomicOwner/Documents/UCLA/E96I/STM32CubeU5/Projects/B-U585I-IOT02A/Examples/GPIO/GPIO_IOToggle_TrustZone/Secure/Src/stm32u5xx_it.c:219:6:GTZC_IRQHandler	8	static
