/Users/AtomicOwner/Documents/UCLA/E96I/Final/Middlewares/ST/STM32_Network_Library/netif/wifi_if/mx_wifi/net_mx_wifi.c:448:9:mx_wifi_driver	16	static
/Users/AtomicOwner/Documents/UCLA/E96I/Final/Middlewares/ST/STM32_Network_Library/netif/wifi_if/mx_wifi/net_mx_wifi.c:464:16:mx_wifi_if_init	32	static
/Users/AtomicOwner/Documents/UCLA/E96I/Final/Middlewares/ST/STM32_Network_Library/netif/wifi_if/mx_wifi/net_mx_wifi.c:550:16:mx_wifi_if_deinit	24	static
/Users/AtomicOwner/Documents/UCLA/E96I/Final/Middlewares/ST/STM32_Network_Library/netif/wifi_if/mx_wifi/net_mx_wifi.c:577:16:mx_wifi_if_start	24	static
/Users/AtomicOwner/Documents/UCLA/E96I/Final/Middlewares/ST/STM32_Network_Library/netif/wifi_if/mx_wifi/net_mx_wifi.c:612:16:hw_start	32	static
/Users/AtomicOwner/Documents/UCLA/E96I/Final/Middlewares/ST/STM32_Network_Library/netif/wifi_if/mx_wifi/net_mx_wifi.c:680:16:mx_wifi_if_stop	16	static
/Users/AtomicOwner/Documents/UCLA/E96I/Final/Middlewares/ST/STM32_Network_Library/netif/wifi_if/mx_wifi/net_mx_wifi.c:716:16:mx_wifi_if_yield	24	static
/Users/AtomicOwner/Documents/UCLA/E96I/Final/Middlewares/ST/STM32_Network_Library/netif/wifi_if/mx_wifi/net_mx_wifi.c:732:13:mx_wifi_status_changed	32	static
/Users/AtomicOwner/Documents/UCLA/E96I/Final/Middlewares/ST/STM32_Network_Library/netif/wifi_if/mx_wifi/net_mx_wifi.c:868:16:mx_wifi_if_start_station	32	static
/Users/AtomicOwner/Documents/UCLA/E96I/Final/Middlewares/ST/STM32_Network_Library/netif/wifi_if/mx_wifi/net_mx_wifi.c:927:16:mx_wifi_if_start_softap	216	static
/Users/AtomicOwner/Documents/UCLA/E96I/Final/Middlewares/ST/STM32_Network_Library/netif/wifi_if/mx_wifi/net_mx_wifi.c:989:16:mx_wifi_if_disconnect	24	static
/Users/AtomicOwner/Documents/UCLA/E96I/Final/Middlewares/ST/STM32_Network_Library/netif/wifi_if/mx_wifi/net_mx_wifi.c:1018:16:mx_wifi_if_connect	40	static
/Users/AtomicOwner/Documents/UCLA/E96I/Final/Middlewares/ST/STM32_Network_Library/netif/wifi_if/mx_wifi/net_mx_wifi.c:1131:16:mx_wifi_scan	32	static
/Users/AtomicOwner/Documents/UCLA/E96I/Final/Middlewares/ST/STM32_Network_Library/netif/wifi_if/mx_wifi/net_mx_wifi.c:1154:16:mx_wifi_get_scan_result	48	static
/Users/AtomicOwner/Documents/UCLA/E96I/Final/Middlewares/ST/STM32_Network_Library/netif/wifi_if/mx_wifi/net_mx_wifi.c:1222:16:mx_wifi_socket	32	static
/Users/AtomicOwner/Documents/UCLA/E96I/Final/Middlewares/ST/STM32_Network_Library/netif/wifi_if/mx_wifi/net_mx_wifi.c:1238:16:mx_wifi_setsockopt	40	static
/Users/AtomicOwner/Documents/UCLA/E96I/Final/Middlewares/ST/STM32_Network_Library/netif/wifi_if/mx_wifi/net_mx_wifi.c:1265:16:mx_wifi_getsockopt	40	static
/Users/AtomicOwner/Documents/UCLA/E96I/Final/Middlewares/ST/STM32_Network_Library/netif/wifi_if/mx_wifi/net_mx_wifi.c:1280:16:mx_wifi_bind	32	static
/Users/AtomicOwner/Documents/UCLA/E96I/Final/Middlewares/ST/STM32_Network_Library/netif/wifi_if/mx_wifi/net_mx_wifi.c:1302:16:mx_wifi_listen	24	static
/Users/AtomicOwner/Documents/UCLA/E96I/Final/Middlewares/ST/STM32_Network_Library/netif/wifi_if/mx_wifi/net_mx_wifi.c:1317:16:mx_wifi_accept	32	static
/Users/AtomicOwner/Documents/UCLA/E96I/Final/Middlewares/ST/STM32_Network_Library/netif/wifi_if/mx_wifi/net_mx_wifi.c:1332:16:mx_wifi_connect	32	static
/Users/AtomicOwner/Documents/UCLA/E96I/Final/Middlewares/ST/STM32_Network_Library/netif/wifi_if/mx_wifi/net_mx_wifi.c:1346:16:mx_wifi_shutdown	24	static
/Users/AtomicOwner/Documents/UCLA/E96I/Final/Middlewares/ST/STM32_Network_Library/netif/wifi_if/mx_wifi/net_mx_wifi.c:1360:16:mx_wifi_close	24	static
/Users/AtomicOwner/Documents/UCLA/E96I/Final/Middlewares/ST/STM32_Network_Library/netif/wifi_if/mx_wifi/net_mx_wifi.c:1378:16:mx_wifi_send	40	static
/Users/AtomicOwner/Documents/UCLA/E96I/Final/Middlewares/ST/STM32_Network_Library/netif/wifi_if/mx_wifi/net_mx_wifi.c:1394:16:mx_wifi_recv	40	static
/Users/AtomicOwner/Documents/UCLA/E96I/Final/Middlewares/ST/STM32_Network_Library/netif/wifi_if/mx_wifi/net_mx_wifi.c:1420:16:mx_wifi_sendto	48	static
/Users/AtomicOwner/Documents/UCLA/E96I/Final/Middlewares/ST/STM32_Network_Library/netif/wifi_if/mx_wifi/net_mx_wifi.c:1447:16:mx_wifi_recvfrom	48	static
/Users/AtomicOwner/Documents/UCLA/E96I/Final/Middlewares/ST/STM32_Network_Library/netif/wifi_if/mx_wifi/net_mx_wifi.c:1471:16:mx_wifi_gethostbyname	32	static
/Users/AtomicOwner/Documents/UCLA/E96I/Final/Middlewares/ST/STM32_Network_Library/netif/wifi_if/mx_wifi/net_mx_wifi.c:1517:16:mx_wifi_ping	56	static
/Users/AtomicOwner/Documents/UCLA/E96I/Final/Middlewares/ST/STM32_Network_Library/netif/wifi_if/mx_wifi/net_mx_wifi.c:1563:16:mx_wifi_getsockname	32	static
/Users/AtomicOwner/Documents/UCLA/E96I/Final/Middlewares/ST/STM32_Network_Library/netif/wifi_if/mx_wifi/net_mx_wifi.c:1578:16:mx_wifi_getpeername	32	static
