/Users/AtomicOwner/Documents/UCLA/E96I/STM32CubeU5/Projects/B-U585I-IOT02A/Examples/CRYP/CRYP_SAES_WrapKey/Src/main.c:92:5:main	7
/Users/AtomicOwner/Documents/UCLA/E96I/STM32CubeU5/Projects/B-U585I-IOT02A/Examples/CRYP/CRYP_SAES_WrapKey/Src/main.c:195:6:SystemClock_Config	4
/Users/AtomicOwner/Documents/UCLA/E96I/STM32CubeU5/Projects/B-U585I-IOT02A/Examples/CRYP/CRYP_SAES_WrapKey/Src/main.c:252:13:SystemPower_Config	2
/Users/AtomicOwner/Documents/UCLA/E96I/STM32CubeU5/Projects/B-U585I-IOT02A/Examples/CRYP/CRYP_SAES_WrapKey/Src/main.c:276:13:MX_ICACHE_Init	3
/Users/AtomicOwner/Documents/UCLA/E96I/STM32CubeU5/Projects/B-U585I-IOT02A/Examples/CRYP/CRYP_SAES_WrapKey/Src/main.c:308:13:MX_RNG_Init	2
/Users/AtomicOwner/Documents/UCLA/E96I/STM32CubeU5/Projects/B-U585I-IOT02A/Examples/CRYP/CRYP_SAES_WrapKey/Src/main.c:335:13:MX_SAES_AES_Init	2
/Users/AtomicOwner/Documents/UCLA/E96I/STM32CubeU5/Projects/B-U585I-IOT02A/Examples/CRYP/CRYP_SAES_WrapKey/Src/main.c:371:6:Error_Handler	1
