/Users/AtomicOwner/Documents/UCLA/E96I/STM32CubeU5/Projects/B-U585I-IOT02A/Applications/NetXDuo/Nx_MDNS/NetXDuo/App/app_netxduo.c:97:6:MX_NetXDuo_Init	112	static
/Users/AtomicOwner/Documents/UCLA/E96I/STM32CubeU5/Projects/B-U585I-IOT02A/Applications/NetXDuo/Nx_MDNS/NetXDuo/App/app_netxduo.c:355:13:ip_address_change_notify_callback	16	static
/Users/AtomicOwner/Documents/UCLA/E96I/STM32CubeU5/Projects/B-U585I-IOT02A/Applications/NetXDuo/Nx_MDNS/NetXDuo/App/app_netxduo.c:372:13:App_Main_Thread_Entry	104	static
/Users/AtomicOwner/Documents/UCLA/E96I/STM32CubeU5/Projects/B-U585I-IOT02A/Applications/NetXDuo/Nx_MDNS/NetXDuo/App/app_netxduo.c:524:13:App_Main2_Thread_Entry	24	static
/Users/AtomicOwner/Documents/UCLA/E96I/STM32CubeU5/Projects/B-U585I-IOT02A/Applications/NetXDuo/Nx_MDNS/NetXDuo/App/app_netxduo.c:555:13:App_Mdns_Thread_Entry	80	static
/Users/AtomicOwner/Documents/UCLA/E96I/STM32CubeU5/Projects/B-U585I-IOT02A/Applications/NetXDuo/Nx_MDNS/NetXDuo/App/app_netxduo.c:709:13:NetXDuo_DeInit	88	static
