/Users/AtomicOwner/Documents/UCLA/E96I/STM32CubeU5/Middlewares/ST/netxduo/addons/mdns/nxd_mdns.c:211:7:_nxe_mdns_create	64	static
/Users/AtomicOwner/Documents/UCLA/E96I/STM32CubeU5/Middlewares/ST/netxduo/addons/mdns/nxd_mdns.c:371:7:_nx_mdns_create	64	static
/Users/AtomicOwner/Documents/UCLA/E96I/STM32CubeU5/Middlewares/ST/netxduo/addons/mdns/nxd_mdns.c:656:7:_nxe_mdns_delete	24	static
/Users/AtomicOwner/Documents/UCLA/E96I/STM32CubeU5/Middlewares/ST/netxduo/addons/mdns/nxd_mdns.c:728:7:_nx_mdns_delete	16	static
/Users/AtomicOwner/Documents/UCLA/E96I/STM32CubeU5/Middlewares/ST/netxduo/addons/mdns/nxd_mdns.c:812:6:_nxe_mdns_cache_notify_set	24	static
/Users/AtomicOwner/Documents/UCLA/E96I/STM32CubeU5/Middlewares/ST/netxduo/addons/mdns/nxd_mdns.c:878:6:_nx_mdns_cache_notify_set	16	static
/Users/AtomicOwner/Documents/UCLA/E96I/STM32CubeU5/Middlewares/ST/netxduo/addons/mdns/nxd_mdns.c:937:6:_nxe_mdns_cache_notify_clear	24	static
/Users/AtomicOwner/Documents/UCLA/E96I/STM32CubeU5/Middlewares/ST/netxduo/addons/mdns/nxd_mdns.c:1003:6:_nx_mdns_cache_notify_clear	16	static
/Users/AtomicOwner/Documents/UCLA/E96I/STM32CubeU5/Middlewares/ST/netxduo/addons/mdns/nxd_mdns.c:1062:6:_nxe_mdns_service_ignore_set	24	static
/Users/AtomicOwner/Documents/UCLA/E96I/STM32CubeU5/Middlewares/ST/netxduo/addons/mdns/nxd_mdns.c:1129:6:_nx_mdns_service_ignore_set	16	static
/Users/AtomicOwner/Documents/UCLA/E96I/STM32CubeU5/Middlewares/ST/netxduo/addons/mdns/nxd_mdns.c:1189:6:_nxe_mdns_service_notify_set	32	static
/Users/AtomicOwner/Documents/UCLA/E96I/STM32CubeU5/Middlewares/ST/netxduo/addons/mdns/nxd_mdns.c:1258:6:_nx_mdns_service_notify_set	24	static
/Users/AtomicOwner/Documents/UCLA/E96I/STM32CubeU5/Middlewares/ST/netxduo/addons/mdns/nxd_mdns.c:1320:6:_nxe_mdns_service_notify_clear	24	static
/Users/AtomicOwner/Documents/UCLA/E96I/STM32CubeU5/Middlewares/ST/netxduo/addons/mdns/nxd_mdns.c:1388:6:_nx_mdns_service_notify_clear	16	static
/Users/AtomicOwner/Documents/UCLA/E96I/STM32CubeU5/Middlewares/ST/netxduo/addons/mdns/nxd_mdns.c:1459:6:_nxe_mdns_service_announcement_timing_set	48	static
/Users/AtomicOwner/Documents/UCLA/E96I/STM32CubeU5/Middlewares/ST/netxduo/addons/mdns/nxd_mdns.c:1532:6:_nx_mdns_service_announcement_timing_set	24	static
/Users/AtomicOwner/Documents/UCLA/E96I/STM32CubeU5/Middlewares/ST/netxduo/addons/mdns/nxd_mdns.c:1605:6:_nxe_mdns_enable	24	static
/Users/AtomicOwner/Documents/UCLA/E96I/STM32CubeU5/Middlewares/ST/netxduo/addons/mdns/nxd_mdns.c:1677:6:_nx_mdns_enable	32	static
/Users/AtomicOwner/Documents/UCLA/E96I/STM32CubeU5/Middlewares/ST/netxduo/addons/mdns/nxd_mdns.c:1905:6:_nxe_mdns_disable	24	static
/Users/AtomicOwner/Documents/UCLA/E96I/STM32CubeU5/Middlewares/ST/netxduo/addons/mdns/nxd_mdns.c:1977:6:_nx_mdns_disable	32	static
/Users/AtomicOwner/Documents/UCLA/E96I/STM32CubeU5/Middlewares/ST/netxduo/addons/mdns/nxd_mdns.c:2148:6:_nxe_mdns_domain_name_set	24	static
/Users/AtomicOwner/Documents/UCLA/E96I/STM32CubeU5/Middlewares/ST/netxduo/addons/mdns/nxd_mdns.c:2216:6:_nx_mdns_domain_name_set	24	static
/Users/AtomicOwner/Documents/UCLA/E96I/STM32CubeU5/Middlewares/ST/netxduo/addons/mdns/nxd_mdns.c:2303:6:_nxe_mdns_service_add	64	static
/Users/AtomicOwner/Documents/UCLA/E96I/STM32CubeU5/Middlewares/ST/netxduo/addons/mdns/nxd_mdns.c:2429:6:_nx_mdns_service_add	96	static
/Users/AtomicOwner/Documents/UCLA/E96I/STM32CubeU5/Middlewares/ST/netxduo/addons/mdns/nxd_mdns.c:2699:6:_nxe_mdns_service_delete	32	static
/Users/AtomicOwner/Documents/UCLA/E96I/STM32CubeU5/Middlewares/ST/netxduo/addons/mdns/nxd_mdns.c:2772:6:_nx_mdns_service_delete	48	static
/Users/AtomicOwner/Documents/UCLA/E96I/STM32CubeU5/Middlewares/ST/netxduo/addons/mdns/nxd_mdns.c:2849:6:_nx_mdns_service_interface_delete	72	static
/Users/AtomicOwner/Documents/UCLA/E96I/STM32CubeU5/Middlewares/ST/netxduo/addons/mdns/nxd_mdns.c:3043:6:_nxe_mdns_service_one_shot_query	40	static
/Users/AtomicOwner/Documents/UCLA/E96I/STM32CubeU5/Middlewares/ST/netxduo/addons/mdns/nxd_mdns.c:3151:6:_nx_mdns_service_one_shot_query	72	static
/Users/AtomicOwner/Documents/UCLA/E96I/STM32CubeU5/Middlewares/ST/netxduo/addons/mdns/nxd_mdns.c:3338:13:_nx_mdns_one_shot_query	120	static
/Users/AtomicOwner/Documents/UCLA/E96I/STM32CubeU5/Middlewares/ST/netxduo/addons/mdns/nxd_mdns.c:3497:6:_nxe_mdns_service_continuous_query	32	static
/Users/AtomicOwner/Documents/UCLA/E96I/STM32CubeU5/Middlewares/ST/netxduo/addons/mdns/nxd_mdns.c:3628:6:_nx_mdns_service_continuous_query	64	static
/Users/AtomicOwner/Documents/UCLA/E96I/STM32CubeU5/Middlewares/ST/netxduo/addons/mdns/nxd_mdns.c:3774:13:_nx_mdns_continuous_query	112	static
/Users/AtomicOwner/Documents/UCLA/E96I/STM32CubeU5/Middlewares/ST/netxduo/addons/mdns/nxd_mdns.c:3898:6:_nxe_mdns_service_query_stop	32	static
/Users/AtomicOwner/Documents/UCLA/E96I/STM32CubeU5/Middlewares/ST/netxduo/addons/mdns/nxd_mdns.c:3981:6:_nx_mdns_service_query_stop	64	static
/Users/AtomicOwner/Documents/UCLA/E96I/STM32CubeU5/Middlewares/ST/netxduo/addons/mdns/nxd_mdns.c:4162:6:_nxe_mdns_service_lookup	40	static
/Users/AtomicOwner/Documents/UCLA/E96I/STM32CubeU5/Middlewares/ST/netxduo/addons/mdns/nxd_mdns.c:4253:6:_nx_mdns_service_lookup	128	static
/Users/AtomicOwner/Documents/UCLA/E96I/STM32CubeU5/Middlewares/ST/netxduo/addons/mdns/nxd_mdns.c:4594:6:_nxe_mdns_peer_cache_clear	24	static
/Users/AtomicOwner/Documents/UCLA/E96I/STM32CubeU5/Middlewares/ST/netxduo/addons/mdns/nxd_mdns.c:4661:6:_nx_mdns_peer_cache_clear	32	static
/Users/AtomicOwner/Documents/UCLA/E96I/STM32CubeU5/Middlewares/ST/netxduo/addons/mdns/nxd_mdns.c:4727:6:_nxe_mdns_host_address_get	40	static
/Users/AtomicOwner/Documents/UCLA/E96I/STM32CubeU5/Middlewares/ST/netxduo/addons/mdns/nxd_mdns.c:4805:6:_nx_mdns_host_address_get	344	static
/Users/AtomicOwner/Documents/UCLA/E96I/STM32CubeU5/Middlewares/ST/netxduo/addons/mdns/nxd_mdns.c:5011:13:_nx_mdns_rr_a_aaaa_add	120	static
/Users/AtomicOwner/Documents/UCLA/E96I/STM32CubeU5/Middlewares/ST/netxduo/addons/mdns/nxd_mdns.c:5119:13:_nx_mdns_rr_ptr_add	120	static
/Users/AtomicOwner/Documents/UCLA/E96I/STM32CubeU5/Middlewares/ST/netxduo/addons/mdns/nxd_mdns.c:5253:13:_nx_mdns_rr_srv_add	120	static
/Users/AtomicOwner/Documents/UCLA/E96I/STM32CubeU5/Middlewares/ST/netxduo/addons/mdns/nxd_mdns.c:5389:13:_nx_mdns_rr_txt_add	120	static
/Users/AtomicOwner/Documents/UCLA/E96I/STM32CubeU5/Middlewares/ST/netxduo/addons/mdns/nxd_mdns.c:5539:13:_nx_mdns_rr_nsec_add	128	static
/Users/AtomicOwner/Documents/UCLA/E96I/STM32CubeU5/Middlewares/ST/netxduo/addons/mdns/nxd_mdns.c:5716:13:_nx_mdns_rr_parameter_set	48	static
/Users/AtomicOwner/Documents/UCLA/E96I/STM32CubeU5/Middlewares/ST/netxduo/addons/mdns/nxd_mdns.c:5853:13:_nx_mdns_rr_delete	32	static
/Users/AtomicOwner/Documents/UCLA/E96I/STM32CubeU5/Middlewares/ST/netxduo/addons/mdns/nxd_mdns.c:6036:6:_nxe_mdns_local_cache_clear	24	static
/Users/AtomicOwner/Documents/UCLA/E96I/STM32CubeU5/Middlewares/ST/netxduo/addons/mdns/nxd_mdns.c:6103:6:_nx_mdns_local_cache_clear	32	static
/Users/AtomicOwner/Documents/UCLA/E96I/STM32CubeU5/Middlewares/ST/netxduo/addons/mdns/nxd_mdns.c:6180:13:_nx_mdns_service_name_resolve	56	static
/Users/AtomicOwner/Documents/UCLA/E96I/STM32CubeU5/Middlewares/ST/netxduo/addons/mdns/nxd_mdns.c:6332:13:_nx_mdns_service_name_assemble	32	static
/Users/AtomicOwner/Documents/UCLA/E96I/STM32CubeU5/Middlewares/ST/netxduo/addons/mdns/nxd_mdns.c:6502:13:_nx_mdns_host_name_register	56	static
/Users/AtomicOwner/Documents/UCLA/E96I/STM32CubeU5/Middlewares/ST/netxduo/addons/mdns/nxd_mdns.c:6656:13:_nx_mdns_timer_entry	24	static
/Users/AtomicOwner/Documents/UCLA/E96I/STM32CubeU5/Middlewares/ST/netxduo/addons/mdns/nxd_mdns.c:6726:13:_nx_mdns_timer_set	64	static,ignoring_inline_asm
/Users/AtomicOwner/Documents/UCLA/E96I/STM32CubeU5/Middlewares/ST/netxduo/addons/mdns/nxd_mdns.c:6833:13:_nx_mdns_timer_event_process	80	static
/Users/AtomicOwner/Documents/UCLA/E96I/STM32CubeU5/Middlewares/ST/netxduo/addons/mdns/nxd_mdns.c:7468:13:_nx_mdns_udp_receive_notify	16	static
/Users/AtomicOwner/Documents/UCLA/E96I/STM32CubeU5/Middlewares/ST/netxduo/addons/mdns/nxd_mdns.c:7526:13:_nx_mdns_ip_address_change_notify	16	static
/Users/AtomicOwner/Documents/UCLA/E96I/STM32CubeU5/Middlewares/ST/netxduo/addons/mdns/nxd_mdns.c:7660:14:_nx_mdns_thread_entry	48	static
/Users/AtomicOwner/Documents/UCLA/E96I/STM32CubeU5/Middlewares/ST/netxduo/addons/mdns/nxd_mdns.c:7871:13:_nx_mdns_packet_process	136	static
/Users/AtomicOwner/Documents/UCLA/E96I/STM32CubeU5/Middlewares/ST/netxduo/addons/mdns/nxd_mdns.c:8356:16:_nx_mdns_probing_send	64	static
/Users/AtomicOwner/Documents/UCLA/E96I/STM32CubeU5/Middlewares/ST/netxduo/addons/mdns/nxd_mdns.c:8593:16:_nx_mdns_announcing_send	56	static
/Users/AtomicOwner/Documents/UCLA/E96I/STM32CubeU5/Middlewares/ST/netxduo/addons/mdns/nxd_mdns.c:8746:16:_nx_mdns_response_send	48	static
/Users/AtomicOwner/Documents/UCLA/E96I/STM32CubeU5/Middlewares/ST/netxduo/addons/mdns/nxd_mdns.c:8916:16:_nx_mdns_query_send	56	static
/Users/AtomicOwner/Documents/UCLA/E96I/STM32CubeU5/Middlewares/ST/netxduo/addons/mdns/nxd_mdns.c:9119:16:_nx_mdns_packet_create	32	static
/Users/AtomicOwner/Documents/UCLA/E96I/STM32CubeU5/Middlewares/ST/netxduo/addons/mdns/nxd_mdns.c:9229:16:_nx_mdns_packet_send	40	static
/Users/AtomicOwner/Documents/UCLA/E96I/STM32CubeU5/Middlewares/ST/netxduo/addons/mdns/nxd_mdns.c:9349:16:_nx_mdns_packet_rr_add	40	static
/Users/AtomicOwner/Documents/UCLA/E96I/STM32CubeU5/Middlewares/ST/netxduo/addons/mdns/nxd_mdns.c:9714:13:_nx_mdns_packet_rr_set	64	static
/Users/AtomicOwner/Documents/UCLA/E96I/STM32CubeU5/Middlewares/ST/netxduo/addons/mdns/nxd_mdns.c:9879:13:_nx_mdns_packet_rr_process	152	static
/Users/AtomicOwner/Documents/UCLA/E96I/STM32CubeU5/Middlewares/ST/netxduo/addons/mdns/nxd_mdns.c:10196:13:_nx_mdns_packet_rr_data_set	64	static
/Users/AtomicOwner/Documents/UCLA/E96I/STM32CubeU5/Middlewares/ST/netxduo/addons/mdns/nxd_mdns.c:10470:13:_nx_mdns_packet_address_check	48	static
/Users/AtomicOwner/Documents/UCLA/E96I/STM32CubeU5/Middlewares/ST/netxduo/addons/mdns/nxd_mdns.c:10693:16:_nx_mdns_address_change_process	32	static
/Users/AtomicOwner/Documents/UCLA/E96I/STM32CubeU5/Middlewares/ST/netxduo/addons/mdns/nxd_mdns.c:10809:13:_nx_mdns_conflict_process	80	static
/Users/AtomicOwner/Documents/UCLA/E96I/STM32CubeU5/Middlewares/ST/netxduo/addons/mdns/nxd_mdns.c:11048:13:_nx_mdns_service_change_notify_process	688	static
/Users/AtomicOwner/Documents/UCLA/E96I/STM32CubeU5/Middlewares/ST/netxduo/addons/mdns/nxd_mdns.c:11216:13:_nx_mdns_service_addition_info_get	64	static
/Users/AtomicOwner/Documents/UCLA/E96I/STM32CubeU5/Middlewares/ST/netxduo/addons/mdns/nxd_mdns.c:11422:6:_nx_mdns_cache_initialize	32	static
/Users/AtomicOwner/Documents/UCLA/E96I/STM32CubeU5/Middlewares/ST/netxduo/addons/mdns/nxd_mdns.c:11545:6:_nx_mdns_cache_add_resource_record	72	static
/Users/AtomicOwner/Documents/UCLA/E96I/STM32CubeU5/Middlewares/ST/netxduo/addons/mdns/nxd_mdns.c:11787:6:_nx_mdns_cache_delete_resource_record	32	static
/Users/AtomicOwner/Documents/UCLA/E96I/STM32CubeU5/Middlewares/ST/netxduo/addons/mdns/nxd_mdns.c:11889:6:_nx_mdns_cache_find_resource_record	40	static
/Users/AtomicOwner/Documents/UCLA/E96I/STM32CubeU5/Middlewares/ST/netxduo/addons/mdns/nxd_mdns.c:12118:6:_nx_mdns_cache_add_string	72	static
/Users/AtomicOwner/Documents/UCLA/E96I/STM32CubeU5/Middlewares/ST/netxduo/addons/mdns/nxd_mdns.c:12350:6:_nx_mdns_cache_delete_string	48	static
/Users/AtomicOwner/Documents/UCLA/E96I/STM32CubeU5/Middlewares/ST/netxduo/addons/mdns/nxd_mdns.c:12537:6:_nx_mdns_cache_delete_rr_string	24	static
/Users/AtomicOwner/Documents/UCLA/E96I/STM32CubeU5/Middlewares/ST/netxduo/addons/mdns/nxd_mdns.c:12612:6:_nx_mdns_additional_resource_record_find	24	static
/Users/AtomicOwner/Documents/UCLA/E96I/STM32CubeU5/Middlewares/ST/netxduo/addons/mdns/nxd_mdns.c:12765:13:_nx_mdns_additional_a_aaaa_find	32	static
/Users/AtomicOwner/Documents/UCLA/E96I/STM32CubeU5/Middlewares/ST/netxduo/addons/mdns/nxd_mdns.c:12844:13:_nx_mdns_known_answer_find	48	static
/Users/AtomicOwner/Documents/UCLA/E96I/STM32CubeU5/Middlewares/ST/netxduo/addons/mdns/nxd_mdns.c:12965:13:_nx_mdns_query_check	48	static
/Users/AtomicOwner/Documents/UCLA/E96I/STM32CubeU5/Middlewares/ST/netxduo/addons/mdns/nxd_mdns.c:13103:7:_nx_mdns_query_cleanup	40	static,ignoring_inline_asm
/Users/AtomicOwner/Documents/UCLA/E96I/STM32CubeU5/Middlewares/ST/netxduo/addons/mdns/nxd_mdns.c:13230:7:_nx_mdns_query_thread_suspend	48	static,ignoring_inline_asm
/Users/AtomicOwner/Documents/UCLA/E96I/STM32CubeU5/Middlewares/ST/netxduo/addons/mdns/nxd_mdns.c:13342:7:_nx_mdns_query_thread_resume	48	static,ignoring_inline_asm
/Users/AtomicOwner/Documents/UCLA/E96I/STM32CubeU5/Middlewares/ST/netxduo/addons/mdns/nxd_mdns.c:13460:13:_nx_mdns_service_mask_match	40	static
/Users/AtomicOwner/Documents/UCLA/E96I/STM32CubeU5/Middlewares/ST/netxduo/addons/mdns/nxd_mdns.c:13553:14:_nx_mdns_name_match	32	static
/Users/AtomicOwner/Documents/UCLA/E96I/STM32CubeU5/Middlewares/ST/netxduo/addons/mdns/nxd_mdns.c:13633:14:_nx_mdns_txt_string_encode	24	static
/Users/AtomicOwner/Documents/UCLA/E96I/STM32CubeU5/Middlewares/ST/netxduo/addons/mdns/nxd_mdns.c:13732:13:_nx_mdns_txt_string_decode	32	static
/Users/AtomicOwner/Documents/UCLA/E96I/STM32CubeU5/Middlewares/ST/netxduo/addons/mdns/nxd_mdns.c:13828:14:_nx_mdns_name_size_calculate	24	static
/Users/AtomicOwner/Documents/UCLA/E96I/STM32CubeU5/Middlewares/ST/netxduo/addons/mdns/nxd_mdns.c:13917:14:_nx_mdns_name_string_encode	24	static
/Users/AtomicOwner/Documents/UCLA/E96I/STM32CubeU5/Middlewares/ST/netxduo/addons/mdns/nxd_mdns.c:14025:13:_nx_mdns_name_string_decode	48	static
/Users/AtomicOwner/Documents/UCLA/E96I/STM32CubeU5/Middlewares/ST/netxduo/addons/mdns/nxd_mdns.c:14170:14:_nx_mdns_rr_size_get	24	static
/Users/AtomicOwner/Documents/UCLA/E96I/STM32CubeU5/Middlewares/ST/netxduo/addons/mdns/nxd_mdns.c:14234:14:_nx_mdns_short_to_network_convert	16	static
/Users/AtomicOwner/Documents/UCLA/E96I/STM32CubeU5/Middlewares/ST/netxduo/addons/mdns/nxd_mdns.c:14283:13:_nx_mdns_long_to_network_convert	16	static
