/Users/AtomicOwner/Documents/UCLA/E96I/STM32CubeU5/Drivers/STM32U5xx_HAL_Driver/Src/stm32u5xx_hal_usart.c:278:19:HAL_USART_Init	16	static
/Users/AtomicOwner/Documents/UCLA/E96I/STM32CubeU5/Drivers/STM32U5xx_HAL_Driver/Src/stm32u5xx_hal_usart.c:340:19:HAL_USART_DeInit	16	static
/Users/AtomicOwner/Documents/UCLA/E96I/STM32CubeU5/Drivers/STM32U5xx_HAL_Driver/Src/stm32u5xx_hal_usart.c:383:13:HAL_USART_MspInit	16	static
/Users/AtomicOwner/Documents/UCLA/E96I/STM32CubeU5/Drivers/STM32U5xx_HAL_Driver/Src/stm32u5xx_hal_usart.c:398:13:HAL_USART_MspDeInit	16	static
/Users/AtomicOwner/Documents/UCLA/E96I/STM32CubeU5/Drivers/STM32U5xx_HAL_Driver/Src/stm32u5xx_hal_usart.c:746:19:HAL_USART_Transmit	48	static
/Users/AtomicOwner/Documents/UCLA/E96I/STM32CubeU5/Drivers/STM32U5xx_HAL_Driver/Src/stm32u5xx_hal_usart.c:852:19:HAL_USART_Receive	48	static
/Users/AtomicOwner/Documents/UCLA/E96I/STM32CubeU5/Drivers/STM32U5xx_HAL_Driver/Src/stm32u5xx_hal_usart.c:972:19:HAL_USART_TransmitReceive	64	static
/Users/AtomicOwner/Documents/UCLA/E96I/STM32CubeU5/Drivers/STM32U5xx_HAL_Driver/Src/stm32u5xx_hal_usart.c:1133:19:HAL_USART_Transmit_IT	24	static
/Users/AtomicOwner/Documents/UCLA/E96I/STM32CubeU5/Drivers/STM32U5xx_HAL_Driver/Src/stm32u5xx_hal_usart.c:1224:19:HAL_USART_Receive_IT	32	static
/Users/AtomicOwner/Documents/UCLA/E96I/STM32CubeU5/Drivers/STM32U5xx_HAL_Driver/Src/stm32u5xx_hal_usart.c:1346:19:HAL_USART_TransmitReceive_IT	24	static
/Users/AtomicOwner/Documents/UCLA/E96I/STM32CubeU5/Drivers/STM32U5xx_HAL_Driver/Src/stm32u5xx_hal_usart.c:1469:19:HAL_USART_Transmit_DMA	32	static
/Users/AtomicOwner/Documents/UCLA/E96I/STM32CubeU5/Drivers/STM32U5xx_HAL_Driver/Src/stm32u5xx_hal_usart.c:1590:19:HAL_USART_Receive_DMA	32	static
/Users/AtomicOwner/Documents/UCLA/E96I/STM32CubeU5/Drivers/STM32U5xx_HAL_Driver/Src/stm32u5xx_hal_usart.c:1773:19:HAL_USART_TransmitReceive_DMA	32	static
/Users/AtomicOwner/Documents/UCLA/E96I/STM32CubeU5/Drivers/STM32U5xx_HAL_Driver/Src/stm32u5xx_hal_usart.c:1956:19:HAL_USART_DMAPause	24	static
/Users/AtomicOwner/Documents/UCLA/E96I/STM32CubeU5/Drivers/STM32U5xx_HAL_Driver/Src/stm32u5xx_hal_usart.c:2041:19:HAL_USART_DMAResume	24	static
/Users/AtomicOwner/Documents/UCLA/E96I/STM32CubeU5/Drivers/STM32U5xx_HAL_Driver/Src/stm32u5xx_hal_usart.c:2118:19:HAL_USART_DMAStop	16	static
/Users/AtomicOwner/Documents/UCLA/E96I/STM32CubeU5/Drivers/STM32U5xx_HAL_Driver/Src/stm32u5xx_hal_usart.c:2179:19:HAL_USART_Abort	16	static
/Users/AtomicOwner/Documents/UCLA/E96I/STM32CubeU5/Drivers/STM32U5xx_HAL_Driver/Src/stm32u5xx_hal_usart.c:2283:19:HAL_USART_Abort_IT	24	static
/Users/AtomicOwner/Documents/UCLA/E96I/STM32CubeU5/Drivers/STM32U5xx_HAL_Driver/Src/stm32u5xx_hal_usart.c:2421:6:HAL_USART_IRQHandler	40	static
/Users/AtomicOwner/Documents/UCLA/E96I/STM32CubeU5/Drivers/STM32U5xx_HAL_Driver/Src/stm32u5xx_hal_usart.c:2665:13:HAL_USART_TxCpltCallback	16	static
/Users/AtomicOwner/Documents/UCLA/E96I/STM32CubeU5/Drivers/STM32U5xx_HAL_Driver/Src/stm32u5xx_hal_usart.c:2680:13:HAL_USART_TxHalfCpltCallback	16	static
/Users/AtomicOwner/Documents/UCLA/E96I/STM32CubeU5/Drivers/STM32U5xx_HAL_Driver/Src/stm32u5xx_hal_usart.c:2695:13:HAL_USART_RxCpltCallback	16	static
/Users/AtomicOwner/Documents/UCLA/E96I/STM32CubeU5/Drivers/STM32U5xx_HAL_Driver/Src/stm32u5xx_hal_usart.c:2710:13:HAL_USART_RxHalfCpltCallback	16	static
/Users/AtomicOwner/Documents/UCLA/E96I/STM32CubeU5/Drivers/STM32U5xx_HAL_Driver/Src/stm32u5xx_hal_usart.c:2725:13:HAL_USART_TxRxCpltCallback	16	static
/Users/AtomicOwner/Documents/UCLA/E96I/STM32CubeU5/Drivers/STM32U5xx_HAL_Driver/Src/stm32u5xx_hal_usart.c:2740:13:HAL_USART_ErrorCallback	16	static
/Users/AtomicOwner/Documents/UCLA/E96I/STM32CubeU5/Drivers/STM32U5xx_HAL_Driver/Src/stm32u5xx_hal_usart.c:2755:13:HAL_USART_AbortCpltCallback	16	static
/Users/AtomicOwner/Documents/UCLA/E96I/STM32CubeU5/Drivers/STM32U5xx_HAL_Driver/Src/stm32u5xx_hal_usart.c:2792:24:HAL_USART_GetState	16	static
/Users/AtomicOwner/Documents/UCLA/E96I/STM32CubeU5/Drivers/STM32U5xx_HAL_Driver/Src/stm32u5xx_hal_usart.c:2803:10:HAL_USART_GetError	16	static
/Users/AtomicOwner/Documents/UCLA/E96I/STM32CubeU5/Drivers/STM32U5xx_HAL_Driver/Src/stm32u5xx_hal_usart.c:2846:13:USART_EndTransfer	16	static
/Users/AtomicOwner/Documents/UCLA/E96I/STM32CubeU5/Drivers/STM32U5xx_HAL_Driver/Src/stm32u5xx_hal_usart.c:2863:13:USART_DMATransmitCplt	24	static
/Users/AtomicOwner/Documents/UCLA/E96I/STM32CubeU5/Drivers/STM32U5xx_HAL_Driver/Src/stm32u5xx_hal_usart.c:2905:13:USART_DMATxHalfCplt	24	static
/Users/AtomicOwner/Documents/UCLA/E96I/STM32CubeU5/Drivers/STM32U5xx_HAL_Driver/Src/stm32u5xx_hal_usart.c:2923:13:USART_DMAReceiveCplt	24	static
/Users/AtomicOwner/Documents/UCLA/E96I/STM32CubeU5/Drivers/STM32U5xx_HAL_Driver/Src/stm32u5xx_hal_usart.c:3000:13:USART_DMARxHalfCplt	24	static
/Users/AtomicOwner/Documents/UCLA/E96I/STM32CubeU5/Drivers/STM32U5xx_HAL_Driver/Src/stm32u5xx_hal_usart.c:3018:13:USART_DMAError	24	static
/Users/AtomicOwner/Documents/UCLA/E96I/STM32CubeU5/Drivers/STM32U5xx_HAL_Driver/Src/stm32u5xx_hal_usart.c:3044:13:USART_DMAAbortOnError	24	static
/Users/AtomicOwner/Documents/UCLA/E96I/STM32CubeU5/Drivers/STM32U5xx_HAL_Driver/Src/stm32u5xx_hal_usart.c:3067:13:USART_DMATxAbortCallback	24	static
/Users/AtomicOwner/Documents/UCLA/E96I/STM32CubeU5/Drivers/STM32U5xx_HAL_Driver/Src/stm32u5xx_hal_usart.c:3115:13:USART_DMARxAbortCallback	24	static
/Users/AtomicOwner/Documents/UCLA/E96I/STM32CubeU5/Drivers/STM32U5xx_HAL_Driver/Src/stm32u5xx_hal_usart.c:3165:26:USART_WaitOnFlagUntilTimeout	24	static
/Users/AtomicOwner/Documents/UCLA/E96I/STM32CubeU5/Drivers/STM32U5xx_HAL_Driver/Src/stm32u5xx_hal_usart.c:3193:26:USART_SetConfig	40	static
/Users/AtomicOwner/Documents/UCLA/E96I/STM32CubeU5/Drivers/STM32U5xx_HAL_Driver/Src/stm32u5xx_hal_usart.c:3297:26:USART_CheckIdleState	32	static
/Users/AtomicOwner/Documents/UCLA/E96I/STM32CubeU5/Drivers/STM32U5xx_HAL_Driver/Src/stm32u5xx_hal_usart.c:3347:13:USART_TxISR_8BIT	24	static
/Users/AtomicOwner/Documents/UCLA/E96I/STM32CubeU5/Drivers/STM32U5xx_HAL_Driver/Src/stm32u5xx_hal_usart.c:3382:13:USART_TxISR_16BIT	24	static
/Users/AtomicOwner/Documents/UCLA/E96I/STM32CubeU5/Drivers/STM32U5xx_HAL_Driver/Src/stm32u5xx_hal_usart.c:3418:13:USART_TxISR_8BIT_FIFOEN	24	static
/Users/AtomicOwner/Documents/UCLA/E96I/STM32CubeU5/Drivers/STM32U5xx_HAL_Driver/Src/stm32u5xx_hal_usart.c:3463:13:USART_TxISR_16BIT_FIFOEN	24	static
/Users/AtomicOwner/Documents/UCLA/E96I/STM32CubeU5/Drivers/STM32U5xx_HAL_Driver/Src/stm32u5xx_hal_usart.c:3506:13:USART_EndTransmit_IT	16	static
/Users/AtomicOwner/Documents/UCLA/E96I/STM32CubeU5/Drivers/STM32U5xx_HAL_Driver/Src/stm32u5xx_hal_usart.c:3563:13:USART_RxISR_8BIT	32	static
/Users/AtomicOwner/Documents/UCLA/E96I/STM32CubeU5/Drivers/STM32U5xx_HAL_Driver/Src/stm32u5xx_hal_usart.c:3654:13:USART_RxISR_16BIT	32	static
/Users/AtomicOwner/Documents/UCLA/E96I/STM32CubeU5/Drivers/STM32U5xx_HAL_Driver/Src/stm32u5xx_hal_usart.c:3747:13:USART_RxISR_8BIT_FIFOEN	32	static
/Users/AtomicOwner/Documents/UCLA/E96I/STM32CubeU5/Drivers/STM32U5xx_HAL_Driver/Src/stm32u5xx_hal_usart.c:3880:13:USART_RxISR_16BIT_FIFOEN	40	static
