/Users/AtomicOwner/Documents/UCLA/E96I/STM32CubeU5/Projects/B-U585I-IOT02A/Examples/GPIO/GPIO_EXTI/Src/main.c:67:5:main	8	static
/Users/AtomicOwner/Documents/UCLA/E96I/STM32CubeU5/Projects/B-U585I-IOT02A/Examples/GPIO/GPIO_EXTI/Src/main.c:124:6:SystemClock_Config	128	static
/Users/AtomicOwner/Documents/UCLA/E96I/STM32CubeU5/Projects/B-U585I-IOT02A/Examples/GPIO/GPIO_EXTI/Src/main.c:178:13:SystemPower_Config	8	static
/Users/AtomicOwner/Documents/UCLA/E96I/STM32CubeU5/Projects/B-U585I-IOT02A/Examples/GPIO/GPIO_EXTI/Src/main.c:202:13:MX_ICACHE_Init	8	static
/Users/AtomicOwner/Documents/UCLA/E96I/STM32CubeU5/Projects/B-U585I-IOT02A/Examples/GPIO/GPIO_EXTI/Src/main.c:235:13:EXTI13_IRQHandler_Config	32	static
/Users/AtomicOwner/Documents/UCLA/E96I/STM32CubeU5/Projects/B-U585I-IOT02A/Examples/GPIO/GPIO_EXTI/Src/main.c:263:6:HAL_GPIO_EXTI_Falling_Callback	16	static
/Users/AtomicOwner/Documents/UCLA/E96I/STM32CubeU5/Projects/B-U585I-IOT02A/Examples/GPIO/GPIO_EXTI/Src/main.c:277:6:Error_Handler	4	static
