../Drivers/BSP/Components/iis2mdc/iis2mdc.c:83:9:IIS2MDC_RegisterBusIO	24	static
../Drivers/BSP/Components/iis2mdc/iis2mdc.c:139:9:IIS2MDC_Init	16	static
../Drivers/BSP/Components/iis2mdc/iis2mdc.c:175:9:IIS2MDC_DeInit	16	static
../Drivers/BSP/Components/iis2mdc/iis2mdc.c:194:9:IIS2MDC_ReadID	16	static
../Drivers/BSP/Components/iis2mdc/iis2mdc.c:210:9:IIS2MDC_GetCapabilities	16	static
../Drivers/BSP/Components/iis2mdc/iis2mdc.c:233:9:IIS2MDC_MAG_Enable	16	static
../Drivers/BSP/Components/iis2mdc/iis2mdc.c:257:9:IIS2MDC_MAG_Disable	16	static
../Drivers/BSP/Components/iis2mdc/iis2mdc.c:282:9:IIS2MDC_MAG_GetSensitivity	16	static
../Drivers/BSP/Components/iis2mdc/iis2mdc.c:296:9:IIS2MDC_MAG_GetOutputDataRate	24	static
../Drivers/BSP/Components/iis2mdc/iis2mdc.c:339:9:IIS2MDC_MAG_SetOutputDataRate	24	static
../Drivers/BSP/Components/iis2mdc/iis2mdc.c:363:9:IIS2MDC_MAG_GetFullScale	16	static
../Drivers/BSP/Components/iis2mdc/iis2mdc.c:377:9:IIS2MDC_MAG_SetFullScale	16	static
../Drivers/BSP/Components/iis2mdc/iis2mdc.c:390:9:IIS2MDC_MAG_GetAxesRaw	24	static
../Drivers/BSP/Components/iis2mdc/iis2mdc.c:414:9:IIS2MDC_MAG_GetAxes	32	static
../Drivers/BSP/Components/iis2mdc/iis2mdc.c:443:9:IIS2MDC_Read_Reg	24	static
../Drivers/BSP/Components/iis2mdc/iis2mdc.c:460:9:IIS2MDC_Write_Reg	16	static
../Drivers/BSP/Components/iis2mdc/iis2mdc.c:476:9:IIS2MDC_MAG_Get_DRDY_Status	16	static
../Drivers/BSP/Components/iis2mdc/iis2mdc.c:492:9:IIS2MDC_MAG_Get_Init_Status	16	static
../Drivers/BSP/Components/iis2mdc/iis2mdc.c:520:16:ReadMagRegWrap	40	static
../Drivers/BSP/Components/iis2mdc/iis2mdc.c:544:16:WriteMagRegWrap	40	static
