/Users/AtomicOwner/Documents/UCLA/E96I/STM32CubeU5/Projects/B-U585I-IOT02A/Applications/BLE/BLE_AT_Client/Src/main.c:56:5:main	16	static
/Users/AtomicOwner/Documents/UCLA/E96I/STM32CubeU5/Projects/B-U585I-IOT02A/Applications/BLE/BLE_AT_Client/Src/main.c:135:6:SystemClock_Config	136	static
/Users/AtomicOwner/Documents/UCLA/E96I/STM32CubeU5/Projects/B-U585I-IOT02A/Applications/BLE/BLE_AT_Client/Src/main.c:189:13:MX_USART1_UART_Init	8	static
/Users/AtomicOwner/Documents/UCLA/E96I/STM32CubeU5/Projects/B-U585I-IOT02A/Applications/BLE/BLE_AT_Client/Src/main.c:237:13:MX_USART4_UART_Init	8	static
/Users/AtomicOwner/Documents/UCLA/E96I/STM32CubeU5/Projects/B-U585I-IOT02A/Applications/BLE/BLE_AT_Client/Src/main.c:285:13:CACHE_Enable	8	static
/Users/AtomicOwner/Documents/UCLA/E96I/STM32CubeU5/Projects/B-U585I-IOT02A/Applications/BLE/BLE_AT_Client/Src/main.c:299:1:__io_putchar	16	static
/Users/AtomicOwner/Documents/UCLA/E96I/STM32CubeU5/Projects/B-U585I-IOT02A/Applications/BLE/BLE_AT_Client/Src/main.c:312:6:Error_Handler	8	static
