/Users/AtomicOwner/Documents/UCLA/E96I/STM32CubeU5/Projects/B-U585I-IOT02A/Applications/BLE/BLE_AT_Client/Src/stm32u5xx_it.c:42:6:NMI_Handler	4	static
/Users/AtomicOwner/Documents/UCLA/E96I/STM32CubeU5/Projects/B-U585I-IOT02A/Applications/BLE/BLE_AT_Client/Src/stm32u5xx_it.c:51:6:HardFault_Handler	4	static
/Users/AtomicOwner/Documents/UCLA/E96I/STM32CubeU5/Projects/B-U585I-IOT02A/Applications/BLE/BLE_AT_Client/Src/stm32u5xx_it.c:64:6:MemManage_Handler	4	static
/Users/AtomicOwner/Documents/UCLA/E96I/STM32CubeU5/Projects/B-U585I-IOT02A/Applications/BLE/BLE_AT_Client/Src/stm32u5xx_it.c:77:6:BusFault_Handler	4	static
/Users/AtomicOwner/Documents/UCLA/E96I/STM32CubeU5/Projects/B-U585I-IOT02A/Applications/BLE/BLE_AT_Client/Src/stm32u5xx_it.c:90:6:UsageFault_Handler	4	static
/Users/AtomicOwner/Documents/UCLA/E96I/STM32CubeU5/Projects/B-U585I-IOT02A/Applications/BLE/BLE_AT_Client/Src/stm32u5xx_it.c:103:6:SVC_Handler	4	static
/Users/AtomicOwner/Documents/UCLA/E96I/STM32CubeU5/Projects/B-U585I-IOT02A/Applications/BLE/BLE_AT_Client/Src/stm32u5xx_it.c:112:6:DebugMon_Handler	4	static
/Users/AtomicOwner/Documents/UCLA/E96I/STM32CubeU5/Projects/B-U585I-IOT02A/Applications/BLE/BLE_AT_Client/Src/stm32u5xx_it.c:124:6:PendSV_Handler	4	static
/Users/AtomicOwner/Documents/UCLA/E96I/STM32CubeU5/Projects/B-U585I-IOT02A/Applications/BLE/BLE_AT_Client/Src/stm32u5xx_it.c:136:6:SysTick_Handler	8	static
/Users/AtomicOwner/Documents/UCLA/E96I/STM32CubeU5/Projects/B-U585I-IOT02A/Applications/BLE/BLE_AT_Client/Src/stm32u5xx_it.c:151:6:UART4_IRQHandler	8	static
/Users/AtomicOwner/Documents/UCLA/E96I/STM32CubeU5/Projects/B-U585I-IOT02A/Applications/BLE/BLE_AT_Client/Src/stm32u5xx_it.c:167:6:EXTI13_IRQHandler	8	static
