/Users/AtomicOwner/Documents/UCLA/E96I/STM32CubeU5/Middlewares/ST/netxduo/addons/mqtt/nxd_mqtt_client.c:114:6:_nxd_mqtt_client_set_fixed_header	56	static
/Users/AtomicOwner/Documents/UCLA/E96I/STM32CubeU5/Middlewares/ST/netxduo/addons/mqtt/nxd_mqtt_client.c:196:6:_nxd_mqtt_read_remaining_length	56	static
/Users/AtomicOwner/Documents/UCLA/E96I/STM32CubeU5/Middlewares/ST/netxduo/addons/mqtt/nxd_mqtt_client.c:314:6:_nxd_mqtt_client_sub_unsub	56	static
/Users/AtomicOwner/Documents/UCLA/E96I/STM32CubeU5/Middlewares/ST/netxduo/addons/mqtt/nxd_mqtt_client.c:545:13:_nxd_mqtt_packet_allocate	32	static
/Users/AtomicOwner/Documents/UCLA/E96I/STM32CubeU5/Middlewares/ST/netxduo/addons/mqtt/nxd_mqtt_client.c:633:13:_nxd_mqtt_packet_send	32	static
/Users/AtomicOwner/Documents/UCLA/E96I/STM32CubeU5/Middlewares/ST/netxduo/addons/mqtt/nxd_mqtt_client.c:700:13:_nxd_mqtt_packet_receive	32	static
/Users/AtomicOwner/Documents/UCLA/E96I/STM32CubeU5/Middlewares/ST/netxduo/addons/mqtt/nxd_mqtt_client.c:775:13:_nxd_mqtt_tcp_establish_notify	24	static
/Users/AtomicOwner/Documents/UCLA/E96I/STM32CubeU5/Middlewares/ST/netxduo/addons/mqtt/nxd_mqtt_client.c:838:13:_nxd_mqtt_receive_callback	24	static
/Users/AtomicOwner/Documents/UCLA/E96I/STM32CubeU5/Middlewares/ST/netxduo/addons/mqtt/nxd_mqtt_client.c:910:13:_nxd_mqtt_copy_transmit_packet	32	static
/Users/AtomicOwner/Documents/UCLA/E96I/STM32CubeU5/Middlewares/ST/netxduo/addons/mqtt/nxd_mqtt_client.c:1003:13:_nxd_mqtt_release_transmit_packet	24	static
/Users/AtomicOwner/Documents/UCLA/E96I/STM32CubeU5/Middlewares/ST/netxduo/addons/mqtt/nxd_mqtt_client.c:1074:13:_nxd_mqtt_release_receive_packet	24	static
/Users/AtomicOwner/Documents/UCLA/E96I/STM32CubeU5/Middlewares/ST/netxduo/addons/mqtt/nxd_mqtt_client.c:1142:13:_nxd_mqtt_process_connack	32	static
/Users/AtomicOwner/Documents/UCLA/E96I/STM32CubeU5/Middlewares/ST/netxduo/addons/mqtt/nxd_mqtt_client.c:1282:6:_nxd_mqtt_process_publish_packet	56	static
/Users/AtomicOwner/Documents/UCLA/E96I/STM32CubeU5/Middlewares/ST/netxduo/addons/mqtt/nxd_mqtt_client.c:1397:13:_nxd_mqtt_process_publish	80	static
/Users/AtomicOwner/Documents/UCLA/E96I/STM32CubeU5/Middlewares/ST/netxduo/addons/mqtt/nxd_mqtt_client.c:1650:13:_nxd_mqtt_process_publish_response	64	static
/Users/AtomicOwner/Documents/UCLA/E96I/STM32CubeU5/Middlewares/ST/netxduo/addons/mqtt/nxd_mqtt_client.c:1836:13:_nxd_mqtt_process_sub_unsub_ack	64	static
/Users/AtomicOwner/Documents/UCLA/E96I/STM32CubeU5/Middlewares/ST/netxduo/addons/mqtt/nxd_mqtt_client.c:1978:13:_nxd_mqtt_process_pingresp	16	static
/Users/AtomicOwner/Documents/UCLA/E96I/STM32CubeU5/Middlewares/ST/netxduo/addons/mqtt/nxd_mqtt_client.c:2039:13:_nxd_mqtt_process_disconnect	40	static
/Users/AtomicOwner/Documents/UCLA/E96I/STM32CubeU5/Middlewares/ST/netxduo/addons/mqtt/nxd_mqtt_client.c:2193:13:_nxd_mqtt_packet_receive_process	64	static
/Users/AtomicOwner/Documents/UCLA/E96I/STM32CubeU5/Middlewares/ST/netxduo/addons/mqtt/nxd_mqtt_client.c:2456:13:_nxd_mqtt_tcp_establish_process	24	static
/Users/AtomicOwner/Documents/UCLA/E96I/STM32CubeU5/Middlewares/ST/netxduo/addons/mqtt/nxd_mqtt_client.c:2585:13:_nxd_mqtt_tls_establish_process	24	static
/Users/AtomicOwner/Documents/UCLA/E96I/STM32CubeU5/Middlewares/ST/netxduo/addons/mqtt/nxd_mqtt_client.c:2691:6:_nxd_mqtt_client_append_message	40	static
/Users/AtomicOwner/Documents/UCLA/E96I/STM32CubeU5/Middlewares/ST/netxduo/addons/mqtt/nxd_mqtt_client.c:2766:6:_nxd_mqtt_client_connection_end	16	static
/Users/AtomicOwner/Documents/UCLA/E96I/STM32CubeU5/Middlewares/ST/netxduo/addons/mqtt/nxd_mqtt_client.c:2851:13:_nxd_mqtt_periodic_timer_entry	32	static
/Users/AtomicOwner/Documents/UCLA/E96I/STM32CubeU5/Middlewares/ST/netxduo/addons/mqtt/nxd_mqtt_client.c:2941:13:_nxd_mqtt_client_event_process	32	static
/Users/AtomicOwner/Documents/UCLA/E96I/STM32CubeU5/Middlewares/ST/netxduo/addons/mqtt/nxd_mqtt_client.c:3085:13:_nxd_mqtt_thread_entry	32	static
/Users/AtomicOwner/Documents/UCLA/E96I/STM32CubeU5/Middlewares/ST/netxduo/addons/mqtt/nxd_mqtt_client.c:3153:13:_mqtt_client_disconnect_callback	24	static
/Users/AtomicOwner/Documents/UCLA/E96I/STM32CubeU5/Middlewares/ST/netxduo/addons/mqtt/nxd_mqtt_client.c:3221:6:_nxd_mqtt_client_create	56	static
/Users/AtomicOwner/Documents/UCLA/E96I/STM32CubeU5/Middlewares/ST/netxduo/addons/mqtt/nxd_mqtt_client.c:3353:13:_nxd_mqtt_client_create_internal	64	static
/Users/AtomicOwner/Documents/UCLA/E96I/STM32CubeU5/Middlewares/ST/netxduo/addons/mqtt/nxd_mqtt_client.c:3489:6:_nxd_mqtt_client_login_set	32	static
/Users/AtomicOwner/Documents/UCLA/E96I/STM32CubeU5/Middlewares/ST/netxduo/addons/mqtt/nxd_mqtt_client.c:3566:6:_nxd_mqtt_client_will_message_set	32	static
/Users/AtomicOwner/Documents/UCLA/E96I/STM32CubeU5/Middlewares/ST/netxduo/addons/mqtt/nxd_mqtt_client.c:3655:6:_nxde_mqtt_client_will_message_set	40	static
/Users/AtomicOwner/Documents/UCLA/E96I/STM32CubeU5/Middlewares/ST/netxduo/addons/mqtt/nxd_mqtt_client.c:3733:6:_nxde_mqtt_client_login_set	32	static
/Users/AtomicOwner/Documents/UCLA/E96I/STM32CubeU5/Middlewares/ST/netxduo/addons/mqtt/nxd_mqtt_client.c:3803:13:_nxd_mqtt_client_retransmit_message	40	static
/Users/AtomicOwner/Documents/UCLA/E96I/STM32CubeU5/Middlewares/ST/netxduo/addons/mqtt/nxd_mqtt_client.c:3943:6:_nxd_mqtt_client_connect	80	static
/Users/AtomicOwner/Documents/UCLA/E96I/STM32CubeU5/Middlewares/ST/netxduo/addons/mqtt/nxd_mqtt_client.c:4277:6:_nxd_mqtt_client_connect_packet_send	56	static
/Users/AtomicOwner/Documents/UCLA/E96I/STM32CubeU5/Middlewares/ST/netxduo/addons/mqtt/nxd_mqtt_client.c:4520:6:_nxd_mqtt_client_secure_connect	48	static
/Users/AtomicOwner/Documents/UCLA/E96I/STM32CubeU5/Middlewares/ST/netxduo/addons/mqtt/nxd_mqtt_client.c:4595:6:_nxd_mqtt_client_delete	16	static
/Users/AtomicOwner/Documents/UCLA/E96I/STM32CubeU5/Middlewares/ST/netxduo/addons/mqtt/nxd_mqtt_client.c:4691:6:_nxd_mqtt_client_publish_packet_send	48	static
/Users/AtomicOwner/Documents/UCLA/E96I/STM32CubeU5/Middlewares/ST/netxduo/addons/mqtt/nxd_mqtt_client.c:4823:6:_nxd_mqtt_client_publish	56	static
/Users/AtomicOwner/Documents/UCLA/E96I/STM32CubeU5/Middlewares/ST/netxduo/addons/mqtt/nxd_mqtt_client.c:5026:6:_nxd_mqtt_client_subscribe	32	static
/Users/AtomicOwner/Documents/UCLA/E96I/STM32CubeU5/Middlewares/ST/netxduo/addons/mqtt/nxd_mqtt_client.c:5088:6:_nxd_mqtt_client_unsubscribe	32	static
/Users/AtomicOwner/Documents/UCLA/E96I/STM32CubeU5/Middlewares/ST/netxduo/addons/mqtt/nxd_mqtt_client.c:5148:13:_nxd_mqtt_send_simple_message	32	static
/Users/AtomicOwner/Documents/UCLA/E96I/STM32CubeU5/Middlewares/ST/netxduo/addons/mqtt/nxd_mqtt_client.c:5258:6:_nxd_mqtt_client_disconnect	24	static
/Users/AtomicOwner/Documents/UCLA/E96I/STM32CubeU5/Middlewares/ST/netxduo/addons/mqtt/nxd_mqtt_client.c:5335:6:_nxd_mqtt_client_receive_notify_set	16	static
/Users/AtomicOwner/Documents/UCLA/E96I/STM32CubeU5/Middlewares/ST/netxduo/addons/mqtt/nxd_mqtt_client.c:5404:6:_nxd_mqtt_client_message_get	56	static
/Users/AtomicOwner/Documents/UCLA/E96I/STM32CubeU5/Middlewares/ST/netxduo/addons/mqtt/nxd_mqtt_client.c:5509:6:_nxde_mqtt_client_create	56	static
/Users/AtomicOwner/Documents/UCLA/E96I/STM32CubeU5/Middlewares/ST/netxduo/addons/mqtt/nxd_mqtt_client.c:5578:6:_nxde_mqtt_client_connect	40	static
/Users/AtomicOwner/Documents/UCLA/E96I/STM32CubeU5/Middlewares/ST/netxduo/addons/mqtt/nxd_mqtt_client.c:5663:6:_nxde_mqtt_client_secure_connect	48	static
/Users/AtomicOwner/Documents/UCLA/E96I/STM32CubeU5/Middlewares/ST/netxduo/addons/mqtt/nxd_mqtt_client.c:5735:6:_nxde_mqtt_client_delete	24	static
/Users/AtomicOwner/Documents/UCLA/E96I/STM32CubeU5/Middlewares/ST/netxduo/addons/mqtt/nxd_mqtt_client.c:5801:6:_nxde_mqtt_client_publish	40	static
/Users/AtomicOwner/Documents/UCLA/E96I/STM32CubeU5/Middlewares/ST/netxduo/addons/mqtt/nxd_mqtt_client.c:5881:6:_nxde_mqtt_client_subscribe	24	static
/Users/AtomicOwner/Documents/UCLA/E96I/STM32CubeU5/Middlewares/ST/netxduo/addons/mqtt/nxd_mqtt_client.c:5952:6:_nxde_mqtt_client_unsubscribe	24	static
/Users/AtomicOwner/Documents/UCLA/E96I/STM32CubeU5/Middlewares/ST/netxduo/addons/mqtt/nxd_mqtt_client.c:6011:6:_nxde_mqtt_client_disconnect	16	static
/Users/AtomicOwner/Documents/UCLA/E96I/STM32CubeU5/Middlewares/ST/netxduo/addons/mqtt/nxd_mqtt_client.c:6074:6:_nxde_mqtt_client_message_get	40	static
/Users/AtomicOwner/Documents/UCLA/E96I/STM32CubeU5/Middlewares/ST/netxduo/addons/mqtt/nxd_mqtt_client.c:6143:6:_nxde_mqtt_client_receive_notify_set	16	static
/Users/AtomicOwner/Documents/UCLA/E96I/STM32CubeU5/Middlewares/ST/netxduo/addons/mqtt/nxd_mqtt_client.c:6205:6:_nxd_mqtt_client_disconnect_notify_set	16	static
/Users/AtomicOwner/Documents/UCLA/E96I/STM32CubeU5/Middlewares/ST/netxduo/addons/mqtt/nxd_mqtt_client.c:6257:6:_nxde_mqtt_client_disconnect_notify_set	16	static
