Archive member included to satisfy reference by file (symbol)

/Applications/STM32CubeIDE.app/Contents/Eclipse/plugins/com.st.stm32cube.ide.mcu.externaltools.gnu-tools-for-stm32.11.3.rel1.macos64_1.1.100.202310310803/tools/bin/../lib/gcc/arm-none-eabi/11.3.1/../../../../arm-none-eabi/lib/thumb/v8-m.main+fp/hard/libc_nano.a(libc_a-exit.o)
                              /Applications/STM32CubeIDE.app/Contents/Eclipse/plugins/com.st.stm32cube.ide.mcu.externaltools.gnu-tools-for-stm32.11.3.rel1.macos64_1.1.100.202310310803/tools/bin/../lib/gcc/arm-none-eabi/11.3.1/../../../../arm-none-eabi/lib/thumb/v8-m.main+fp/hard/crt0.o (exit)
/Applications/STM32CubeIDE.app/Contents/Eclipse/plugins/com.st.stm32cube.ide.mcu.externaltools.gnu-tools-for-stm32.11.3.rel1.macos64_1.1.100.202310310803/tools/bin/../lib/gcc/arm-none-eabi/11.3.1/../../../../arm-none-eabi/lib/thumb/v8-m.main+fp/hard/libc_nano.a(libc_a-sprintf.o)
                              ./Drivers/BSP/Components/stm32wb_at/stm32wb_at_client.o (sprintf)
/Applications/STM32CubeIDE.app/Contents/Eclipse/plugins/com.st.stm32cube.ide.mcu.externaltools.gnu-tools-for-stm32.11.3.rel1.macos64_1.1.100.202310310803/tools/bin/../lib/gcc/arm-none-eabi/11.3.1/../../../../arm-none-eabi/lib/thumb/v8-m.main+fp/hard/libc_nano.a(libc_a-findfp.o)
                              /Applications/STM32CubeIDE.app/Contents/Eclipse/plugins/com.st.stm32cube.ide.mcu.externaltools.gnu-tools-for-stm32.11.3.rel1.macos64_1.1.100.202310310803/tools/bin/../lib/gcc/arm-none-eabi/11.3.1/../../../../arm-none-eabi/lib/thumb/v8-m.main+fp/hard/libc_nano.a(libc_a-exit.o) (__stdio_exit_handler)
/Applications/STM32CubeIDE.app/Contents/Eclipse/plugins/com.st.stm32cube.ide.mcu.externaltools.gnu-tools-for-stm32.11.3.rel1.macos64_1.1.100.202310310803/tools/bin/../lib/gcc/arm-none-eabi/11.3.1/../../../../arm-none-eabi/lib/thumb/v8-m.main+fp/hard/libc_nano.a(libc_a-strtod.o)
                              ./Drivers/BSP/Components/stm32wb_at/stm32wb_at_client.o (strtof)
/Applications/STM32CubeIDE.app/Contents/Eclipse/plugins/com.st.stm32cube.ide.mcu.externaltools.gnu-tools-for-stm32.11.3.rel1.macos64_1.1.100.202310310803/tools/bin/../lib/gcc/arm-none-eabi/11.3.1/../../../../arm-none-eabi/lib/thumb/v8-m.main+fp/hard/libc_nano.a(libc_a-strtol.o)
                              ./Drivers/BSP/Components/stm32wb_at/stm32wb_at_client.o (strtol)
/Applications/STM32CubeIDE.app/Contents/Eclipse/plugins/com.st.stm32cube.ide.mcu.externaltools.gnu-tools-for-stm32.11.3.rel1.macos64_1.1.100.202310310803/tools/bin/../lib/gcc/arm-none-eabi/11.3.1/../../../../arm-none-eabi/lib/thumb/v8-m.main+fp/hard/libc_nano.a(libc_a-fwalk.o)
                              /Applications/STM32CubeIDE.app/Contents/Eclipse/plugins/com.st.stm32cube.ide.mcu.externaltools.gnu-tools-for-stm32.11.3.rel1.macos64_1.1.100.202310310803/tools/bin/../lib/gcc/arm-none-eabi/11.3.1/../../../../arm-none-eabi/lib/thumb/v8-m.main+fp/hard/libc_nano.a(libc_a-findfp.o) (_fwalk_sglue)
/Applications/STM32CubeIDE.app/Contents/Eclipse/plugins/com.st.stm32cube.ide.mcu.externaltools.gnu-tools-for-stm32.11.3.rel1.macos64_1.1.100.202310310803/tools/bin/../lib/gcc/arm-none-eabi/11.3.1/../../../../arm-none-eabi/lib/thumb/v8-m.main+fp/hard/libc_nano.a(libc_a-printf.o)
                              ./Example/User/ble_at_appli.o (printf)
/Applications/STM32CubeIDE.app/Contents/Eclipse/plugins/com.st.stm32cube.ide.mcu.externaltools.gnu-tools-for-stm32.11.3.rel1.macos64_1.1.100.202310310803/tools/bin/../lib/gcc/arm-none-eabi/11.3.1/../../../../arm-none-eabi/lib/thumb/v8-m.main+fp/hard/libc_nano.a(libc_a-puts.o)
                              ./Example/User/ble_at_appli.o (puts)
/Applications/STM32CubeIDE.app/Contents/Eclipse/plugins/com.st.stm32cube.ide.mcu.externaltools.gnu-tools-for-stm32.11.3.rel1.macos64_1.1.100.202310310803/tools/bin/../lib/gcc/arm-none-eabi/11.3.1/../../../../arm-none-eabi/lib/thumb/v8-m.main+fp/hard/libc_nano.a(libc_a-strcat.o)
                              ./Drivers/BSP/Components/stm32wb_at/stm32wb_at_client.o (strcat)
/Applications/STM32CubeIDE.app/Contents/Eclipse/plugins/com.st.stm32cube.ide.mcu.externaltools.gnu-tools-for-stm32.11.3.rel1.macos64_1.1.100.202310310803/tools/bin/../lib/gcc/arm-none-eabi/11.3.1/../../../../arm-none-eabi/lib/thumb/v8-m.main+fp/hard/libc_nano.a(libc_a-strncmp.o)
                              ./Drivers/BSP/Components/stm32wb_at/stm32wb_at.o (strncmp)
/Applications/STM32CubeIDE.app/Contents/Eclipse/plugins/com.st.stm32cube.ide.mcu.externaltools.gnu-tools-for-stm32.11.3.rel1.macos64_1.1.100.202310310803/tools/bin/../lib/gcc/arm-none-eabi/11.3.1/../../../../arm-none-eabi/lib/thumb/v8-m.main+fp/hard/libc_nano.a(libc_a-strtok.o)
                              ./Drivers/BSP/Components/stm32wb_at/stm32wb_at_client.o (strtok)
[...]
Memory Configuration

Name             Origin             Length             Attributes
RAM              0x0000000020000000 0x00000000000c0000 xrw
ROM              0x0000000008000000 0x0000000000200000 xr
*default*        0x0000000000000000 0xffffffffffffffff

Linker script and memory map

LOAD /Applications/STM32CubeIDE.app/Contents/Eclipse/plugins/com.st.stm32cube.ide.mcu.externaltools.gnu-tools-for-stm32.11.3.rel1.macos64_1.1.100.202310310803/tools/bin/../lib/gcc/arm-none-eabi/11.3.1/thumb/v8-m.main+fp/hard/crti.o
LOAD /Applications/STM32CubeIDE.app/Contents/Eclipse/plugins/com.st.stm32cube.ide.mcu.externaltools.gnu-tools-for-stm32.11.3.rel1.macos64_1.1.100.202310310803/tools/bin/../lib/gcc/arm-none-eabi/11.3.1/thumb/v8-m.main+fp/hard/crtbegin.o
LOAD /Applications/STM32CubeIDE.app/Contents/Eclipse/plugins/com.st.stm32cube.ide.mcu.externaltools.gnu-tools-for-stm32.11.3.rel1.macos64_1.1.100.202310310803/tools/bin/../lib/gcc/arm-none-eabi/11.3.1/../../../../arm-none-eabi/lib/thumb/v8-m.main+fp/hard/crt0.o
LOAD ./Drivers/BSP/B-U585I-IOT02A/b_u585i_iot02a.o
LOAD ./Drivers/BSP/Components/stm32wb_at/stm32wb_at.o
LOAD ./Drivers/BSP/Components/stm32wb_at/stm32wb_at_ble.o
LOAD ./Drivers/BSP/Components/stm32wb_at/stm32wb_at_client.o
LOAD ./Drivers/BSP/Components/stm32wb_at/stm32wb_at_ll.o
LOAD ./Drivers/CMSIS/system_stm32u5xx.o
LOAD ./Drivers/STM32U5xx_HAL_Driver/stm32u5xx_hal.o
LOAD ./Drivers/STM32U5xx_HAL_Driver/stm32u5xx_hal_cortex.o
LOAD ./Drivers/STM32U5xx_HAL_Driver/stm32u5xx_hal_dcache.o
LOAD ./Drivers/STM32U5xx_HAL_Driver/stm32u5xx_hal_dma.o
LOAD ./Drivers/STM32U5xx_HAL_Driver/stm32u5xx_hal_dma_ex.o
LOAD ./Drivers/STM32U5xx_HAL_Driver/stm32u5xx_hal_exti.o
LOAD ./Drivers/STM32U5xx_HAL_Driver/stm32u5xx_hal_flash.o
LOAD ./Drivers/STM32U5xx_HAL_Driver/stm32u5xx_hal_flash_ex.o
LOAD ./Drivers/STM32U5xx_HAL_Driver/stm32u5xx_hal_gpio.o
LOAD ./Drivers/STM32U5xx_HAL_Driver/stm32u5xx_hal_icache.o
LOAD ./Drivers/STM32U5xx_HAL_Driver/stm32u5xx_hal_pwr.o
LOAD ./Drivers/STM32U5xx_HAL_Driver/stm32u5xx_hal_pwr_ex.o
LOAD ./Drivers/STM32U5xx_HAL_Driver/stm32u5xx_hal_rcc.o
LOAD ./Drivers/STM32U5xx_HAL_Driver/stm32u5xx_hal_rcc_ex.o
LOAD ./Drivers/STM32U5xx_HAL_Driver/stm32u5xx_hal_uart.o
LOAD ./Drivers/STM32U5xx_HAL_Driver/stm32u5xx_hal_uart_ex.o
LOAD ./Drivers/STM32U5xx_HAL_Driver/stm32u5xx_hal_usart.o
LOAD ./Drivers/STM32U5xx_HAL_Driver/stm32u5xx_hal_usart_ex.o
LOAD ./Example/Startup/startup_stm32u585aiix.o
LOAD ./Example/User/ble_at_appli.o
LOAD ./Example/User/main.o
LOAD ./Example/User/stm32u5xx_hal_msp.o
LOAD ./Example/User/stm32u5xx_it.o
LOAD ./Example/User/syscalls.o
LOAD ./Example/User/sysmem.o
START GROUP
LOAD /Applications/STM32CubeIDE.app/Contents/Eclipse/plugins/com.st.stm32cube.ide.mcu.externaltools.gnu-tools-for-stm32.11.3.rel1.macos64_1.1.100.202310310803/tools/bin/../lib/gcc/arm-none-eabi/11.3.1/../../../../arm-none-eabi/lib/thumb/v8-m.main+fp/hard/libc_nano.a
LOAD /Applications/STM32CubeIDE.app/Contents/Eclipse/plugins/com.st.stm32cube.ide.mcu.externaltools.gnu-tools-for-stm32.11.3.rel1.macos64_1.1.100.202310310803/tools/bin/../lib/gcc/arm-none-eabi/11.3.1/../../../../arm-none-eabi/lib/thumb/v8-m.main+fp/hard/libm.a
END GROUP
START GROUP
LOAD /Applications/STM32CubeIDE.app/Contents/Eclipse/plugins/com.st.stm32cube.ide.mcu.externaltools.gnu-tools-for-stm32.11.3.rel1.macos64_1.1.100.202310310803/tools/bin/../lib/gcc/arm-none-eabi/11.3.1/thumb/v8-m.main+fp/hard/libgcc.a
LOAD /Applications/STM32CubeIDE.app/Contents/Eclipse/plugins/com.st.stm32cube.ide.mcu.externaltools.gnu-tools-for-stm32.11.3.rel1.macos64_1.1.100.202310310803/tools/bin/../lib/gcc/arm-none-eabi/11.3.1/../../../../arm-none-eabi/lib/thumb/v8-m.main+fp/hard/libc_nano.a
END GROUP
START GROUP
LOAD /Applications/STM32CubeIDE.app/Contents/Eclipse/plugins/com.st.stm32cube.ide.mcu.externaltools.gnu-tools-for-stm32.11.3.rel1.macos64_1.1.100.202310310803/tools/bin/../lib/gcc/arm-none-eabi/11.3.1/thumb/v8-m.main+fp/hard/libgcc.a
LOAD /Applications/STM32CubeIDE.app/Contents/Eclipse/plugins/com.st.stm32cube.ide.mcu.externaltools.gnu-tools-for-stm32.11.3.rel1.macos64_1.1.100.202310310803/tools/bin/../lib/gcc/arm-none-eabi/11.3.1/../../../../arm-none-eabi/lib/thumb/v8-m.main+fp/hard/libc_nano.a
LOAD /Applications/STM32CubeIDE.app/Contents/Eclipse/plugins/com.st.stm32cube.ide.mcu.externaltools.gnu-tools-for-stm32.11.3.rel1.macos64_1.1.100.202310310803/tools/bin/../lib/gcc/arm-none-eabi/11.3.1/../../../../arm-none-eabi/lib/thumb/v8-m.main+fp/hard/libnosys.a
END GROUP
START GROUP
LOAD /Applications/STM32CubeIDE.app/Contents/Eclipse/plugins/com.st.stm32cube.ide.mcu.externaltools.gnu-tools-for-stm32.11.3.rel1.macos64_1.1.100.202310310803/tools/bin/../lib/gcc/arm-none-eabi/11.3.1/thumb/v8-m.main+fp/hard/libgcc.a
LOAD /Applications/STM32CubeIDE.app/Contents/Eclipse/plugins/com.st.stm32cube.ide.mcu.externaltools.gnu-tools-for-stm32.11.3.rel1.macos64_1.1.100.202310310803/tools/bin/../lib/gcc/arm-none-eabi/11.3.1/../../../../arm-none-eabi/lib/thumb/v8-m.main+fp/hard/libc_nano.a
LOAD /Applications/STM32CubeIDE.app/Contents/Eclipse/plugins/com.st.stm32cube.ide.mcu.externaltools.gnu-tools-for-stm32.11.3.rel1.macos64_1.1.100.202310310803/tools/bin/../lib/gcc/arm-none-eabi/11.3.1/../../../../arm-none-eabi/lib/thumb/v8-m.main+fp/hard/libnosys.a
END GROUP
LOAD /Applications/STM32CubeIDE.app/Contents/Eclipse/plugins/com.st.stm32cube.ide.mcu.externaltools.gnu-tools-for-stm32.11.3.rel1.macos64_1.1.100.202310310803/tools/bin/../lib/gcc/arm-none-eabi/11.3.1/thumb/v8-m.main+fp/hard/crtend.o
LOAD /Applications/STM32CubeIDE.app/Contents/Eclipse/plugins/com.st.stm32cube.ide.mcu.externaltools.gnu-tools-for-stm32.11.3.rel1.macos64_1.1.100.202310310803/tools/bin/../lib/gcc/arm-none-eabi/11.3.1/thumb/v8-m.main+fp/hard/crtn.o
                0x00000000200c0000                _estack = (ORIGIN (RAM) + LENGTH (RAM))
                0x0000000000000200                _Min_Heap_Size = 0x200
                0x0000000000000400                _Min_Stack_Size = 0x400

.isr_vector     0x0000000008000000      0x238
                0x0000000008000000                . = ALIGN (0x8)
 *(.isr_vector)
 .isr_vector    0x0000000008000000      0x238 ./Example/Startup/startup_stm32u585aiix.o
                0x0000000008000000                g_pfnVectors
                0x0000000008000238                . = ALIGN (0x8)

.text           0x0000000008000238     0xde80
                0x0000000008000238                . = ALIGN (0x8)
 *(.text)
 .text          0x0000000008000238       0x40 /Applications/STM32CubeIDE.app/Contents/Eclipse/plugins/com.st.stm32cube.ide.mcu.externaltools.gnu-tools-for-stm32.11.3.rel1.macos64_1.1.100.202310310803/tools/bin/../lib/gcc/arm-none-eabi/11.3.1/thumb/v8-m.main+fp/hard/crtbegin.o
 .text          0x0000000008000278       0x10 /Applications/STM32CubeIDE.app/Contents/Eclipse/plugins/com.st.stm32cube.ide.mcu.externaltools.gnu-tools-for-stm32.11.3.rel1.macos64_1.1.100.202310310803/tools/bin/../lib/gcc/arm-none-eabi/11.3.1/../../../../arm-none-eabi/lib/thumb/v8-m.main+fp/hard/libc_nano.a(libc_a-strlen.o)
                0x0000000008000278                strlen
 .text          0x0000000008000288       0x14 /Applications/STM32CubeIDE.app/Contents/Eclipse/plugins/com.st.stm32cube.ide.mcu.externaltools.gnu-tools-for-stm32.11.3.rel1.macos64_1.1.100.202310310803/tools/bin/../lib/gcc/arm-none-eabi/11.3.1/../../../../arm-none-eabi/lib/thumb/v8-m.main+fp/hard/libc_nano.a(libc_a-strcmp.o)
                0x0000000008000288                strcmp
 .text          0x000000000800029c      0x378 /Applications/STM32CubeIDE.app/Contents/Eclipse/plugins/com.st.stm32cube.ide.mcu.externaltools.gnu-tools-for-stm32.11.3.rel1.macos64_1.1.100.202310310803/tools/bin/../lib/gcc/arm-none-eabi/11.3.1/thumb/v8-m.main+fp/hard/libgcc.a(_arm_addsubdf3.o)
                0x000000000800029c                __aeabi_drsub
                0x00000000080002a4                __subdf3
                0x00000000080002a4                __aeabi_dsub
                0x00000000080002a8                __aeabi_dadd
                0x00000000080002a8                __adddf3
                0x0000000008000520                __aeabi_ui2d
                0x0000000008000520                __floatunsidf
                0x0000000008000540                __floatsidf
                0x0000000008000540                __aeabi_i2d
                0x0000000008000564                __extendsfdf2
                0x0000000008000564                __aeabi_f2d
                0x00000000080005a8                __aeabi_ul2d
                0x00000000080005a8                __floatundidf
                0x00000000080005b8                __aeabi_l2d
                0x00000000080005b8                __floatdidf
 .text          0x0000000008000614      0x424 /Applications/STM32CubeIDE.app/Contents/Eclipse/plugins/com.st.stm32cube.ide.mcu.externaltools.gnu-tools-for-stm32.11.3.rel1.macos64_1.1.100.202310310803/tools/bin/../lib/gcc/arm-none-eabi/11.3.1/thumb/v8-m.main+fp/hard/libgcc.a(_arm_muldivdf3.o)
                0x0000000008000614                __aeabi_dmul
                0x0000000008000614                __muldf3
                0x0000000008000868                __aeabi_ddiv
                0x0000000008000868                __divdf3
 .text          0x0000000008000a38      0x110 /Applications/STM32CubeIDE.app/Contents/Eclipse/plugins/com.st.stm32cube.ide.mcu.externaltools.gnu-tools-for-stm32.11.3.rel1.macos64_1.1.100.202310310803/tools/bin/../lib/gcc/arm-none-eabi/11.3.1/thumb/v8-m.main+fp/hard/libgcc.a(_arm_cmpdf2.o)
                0x0000000008000a38                __gedf2
                0x0000000008000a38                __gtdf2
                0x0000000008000a40                __ledf2
                0x0000000008000a40                __ltdf2
                0x0000000008000a48                __cmpdf2
                0x0000000008000a48                __eqdf2
                0x0000000008000a48                __nedf2
                0x0000000008000ac4                __aeabi_cdrcmple
                0x0000000008000ad4                __aeabi_cdcmple
                0x0000000008000ad4                __aeabi_cdcmpeq
                0x0000000008000ae4                __aeabi_dcmpeq
                0x0000000008000af8                __aeabi_dcmplt
                0x0000000008000b0c                __aeabi_dcmple
                0x0000000008000b20                __aeabi_dcmpge
                0x0000000008000b34                __aeabi_dcmpgt
 .text          0x0000000008000b48       0x2c /Applications/STM32CubeIDE.app/Contents/Eclipse/plugins/com.st.stm32cube.ide.mcu.externaltools.gnu-tools-for-stm32.11.3.rel1.macos64_1.1.100.202310310803/tools/bin/../lib/gcc/arm-none-eabi/11.3.1/thumb/v8-m.main+fp/hard/libgcc.a(_arm_unorddf2.o)
                0x0000000008000b48                __aeabi_dcmpun
                0x0000000008000b48                __unorddf2
 .text          0x0000000008000b74       0x40 /Applications/STM32CubeIDE.app/Contents/Eclipse/plugins/com.st.stm32cube.ide.mcu.externaltools.gnu-tools-for-stm32.11.3.rel1.macos64_1.1.100.202310310803/tools/bin/../lib/gcc/arm-none-eabi/11.3.1/thumb/v8-m.main+fp/hard/libgcc.a(_arm_fixunsdfsi.o)
                0x0000000008000b74                __fixunsdfsi
                0x0000000008000b74                __aeabi_d2uiz
 .text          0x0000000008000bb4       0xa0 /Applications/STM32CubeIDE.app/Contents/Eclipse/plugins/com.st.stm32cube.ide.mcu.externaltools.gnu-tools-for-stm32.11.3.rel1.macos64_1.1.100.202310310803/tools/bin/../lib/gcc/arm-none-eabi/11.3.1/thumb/v8-m.main+fp/hard/libgcc.a(_arm_truncdfsf2.o)
                0x0000000008000bb4                __aeabi_d2f
                0x0000000008000bb4                __truncdfsf2
 .text          0x0000000008000c54       0x30 /Applications/STM32CubeIDE.app/Contents/Eclipse/plugins/com.st.stm32cube.ide.mcu.externaltools.gnu-tools-for-stm32.11.3.rel1.macos64_1.1.100.202310310803/tools/bin/../lib/gcc/arm-none-eabi/11.3.1/thumb/v8-m.main+fp/hard/libgcc.a(_aeabi_uldivmod.o)
                0x0000000008000c54                __aeabi_uldivmod
 .text          0x0000000008000c84       0x30 /Applications/STM32CubeIDE.app/Contents/Eclipse/plugins/com.st.stm32cube.ide.mcu.externaltools.gnu-tools-for-stm32.11.3.rel1.macos64_1.1.100.202310310803/tools/bin/../lib/gcc/arm-none-eabi/11.3.1/thumb/v8-m.main+fp/hard/libgcc.a(_fixdfdi.o)
                0x0000000008000c84                __aeabi_d2lz
                0x0000000008000c84                __fixdfdi
 .text          0x0000000008000cb4       0x3c /Applications/STM32CubeIDE.app/Contents/Eclipse/plugins/com.st.stm32cube.ide.mcu.externaltools.gnu-tools-for-stm32.11.3.rel1.macos64_1.1.100.202310310803/tools/bin/../lib/gcc/arm-none-eabi/11.3.1/thumb/v8-m.main+fp/hard/libgcc.a(_fixunsdfdi.o)
                0x0000000008000cb4                __aeabi_d2ulz
                0x0000000008000cb4                __fixunsdfdi
 .text          0x0000000008000cf0      0x2ec /Applications/STM32CubeIDE.app/Contents/Eclipse/plugins/com.st.stm32cube.ide.mcu.externaltools.gnu-tools-for-stm32.11.3.rel1.macos64_1.1.100.202310310803/tools/bin/../lib/gcc/arm-none-eabi/11.3.1/thumb/v8-m.main+fp/hard/libgcc.a(_udivmoddi4.o)
                0x0000000008000cf0                __udivmoddi4
 .text          0x0000000008000fdc        0x4 /Applications/STM32CubeIDE.app/Contents/Eclipse/plugins/com.st.stm32cube.ide.mcu.externaltools.gnu-tools-for-stm32.11.3.rel1.macos64_1.1.100.202310310803/tools/bin/../lib/gcc/arm-none-eabi/11.3.1/thumb/v8-m.main+fp/hard/libgcc.a(_dvmd_tls.o)
                0x0000000008000fdc                __aeabi_ldiv0
                0x0000000008000fdc                __aeabi_idiv0
 *(.text*)
 .text.BSP_LED_Init
                0x0000000008000fe0       0xa4 ./Drivers/BSP/B-U585I-IOT02A/b_u585i_iot02a.o
                0x0000000008000fe0                BSP_LED_Init
 .text.BSP_LED_On
                0x0000000008001084       0x3c ./Drivers/BSP/B-U585I-IOT02A/b_u585i_iot02a.o
                0x0000000008001084                BSP_LED_On
 .text.BSP_LED_Off
                0x00000000080010c0       0x3c ./Drivers/BSP/B-U585I-IOT02A/b_u585i_iot02a.o
                0x00000000080010c0                BSP_LED_Off
 .text.BSP_PB_Init
                0x00000000080010fc      0x104 ./Drivers/BSP/B-U585I-IOT02A/b_u585i_iot02a.o
                0x00000000080010fc                BSP_PB_Init
 .text.BUTTON_USER_EXTI_Callback
                0x0000000008001200        0xe ./Drivers/BSP/B-U585I-IOT02A/b_u585i_iot02a.o
 *fill*         0x000000000800120e        0x2 
 .text.stm32wb_at_Init
                0x0000000008001210       0x68 ./Drivers/BSP/Components/stm32wb_at/stm32wb_at.o
                0x0000000008001210                stm32wb_at_Init
 .text.stm32wb_at_Received
                0x0000000008001278      0x170 ./Drivers/BSP/Components/stm32wb_at/stm32wb_at.o
                0x0000000008001278                stm32wb_at_Received
 .text.str_to_byte_tab
                0x00000000080013e8      0x184 ./Drivers/BSP/Components/stm32wb_at/stm32wb_at.o
                0x00000000080013e8                str_to_byte_tab
 .text.stm32wb_at_Process_rx_frame
                0x000000000800156c       0x18 ./Drivers/BSP/Components/stm32wb_at/stm32wb_at.o
                0x000000000800156c                stm32wb_at_Process_rx_frame
 .text.stm32wb_at_BLE_INIT_cb
                0x0000000008001584       0x16 ./Drivers/BSP/Components/stm32wb_at/stm32wb_at_ble.o
                0x0000000008001584                stm32wb_at_BLE_INIT_cb
 .text.stm32wb_at_BLE_ADV_PARAM_cb
                0x000000000800159a       0x16 ./Drivers/BSP/Components/stm32wb_at/stm32wb_at_ble.o
                0x000000000800159a                stm32wb_at_BLE_ADV_PARAM_cb
 .text.stm32wb_at_BLE_ADV_cb
                0x00000000080015b0       0x16 ./Drivers/BSP/Components/stm32wb_at/stm32wb_at_ble.o
                0x00000000080015b0                stm32wb_at_BLE_ADV_cb
 .text.stm32wb_at_BLE_CHAR_ADD_cb
                0x00000000080015c6       0x16 ./Drivers/BSP/Components/stm32wb_at/stm32wb_at_ble.o
                0x00000000080015c6                stm32wb_at_BLE_CHAR_ADD_cb
 .text.stm32wb_at_BLE_PERIPH_SEC_REQ_cb
                0x00000000080015dc       0x16 ./Drivers/BSP/Components/stm32wb_at/stm32wb_at_ble.o
                0x00000000080015dc                stm32wb_at_BLE_PERIPH_SEC_REQ_cb
 .text.stm32wb_at_BLE_PAIRING_CONFIRM_cb
                0x00000000080015f2       0x16 ./Drivers/BSP/Components/stm32wb_at/stm32wb_at_ble.o
                0x00000000080015f2                stm32wb_at_BLE_PAIRING_CONFIRM_cb
 .text.stm32wb_at_BLE_PASSKEY_RESP_cb
                0x0000000008001608       0x16 ./Drivers/BSP/Components/stm32wb_at/stm32wb_at_ble.o
                0x0000000008001608                stm32wb_at_BLE_PASSKEY_RESP_cb
 .text.stm32wb_at_BLE_IO_CAPA_cb
                0x000000000800161e       0x16 ./Drivers/BSP/Components/stm32wb_at/stm32wb_at_ble.o
                0x000000000800161e                stm32wb_at_BLE_IO_CAPA_cb
 .text.stm32wb_at_BLE_SET_AUTHEN_REQ_cb
                0x0000000008001634       0x16 ./Drivers/BSP/Components/stm32wb_at/stm32wb_at_ble.o
                0x0000000008001634                stm32wb_at_BLE_SET_AUTHEN_REQ_cb
 .text.stm32wb_at_BLE_CLEAR_DB_cb
                0x000000000800164a       0x16 ./Drivers/BSP/Components/stm32wb_at/stm32wb_at_ble.o
                0x000000000800164a                stm32wb_at_BLE_CLEAR_DB_cb
 .text.stm32wb_at_BLE_RST_cb
                0x0000000008001660       0x16 ./Drivers/BSP/Components/stm32wb_at/stm32wb_at_ble.o
                0x0000000008001660                stm32wb_at_BLE_RST_cb
 .text.stm32wb_at_BLE_PUB_ADDR_cb
                0x0000000008001676       0x16 ./Drivers/BSP/Components/stm32wb_at/stm32wb_at_ble.o
                0x0000000008001676                stm32wb_at_BLE_PUB_ADDR_cb
 .text.stm32wb_at_BLE_RAND_ADDR_cb
                0x000000000800168c       0x16 ./Drivers/BSP/Components/stm32wb_at/stm32wb_at_ble.o
                0x000000000800168c                stm32wb_at_BLE_RAND_ADDR_cb
 .text.stm32wb_at_BLE_NAME_cb
                0x00000000080016a2       0x16 ./Drivers/BSP/Components/stm32wb_at/stm32wb_at_ble.o
                0x00000000080016a2                stm32wb_at_BLE_NAME_cb
 .text.stm32wb_at_BLE_RF_POWER_cb
                0x00000000080016b8       0x16 ./Drivers/BSP/Components/stm32wb_at/stm32wb_at_ble.o
                0x00000000080016b8                stm32wb_at_BLE_RF_POWER_cb
 .text.stm32wb_at_BLE_CONN_INT_cb
                0x00000000080016ce       0x16 ./Drivers/BSP/Components/stm32wb_at/stm32wb_at_ble.o
                0x00000000080016ce                stm32wb_at_BLE_CONN_INT_cb
 .text.stm32wb_at_BLE_EVT_UPD_CONN_cb
                0x00000000080016e4       0x16 ./Drivers/BSP/Components/stm32wb_at/stm32wb_at_ble.o
                0x00000000080016e4                stm32wb_at_BLE_EVT_UPD_CONN_cb
 .text.stm32wb_at_BLE_EVT_VALUE_CONFIRM_cb
                0x00000000080016fa       0x16 ./Drivers/BSP/Components/stm32wb_at/stm32wb_at_ble.o
                0x00000000080016fa                stm32wb_at_BLE_EVT_VALUE_CONFIRM_cb
 .text.stm32wb_at_client_Init
                0x0000000008001710       0x24 ./Drivers/BSP/Components/stm32wb_at/stm32wb_at_client.o
                0x0000000008001710                stm32wb_at_client_Init
 .text.stm32wb_at_client_Query
                0x0000000008001734      0x104 ./Drivers/BSP/Components/stm32wb_at/stm32wb_at_client.o
                0x0000000008001734                stm32wb_at_client_Query
 .text.stm32wb_at_client_Process_rx_frame
                0x0000000008001838     0x17b8 ./Drivers/BSP/Components/stm32wb_at/stm32wb_at_client.o
                0x0000000008001838                stm32wb_at_client_Process_rx_frame
 .text.stm32wb_at_client_Set
                0x0000000008002ff0      0x920 ./Drivers/BSP/Components/stm32wb_at/stm32wb_at_client.o
                0x0000000008002ff0                stm32wb_at_client_Set
 .text.stm32wb_at_client_Wait_ready
                0x0000000008003910       0x20 ./Drivers/BSP/Components/stm32wb_at/stm32wb_at_client.o
 .text.SystemInit
                0x0000000008003930       0x70 ./Drivers/CMSIS/system_stm32u5xx.o
                0x0000000008003930                SystemInit
 .text.HAL_Init
                0x00000000080039a0       0x5c ./Drivers/STM32U5xx_HAL_Driver/stm32u5xx_hal.o
                0x00000000080039a0                HAL_Init
 .text.HAL_InitTick
                0x00000000080039fc       0x6c ./Drivers/STM32U5xx_HAL_Driver/stm32u5xx_hal.o
                0x00000000080039fc                HAL_InitTick
 .text.HAL_IncTick
                0x0000000008003a68       0x28 ./Drivers/STM32U5xx_HAL_Driver/stm32u5xx_hal.o
                0x0000000008003a68                HAL_IncTick
 .text.HAL_GetTick
                0x0000000008003a90       0x18 ./Drivers/STM32U5xx_HAL_Driver/stm32u5xx_hal.o
                0x0000000008003a90                HAL_GetTick
 .text.HAL_Delay
                0x0000000008003aa8       0x48 ./Drivers/STM32U5xx_HAL_Driver/stm32u5xx_hal.o
                0x0000000008003aa8                HAL_Delay
 .text.__NVIC_SetPriorityGrouping
                0x0000000008003af0       0x48 ./Drivers/STM32U5xx_HAL_Driver/stm32u5xx_hal_cortex.o
 .text.__NVIC_GetPriorityGrouping
                0x0000000008003b38       0x1c ./Drivers/STM32U5xx_HAL_Driver/stm32u5xx_hal_cortex.o
 .text.__NVIC_EnableIRQ
                0x0000000008003b54       0x3c ./Drivers/STM32U5xx_HAL_Driver/stm32u5xx_hal_cortex.o
 .text.__NVIC_SetPriority
                0x0000000008003b90       0x54 ./Drivers/STM32U5xx_HAL_Driver/stm32u5xx_hal_cortex.o
 .text.NVIC_EncodePriority
                0x0000000008003be4       0x66 ./Drivers/STM32U5xx_HAL_Driver/stm32u5xx_hal_cortex.o
 *fill*         0x0000000008003c4a        0x2 
 .text.SysTick_Config
                0x0000000008003c4c       0x44 ./Drivers/STM32U5xx_HAL_Driver/stm32u5xx_hal_cortex.o
 .text.HAL_NVIC_SetPriorityGrouping
                0x0000000008003c90       0x16 ./Drivers/STM32U5xx_HAL_Driver/stm32u5xx_hal_cortex.o
                0x0000000008003c90                HAL_NVIC_SetPriorityGrouping
 .text.HAL_NVIC_SetPriority
                0x0000000008003ca6       0x34 ./Drivers/STM32U5xx_HAL_Driver/stm32u5xx_hal_cortex.o
                0x0000000008003ca6                HAL_NVIC_SetPriority
 .text.HAL_NVIC_EnableIRQ
                0x0000000008003cda       0x1c ./Drivers/STM32U5xx_HAL_Driver/stm32u5xx_hal_cortex.o
                0x0000000008003cda                HAL_NVIC_EnableIRQ
 .text.HAL_SYSTICK_Config
                0x0000000008003cf6       0x18 ./Drivers/STM32U5xx_HAL_Driver/stm32u5xx_hal_cortex.o
                0x0000000008003cf6                HAL_SYSTICK_Config
 .text.HAL_DMA_Abort
                0x0000000008003d0e       0xf8 ./Drivers/STM32U5xx_HAL_Driver/stm32u5xx_hal_dma.o
                0x0000000008003d0e                HAL_DMA_Abort
 .text.HAL_DMA_Abort_IT
                0x0000000008003e06       0x52 ./Drivers/STM32U5xx_HAL_Driver/stm32u5xx_hal_dma.o
                0x0000000008003e06                HAL_DMA_Abort_IT
 .text.HAL_EXTI_RegisterCallback
                0x0000000008003e58       0x58 ./Drivers/STM32U5xx_HAL_Driver/stm32u5xx_hal_exti.o
                0x0000000008003e58                HAL_EXTI_RegisterCallback
 .text.HAL_EXTI_GetHandle
                0x0000000008003eb0       0x28 ./Drivers/STM32U5xx_HAL_Driver/stm32u5xx_hal_exti.o
                0x0000000008003eb0                HAL_EXTI_GetHandle
 .text.HAL_EXTI_IRQHandler
                0x0000000008003ed8       0x90 ./Drivers/STM32U5xx_HAL_Driver/stm32u5xx_hal_exti.o
                0x0000000008003ed8                HAL_EXTI_IRQHandler
 .text.HAL_GPIO_Init
                0x0000000008003f68      0x3b0 ./Drivers/STM32U5xx_HAL_Driver/stm32u5xx_hal_gpio.o
                0x0000000008003f68                HAL_GPIO_Init
 .text.HAL_GPIO_WritePin
                0x0000000008004318       0x30 ./Drivers/STM32U5xx_HAL_Driver/stm32u5xx_hal_gpio.o
                0x0000000008004318                HAL_GPIO_WritePin
 .text.HAL_ICACHE_ConfigAssociativityMode
                0x0000000008004348       0x40 ./Drivers/STM32U5xx_HAL_Driver/stm32u5xx_hal_icache.o
                0x0000000008004348                HAL_ICACHE_ConfigAssociativityMode
 .text.HAL_ICACHE_Enable
                0x0000000008004388       0x20 ./Drivers/STM32U5xx_HAL_Driver/stm32u5xx_hal_icache.o
                0x0000000008004388                HAL_ICACHE_Enable
 .text.HAL_PWREx_ControlVoltageScaling
                0x00000000080043a8       0xfc ./Drivers/STM32U5xx_HAL_Driver/stm32u5xx_hal_pwr_ex.o
                0x00000000080043a8                HAL_PWREx_ControlVoltageScaling
 .text.HAL_PWREx_GetVoltageRange
                0x00000000080044a4       0x1c ./Drivers/STM32U5xx_HAL_Driver/stm32u5xx_hal_pwr_ex.o
                0x00000000080044a4                HAL_PWREx_GetVoltageRange
 .text.HAL_PWREx_ConfigSupply
                0x00000000080044c0       0xa0 ./Drivers/STM32U5xx_HAL_Driver/stm32u5xx_hal_pwr_ex.o
                0x00000000080044c0                HAL_PWREx_ConfigSupply
 .text.HAL_RCC_OscConfig
                0x0000000008004560      0xdb8 ./Drivers/STM32U5xx_HAL_Driver/stm32u5xx_hal_rcc.o
                0x0000000008004560                HAL_RCC_OscConfig
 .text.HAL_RCC_ClockConfig
                0x0000000008005318      0x3e4 ./Drivers/STM32U5xx_HAL_Driver/stm32u5xx_hal_rcc.o
                0x0000000008005318                HAL_RCC_ClockConfig
 .text.HAL_RCC_GetSysClockFreq
                0x00000000080056fc      0x204 ./Drivers/STM32U5xx_HAL_Driver/stm32u5xx_hal_rcc.o
                0x00000000080056fc                HAL_RCC_GetSysClockFreq
 .text.HAL_RCC_GetHCLKFreq
                0x0000000008005900       0x34 ./Drivers/STM32U5xx_HAL_Driver/stm32u5xx_hal_rcc.o
                0x0000000008005900                HAL_RCC_GetHCLKFreq
 .text.HAL_RCC_GetPCLK1Freq
                0x0000000008005934       0x28 ./Drivers/STM32U5xx_HAL_Driver/stm32u5xx_hal_rcc.o
                0x0000000008005934                HAL_RCC_GetPCLK1Freq
 .text.HAL_RCC_GetPCLK2Freq
                0x000000000800595c       0x28 ./Drivers/STM32U5xx_HAL_Driver/stm32u5xx_hal_rcc.o
                0x000000000800595c                HAL_RCC_GetPCLK2Freq
 .text.HAL_RCC_GetPCLK3Freq
                0x0000000008005984       0x28 ./Drivers/STM32U5xx_HAL_Driver/stm32u5xx_hal_rcc.o
                0x0000000008005984                HAL_RCC_GetPCLK3Freq
 .text.RCC_SetFlashLatencyFromMSIRange
                0x00000000080059ac      0x10c ./Drivers/STM32U5xx_HAL_Driver/stm32u5xx_hal_rcc.o
 .text.HAL_RCCEx_PeriphCLKConfig
                0x0000000008005ab8      0xb80 ./Drivers/STM32U5xx_HAL_Driver/stm32u5xx_hal_rcc_ex.o
                0x0000000008005ab8                HAL_RCCEx_PeriphCLKConfig
 .text.HAL_RCCEx_GetPLL1ClockFreq
                0x0000000008006638      0x2b4 ./Drivers/STM32U5xx_HAL_Driver/stm32u5xx_hal_rcc_ex.o
                0x0000000008006638                HAL_RCCEx_GetPLL1ClockFreq
 .text.HAL_RCCEx_GetPLL2ClockFreq
                0x00000000080068ec      0x2b4 ./Drivers/STM32U5xx_HAL_Driver/stm32u5xx_hal_rcc_ex.o
                0x00000000080068ec                HAL_RCCEx_GetPLL2ClockFreq
 .text.HAL_RCCEx_GetPLL3ClockFreq
                0x0000000008006ba0      0x2b4 ./Drivers/STM32U5xx_HAL_Driver/stm32u5xx_hal_rcc_ex.o
                0x0000000008006ba0                HAL_RCCEx_GetPLL3ClockFreq
 .text.HAL_RCCEx_GetPeriphCLKFreq
                0x0000000008006e54     0x13c4 ./Drivers/STM32U5xx_HAL_Driver/stm32u5xx_hal_rcc_ex.o
                0x0000000008006e54                HAL_RCCEx_GetPeriphCLKFreq
 .text.RCCEx_PLL2_Config
                0x0000000008008218      0x130 ./Drivers/STM32U5xx_HAL_Driver/stm32u5xx_hal_rcc_ex.o
 .text.RCCEx_PLL3_Config
                0x0000000008008348      0x130 ./Drivers/STM32U5xx_HAL_Driver/stm32u5xx_hal_rcc_ex.o
 .text.HAL_UART_Init
                0x0000000008008478       0xa0 ./Drivers/STM32U5xx_HAL_Driver/stm32u5xx_hal_uart.o
                0x0000000008008478                HAL_UART_Init
 .text.HAL_UART_Transmit
                0x0000000008008518      0x13c ./Drivers/STM32U5xx_HAL_Driver/stm32u5xx_hal_uart.o
                0x0000000008008518                HAL_UART_Transmit
 .text.HAL_UART_Receive_IT
                0x0000000008008654       0xc4 ./Drivers/STM32U5xx_HAL_Driver/stm32u5xx_hal_uart.o
                0x0000000008008654                HAL_UART_Receive_IT
 .text.HAL_UART_IRQHandler
                0x0000000008008718      0x580 ./Drivers/STM32U5xx_HAL_Driver/stm32u5xx_hal_uart.o
                0x0000000008008718                HAL_UART_IRQHandler
 .text.HAL_UART_TxCpltCallback
                0x0000000008008c98       0x14 ./Drivers/STM32U5xx_HAL_Driver/stm32u5xx_hal_uart.o
                0x0000000008008c98                HAL_UART_TxCpltCallback
 .text.HAL_UART_ErrorCallback
                0x0000000008008cac       0x14 ./Drivers/STM32U5xx_HAL_Driver/stm32u5xx_hal_uart.o
                0x0000000008008cac                HAL_UART_ErrorCallback
 .text.HAL_UARTEx_RxEventCallback
                0x0000000008008cc0       0x18 ./Drivers/STM32U5xx_HAL_Driver/stm32u5xx_hal_uart.o
                0x0000000008008cc0                HAL_UARTEx_RxEventCallback
 .text.UART_SetConfig
                0x0000000008008cd8      0x344 ./Drivers/STM32U5xx_HAL_Driver/stm32u5xx_hal_uart.o
                0x0000000008008cd8                UART_SetConfig
 .text.UART_AdvFeatureConfig
                0x000000000800901c      0x144 ./Drivers/STM32U5xx_HAL_Driver/stm32u5xx_hal_uart.o
                0x000000000800901c                UART_AdvFeatureConfig
 .text.UART_CheckIdleState
                0x0000000008009160      0x154 ./Drivers/STM32U5xx_HAL_Driver/stm32u5xx_hal_uart.o
                0x0000000008009160                UART_CheckIdleState
 .text.UART_WaitOnFlagUntilTimeout
                0x00000000080092b4       0xce ./Drivers/STM32U5xx_HAL_Driver/stm32u5xx_hal_uart.o
                0x00000000080092b4                UART_WaitOnFlagUntilTimeout
 *fill*         0x0000000008009382        0x2 
 .text.UART_Start_Receive_IT
                0x0000000008009384      0x244 ./Drivers/STM32U5xx_HAL_Driver/stm32u5xx_hal_uart.o
                0x0000000008009384                UART_Start_Receive_IT
 .text.UART_EndRxTransfer
                0x00000000080095c8       0xcc ./Drivers/STM32U5xx_HAL_Driver/stm32u5xx_hal_uart.o
 .text.UART_DMAAbortOnError
                0x0000000008009694       0x2c ./Drivers/STM32U5xx_HAL_Driver/stm32u5xx_hal_uart.o
 .text.UART_EndTransmit_IT
                0x00000000080096c0       0x56 ./Drivers/STM32U5xx_HAL_Driver/stm32u5xx_hal_uart.o
 *fill*         0x0000000008009716        0x2 
 .text.UART_RxISR_8BIT
                0x0000000008009718      0x1c4 ./Drivers/STM32U5xx_HAL_Driver/stm32u5xx_hal_uart.o
 .text.UART_RxISR_16BIT
                0x00000000080098dc      0x1c4 ./Drivers/STM32U5xx_HAL_Driver/stm32u5xx_hal_uart.o
 .text.UART_RxISR_8BIT_FIFOEN
                0x0000000008009aa0      0x370 ./Drivers/STM32U5xx_HAL_Driver/stm32u5xx_hal_uart.o
 .text.UART_RxISR_16BIT_FIFOEN
                0x0000000008009e10      0x378 ./Drivers/STM32U5xx_HAL_Driver/stm32u5xx_hal_uart.o
 .text.HAL_UARTEx_RxFifoFullCallback
                0x000000000800a188       0x14 ./Drivers/STM32U5xx_HAL_Driver/stm32u5xx_hal_uart_ex.o
                0x000000000800a188                HAL_UARTEx_RxFifoFullCallback
 .text.HAL_UARTEx_TxFifoEmptyCallback
                0x000000000800a19c       0x14 ./Drivers/STM32U5xx_HAL_Driver/stm32u5xx_hal_uart_ex.o
                0x000000000800a19c                HAL_UARTEx_TxFifoEmptyCallback
 .text.HAL_UARTEx_DisableFifoMode
                0x000000000800a1b0       0x72 ./Drivers/STM32U5xx_HAL_Driver/stm32u5xx_hal_uart_ex.o
                0x000000000800a1b0                HAL_UARTEx_DisableFifoMode
 .text.HAL_UARTEx_SetTxFifoThreshold
                0x000000000800a222       0x7c ./Drivers/STM32U5xx_HAL_Driver/stm32u5xx_hal_uart_ex.o
                0x000000000800a222                HAL_UARTEx_SetTxFifoThreshold
 .text.HAL_UARTEx_SetRxFifoThreshold
                0x000000000800a29e       0x7c ./Drivers/STM32U5xx_HAL_Driver/stm32u5xx_hal_uart_ex.o
                0x000000000800a29e                HAL_UARTEx_SetRxFifoThreshold
 *fill*         0x000000000800a31a        0x2 
 .text.UARTEx_SetNbDataToProcess
                0x000000000800a31c       0x9c ./Drivers/STM32U5xx_HAL_Driver/stm32u5xx_hal_uart_ex.o
 .text.Reset_Handler
                0x000000000800a3b8       0x50 ./Example/Startup/startup_stm32u585aiix.o
                0x000000000800a3b8                Reset_Handler
 .text.Default_Handler
                0x000000000800a408        0x2 ./Example/Startup/startup_stm32u585aiix.o
                0x000000000800a408                HASH_IRQHandler
                0x000000000800a408                TIM8_TRG_COM_IRQHandler
                0x000000000800a408                TIM8_CC_IRQHandler
                0x000000000800a408                EXTI5_IRQHandler
                0x000000000800a408                FLASH_S_IRQHandler
                0x000000000800a408                TIM1_CC_IRQHandler
                0x000000000800a408                TSC_IRQHandler
                0x000000000800a408                TAMP_IRQHandler
                0x000000000800a408                TIM6_IRQHandler
                0x000000000800a408                EXTI12_IRQHandler
                0x000000000800a408                CORDIC_IRQHandler
                0x000000000800a408                EXTI3_IRQHandler
                0x000000000800a408                LPTIM4_IRQHandler
                0x000000000800a408                GPDMA1_Channel5_IRQHandler
                0x000000000800a408                EXTI8_IRQHandler
                0x000000000800a408                LPTIM2_IRQHandler
                0x000000000800a408                I2C3_ER_IRQHandler
                0x000000000800a408                PWR_S3WU_IRQHandler
                0x000000000800a408                MDF1_FLT2_IRQHandler
                0x000000000800a408                LPDMA1_Channel3_IRQHandler
                0x000000000800a408                LPTIM3_IRQHandler
                0x000000000800a408                EXTI0_IRQHandler
                0x000000000800a408                I2C2_EV_IRQHandler
                0x000000000800a408                FPU_IRQHandler
                0x000000000800a408                GPDMA1_Channel3_IRQHandler
                0x000000000800a408                GPDMA1_Channel7_IRQHandler
                0x000000000800a408                MDF1_FLT4_IRQHandler
                0x000000000800a408                FDCAN1_IT1_IRQHandler
                0x000000000800a408                RAMCFG_IRQHandler
                0x000000000800a408                GPDMA1_Channel9_IRQHandler
                0x000000000800a408                DCACHE1_IRQHandler
                0x000000000800a408                SPI1_IRQHandler
                0x000000000800a408                OCTOSPI1_IRQHandler
                0x000000000800a408                GPDMA1_Channel2_IRQHandler
                0x000000000800a408                TIM8_UP_IRQHandler
                0x000000000800a408                RCC_S_IRQHandler
                0x000000000800a408                OCTOSPI2_IRQHandler
                0x000000000800a408                SAI2_IRQHandler
                0x000000000800a408                MDF1_FLT1_IRQHandler
                0x000000000800a408                ADC1_IRQHandler
                0x000000000800a408                PKA_IRQHandler
                0x000000000800a408                MDF1_FLT5_IRQHandler
                0x000000000800a408                EXTI15_IRQHandler
                0x000000000800a408                TIM17_IRQHandler
                0x000000000800a408                USART3_IRQHandler
                0x000000000800a408                RTC_IRQHandler
                0x000000000800a408                EXTI9_IRQHandler
                0x000000000800a408                UART5_IRQHandler
                0x000000000800a408                TIM4_IRQHandler
                0x000000000800a408                I2C1_EV_IRQHandler
                0x000000000800a408                GPDMA1_Channel12_IRQHandler
                0x000000000800a408                GPDMA1_Channel1_IRQHandler
                0x000000000800a408                TIM16_IRQHandler
                0x000000000800a408                GPDMA1_Channel15_IRQHandler
                0x000000000800a408                SecureFault_Handler
                0x000000000800a408                TIM3_IRQHandler
                0x000000000800a408                RCC_IRQHandler
                0x000000000800a408                TIM1_TRG_COM_IRQHandler
                0x000000000800a408                Default_Handler
                0x000000000800a408                GPDMA1_Channel8_IRQHandler
                0x000000000800a408                FMAC_IRQHandler
                0x000000000800a408                OTFDEC1_IRQHandler
                0x000000000800a408                GPDMA1_Channel11_IRQHandler
                0x000000000800a408                TIM7_IRQHandler
                0x000000000800a408                SDMMC1_IRQHandler
                0x000000000800a408                SAES_IRQHandler
                0x000000000800a408                TIM5_IRQHandler
                0x000000000800a408                UCPD1_IRQHandler
                0x000000000800a408                GPDMA1_Channel0_IRQHandler
                0x000000000800a408                TIM15_IRQHandler
                0x000000000800a408                I2C3_EV_IRQHandler
                0x000000000800a408                LPDMA1_Channel0_IRQHandler
                0x000000000800a408                PVD_PVM_IRQHandler
                0x000000000800a408                SPI2_IRQHandler
                0x000000000800a408                LPDMA1_Channel1_IRQHandler
                0x000000000800a408                EXTI14_IRQHandler
                0x000000000800a408                EXTI11_IRQHandler
                0x000000000800a408                OTFDEC2_IRQHandler
                0x000000000800a408                CRS_IRQHandler
                0x000000000800a408                GPDMA1_Channel14_IRQHandler
                0x000000000800a408                LSECSSD_IRQHandler
                0x000000000800a408                EXTI4_IRQHandler
                0x000000000800a408                RTC_S_IRQHandler
                0x000000000800a408                GPDMA1_Channel13_IRQHandler
                0x000000000800a408                RNG_IRQHandler
                0x000000000800a408                COMP_IRQHandler
                0x000000000800a408                TIM1_UP_IRQHandler
                0x000000000800a408                ADC4_IRQHandler
                0x000000000800a408                WWDG_IRQHandler
                0x000000000800a408                I2C4_EV_IRQHandler
                0x000000000800a408                ADF1_IRQHandler
                0x000000000800a408                IWDG_IRQHandler
                0x000000000800a408                LPUART1_IRQHandler
                0x000000000800a408                MDF1_FLT0_IRQHandler
                0x000000000800a408                FDCAN1_IT0_IRQHandler
                0x000000000800a408                TIM2_IRQHandler
                0x000000000800a408                GPDMA1_Channel4_IRQHandler
                0x000000000800a408                EXTI7_IRQHandler
                0x000000000800a408                DMA2D_IRQHandler
                0x000000000800a408                TIM1_BRK_IRQHandler
                0x000000000800a408                EXTI1_IRQHandler
                0x000000000800a408                SDMMC2_IRQHandler
                0x000000000800a408                AES_IRQHandler
                0x000000000800a408                DAC1_IRQHandler
                0x000000000800a408                GTZC_IRQHandler
                0x000000000800a408                MDF1_FLT3_IRQHandler
                0x000000000800a408                USART2_IRQHandler
                0x000000000800a408                GPDMA1_Channel6_IRQHandler
                0x000000000800a408                I2C2_ER_IRQHandler
                0x000000000800a408                TIM8_BRK_IRQHandler
                0x000000000800a408                FLASH_IRQHandler
                0x000000000800a408                USART1_IRQHandler
                0x000000000800a408                EXTI10_IRQHandler
                0x000000000800a408                OTG_FS_IRQHandler
                0x000000000800a408                SPI3_IRQHandler
                0x000000000800a408                LPDMA1_Channel2_IRQHandler
                0x000000000800a408                I2C1_ER_IRQHandler
                0x000000000800a408                FMC_IRQHandler
                0x000000000800a408                EXTI6_IRQHandler
                0x000000000800a408                LPTIM1_IRQHandler
                0x000000000800a408                DCMI_PSSI_IRQHandler
                0x000000000800a408                I2C4_ER_IRQHandler
                0x000000000800a408                GPDMA1_Channel10_IRQHandler
                0x000000000800a408                ICACHE_IRQHandler
                0x000000000800a408                SAI1_IRQHandler
                0x000000000800a408                EXTI2_IRQHandler
 *fill*         0x000000000800a40a        0x2 
 .text.BSP_PB_Callback
                0x000000000800a40c       0xec ./Example/User/ble_at_appli.o
                0x000000000800a40c                BSP_PB_Callback
 .text.stm32wb_at_BLE_SVC_cb
                0x000000000800a4f8       0x24 ./Example/User/ble_at_appli.o
                0x000000000800a4f8                stm32wb_at_BLE_SVC_cb
 .text.stm32wb_at_BLE_EVT_WRITE_cb
                0x000000000800a51c       0x38 ./Example/User/ble_at_appli.o
                0x000000000800a51c                stm32wb_at_BLE_EVT_WRITE_cb
 .text.stm32wb_at_BLE_EVT_CONN_cb
                0x000000000800a554       0x30 ./Example/User/ble_at_appli.o
                0x000000000800a554                stm32wb_at_BLE_EVT_CONN_cb
 .text.stm32wb_at_ll_Transmit
                0x000000000800a584       0x38 ./Example/User/ble_at_appli.o
                0x000000000800a584                stm32wb_at_ll_Transmit
 .text.stm32wb_at_ll_Async_receive
                0x000000000800a5bc       0x3c ./Example/User/ble_at_appli.o
                0x000000000800a5bc                stm32wb_at_ll_Async_receive
 .text.HAL_UART_RxCpltCallback
                0x000000000800a5f8       0x30 ./Example/User/ble_at_appli.o
                0x000000000800a5f8                HAL_UART_RxCpltCallback
 .text.main     0x000000000800a628       0xe4 ./Example/User/main.o
                0x000000000800a628                main
 .text.SystemClock_Config
                0x000000000800a70c       0xe4 ./Example/User/main.o
 .text.MX_USART1_UART_Init
                0x000000000800a7f0       0x98 ./Example/User/main.o
 .text.MX_USART4_UART_Init
                0x000000000800a888       0x98 ./Example/User/main.o
 .text.CACHE_Enable
                0x000000000800a920       0x12 ./Example/User/main.o
 *fill*         0x000000000800a932        0x2 
 .text.__io_putchar
                0x000000000800a934       0x24 ./Example/User/main.o
                0x000000000800a934                __io_putchar
 .text.Error_Handler
                0x000000000800a958        0xc ./Example/User/main.o
                0x000000000800a958                Error_Handler
 .text.HAL_MspInit
                0x000000000800a964        0xe ./Example/User/stm32u5xx_hal_msp.o
                0x000000000800a964                HAL_MspInit
 *fill*         0x000000000800a972        0x2 
 .text.HAL_UART_MspInit
                0x000000000800a974      0x180 ./Example/User/stm32u5xx_hal_msp.o
                0x000000000800a974                HAL_UART_MspInit
 .text.NMI_Handler
                0x000000000800aaf4        0xe ./Example/User/stm32u5xx_it.o
                0x000000000800aaf4                NMI_Handler
 .text.HardFault_Handler
                0x000000000800ab02        0x6 ./Example/User/stm32u5xx_it.o
                0x000000000800ab02                HardFault_Handler
 .text.MemManage_Handler
                0x000000000800ab08        0x6 ./Example/User/stm32u5xx_it.o
                0x000000000800ab08                MemManage_Handler
 .text.BusFault_Handler
                0x000000000800ab0e        0x6 ./Example/User/stm32u5xx_it.o
                0x000000000800ab0e                BusFault_Handler
 .text.UsageFault_Handler
                0x000000000800ab14        0x6 ./Example/User/stm32u5xx_it.o
                0x000000000800ab14                UsageFault_Handler
 .text.SVC_Handler
                0x000000000800ab1a        0xe ./Example/User/stm32u5xx_it.o
                0x000000000800ab1a                SVC_Handler
 .text.DebugMon_Handler
                0x000000000800ab28        0x6 ./Example/User/stm32u5xx_it.o
                0x000000000800ab28                DebugMon_Handler
 .text.PendSV_Handler
                0x000000000800ab2e        0x6 ./Example/User/stm32u5xx_it.o
                0x000000000800ab2e                PendSV_Handler
 .text.SysTick_Handler
                0x000000000800ab34        0xc ./Example/User/stm32u5xx_it.o
                0x000000000800ab34                SysTick_Handler
 .text.UART4_IRQHandler
                0x000000000800ab40       0x14 ./Example/User/stm32u5xx_it.o
                0x000000000800ab40                UART4_IRQHandler
 .text.EXTI13_IRQHandler
                0x000000000800ab54       0x14 ./Example/User/stm32u5xx_it.o
                0x000000000800ab54                EXTI13_IRQHandler
 .text._getpid  0x000000000800ab68       0x10 ./Example/User/syscalls.o
                0x000000000800ab68                _getpid
 .text._kill    0x000000000800ab78       0x20 ./Example/User/syscalls.o
                0x000000000800ab78                _kill
 .text._exit    0x000000000800ab98       0x14 ./Example/User/syscalls.o
                0x000000000800ab98                _exit
 .text._read    0x000000000800abac       0x3a ./Example/User/syscalls.o
                0x000000000800abac                _read
 .text._write   0x000000000800abe6       0x38 ./Example/User/syscalls.o
                0x000000000800abe6                _write
 .text._close   0x000000000800ac1e       0x18 ./Example/User/syscalls.o
                0x000000000800ac1e                _close
 .text._fstat   0x000000000800ac36       0x20 ./Example/User/syscalls.o
                0x000000000800ac36                _fstat
 .text._isatty  0x000000000800ac56       0x16 ./Example/User/syscalls.o
                0x000000000800ac56                _isatty
 .text._lseek   0x000000000800ac6c       0x1a ./Example/User/syscalls.o
                0x000000000800ac6c                _lseek
 *fill*         0x000000000800ac86        0x2 
 .text._sbrk    0x000000000800ac88       0x6c ./Example/User/sysmem.o
                0x000000000800ac88                _sbrk
 .text.sprintf  0x000000000800acf4       0x40 /Applications/STM32CubeIDE.app/Contents/Eclipse/plugins/com.st.stm32cube.ide.mcu.externaltools.gnu-tools-for-stm32.11.3.rel1.macos64_1.1.100.202310310803/tools/bin/../lib/gcc/arm-none-eabi/11.3.1/../../../../arm-none-eabi/lib/thumb/v8-m.main+fp/hard/libc_nano.a(libc_a-sprintf.o)
                0x000000000800acf4                sprintf
                0x000000000800acf4                siprintf
 .text.std      0x000000000800ad34       0x6c /Applications/STM32CubeIDE.app/Contents/Eclipse/plugins/com.st.stm32cube.ide.mcu.externaltools.gnu-tools-for-stm32.11.3.rel1.macos64_1.1.100.202310310803/tools/bin/../lib/gcc/arm-none-eabi/11.3.1/../../../../arm-none-eabi/lib/thumb/v8-m.main+fp/hard/libc_nano.a(libc_a-findfp.o)
 .text.stdio_exit_handler
                0x000000000800ada0       0x18 /Applications/STM32CubeIDE.app/Contents/Eclipse/plugins/com.st.stm32cube.ide.mcu.externaltools.gnu-tools-for-stm32.11.3.rel1.macos64_1.1.100.202310310803/tools/bin/../lib/gcc/arm-none-eabi/11.3.1/../../../../arm-none-eabi/lib/thumb/v8-m.main+fp/hard/libc_nano.a(libc_a-findfp.o)
 .text.cleanup_stdio
                0x000000000800adb8       0x40 /Applications/STM32CubeIDE.app/Contents/Eclipse/plugins/com.st.stm32cube.ide.mcu.externaltools.gnu-tools-for-stm32.11.3.rel1.macos64_1.1.100.202310310803/tools/bin/../lib/gcc/arm-none-eabi/11.3.1/../../../../arm-none-eabi/lib/thumb/v8-m.main+fp/hard/libc_nano.a(libc_a-findfp.o)
 .text.global_stdio_init.part.0
                0x000000000800adf8       0x3c /Applications/STM32CubeIDE.app/Contents/Eclipse/plugins/com.st.stm32cube.ide.mcu.externaltools.gnu-tools-for-stm32.11.3.rel1.macos64_1.1.100.202310310803/tools/bin/../lib/gcc/arm-none-eabi/11.3.1/../../../../arm-none-eabi/lib/thumb/v8-m.main+fp/hard/libc_nano.a(libc_a-findfp.o)
 .text.__sfp_lock_acquire
                0x000000000800ae34        0xc /Applications/STM32CubeIDE.app/Contents/Eclipse/plugins/com.st.stm32cube.ide.mcu.externaltools.gnu-tools-for-stm32.11.3.rel1.macos64_1.1.100.202310310803/tools/bin/../lib/gcc/arm-none-eabi/11.3.1/../../../../arm-none-eabi/lib/thumb/v8-m.main+fp/hard/libc_nano.a(libc_a-findfp.o)
                0x000000000800ae34                __sfp_lock_acquire
 .text.__sfp_lock_release
                0x000000000800ae40        0xc /Applications/STM32CubeIDE.app/Contents/Eclipse/plugins/com.st.stm32cube.ide.mcu.externaltools.gnu-tools-for-stm32.11.3.rel1.macos64_1.1.100.202310310803/tools/bin/../lib/gcc/arm-none-eabi/11.3.1/../../../../arm-none-eabi/lib/thumb/v8-m.main+fp/hard/libc_nano.a(libc_a-findfp.o)
                0x000000000800ae40                __sfp_lock_release
 .text.__sinit  0x000000000800ae4c       0x30 /Applications/STM32CubeIDE.app/Contents/Eclipse/plugins/com.st.stm32cube.ide.mcu.externaltools.gnu-tools-for-stm32.11.3.rel1.macos64_1.1.100.202310310803/tools/bin/../lib/gcc/arm-none-eabi/11.3.1/../../../../arm-none-eabi/lib/thumb/v8-m.main+fp/hard/libc_nano.a(libc_a-findfp.o)
                0x000000000800ae4c                __sinit
 .text.sulp     0x000000000800ae7c       0x38 /Applications/STM32CubeIDE.app/Contents/Eclipse/plugins/com.st.stm32cube.ide.mcu.externaltools.gnu-tools-for-stm32.11.3.rel1.macos64_1.1.100.202310310803/tools/bin/../lib/gcc/arm-none-eabi/11.3.1/../../../../arm-none-eabi/lib/thumb/v8-m.main+fp/hard/libc_nano.a(libc_a-strtod.o)
 *fill*         0x000000000800aeb4        0x4 
 .text._strtod_l
                0x000000000800aeb8      0xbe8 /Applications/STM32CubeIDE.app/Contents/Eclipse/plugins/com.st.stm32cube.ide.mcu.externaltools.gnu-tools-for-stm32.11.3.rel1.macos64_1.1.100.202310310803/tools/bin/../lib/gcc/arm-none-eabi/11.3.1/../../../../arm-none-eabi/lib/thumb/v8-m.main+fp/hard/libc_nano.a(libc_a-strtod.o)
                0x000000000800aeb8                _strtod_l
 .text.strtof   0x000000000800baa0       0xcc /Applications/STM32CubeIDE.app/Contents/Eclipse/plugins/com.st.stm32cube.ide.mcu.externaltools.gnu-tools-for-stm32.11.3.rel1.macos64_1.1.100.202310310803/tools/bin/../lib/gcc/arm-none-eabi/11.3.1/../../../../arm-none-eabi/lib/thumb/v8-m.main+fp/hard/libc_nano.a(libc_a-strtod.o)
                0x000000000800baa0                strtof
 .text._strtol_l.constprop.0
                0x000000000800bb6c      0x104 /Applications/STM32CubeIDE.app/Contents/Eclipse/plugins/com.st.stm32cube.ide.mcu.externaltools.gnu-tools-for-stm32.11.3.rel1.macos64_1.1.100.202310310803/tools/bin/../lib/gcc/arm-none-eabi/11.3.1/../../../../arm-none-eabi/lib/thumb/v8-m.main+fp/hard/libc_nano.a(libc_a-strtol.o)
 .text.strtol   0x000000000800bc70       0x14 /Applications/STM32CubeIDE.app/Contents/Eclipse/plugins/com.st.stm32cube.ide.mcu.externaltools.gnu-tools-for-stm32.11.3.rel1.macos64_1.1.100.202310310803/tools/bin/../lib/gcc/arm-none-eabi/11.3.1/../../../../arm-none-eabi/lib/thumb/v8-m.main+fp/hard/libc_nano.a(libc_a-strtol.o)
                0x000000000800bc70                strtol
 .text._fwalk_sglue
                0x000000000800bc84       0x3c /Applications/STM32CubeIDE.app/Contents/Eclipse/plugins/com.st.stm32cube.ide.mcu.externaltools.gnu-tools-for-stm32.11.3.rel1.macos64_1.1.100.202310310803/tools/bin/../lib/gcc/arm-none-eabi/11.3.1/../../../../arm-none-eabi/lib/thumb/v8-m.main+fp/hard/libc_nano.a(libc_a-fwalk.o)
                0x000000000800bc84                _fwalk_sglue
 .text.printf   0x000000000800bcc0       0x24 /Applications/STM32CubeIDE.app/Contents/Eclipse/plugins/com.st.stm32cube.ide.mcu.externaltools.gnu-tools-for-stm32.11.3.rel1.macos64_1.1.100.202310310803/tools/bin/../lib/gcc/arm-none-eabi/11.3.1/../../../../arm-none-eabi/lib/thumb/v8-m.main+fp/hard/libc_nano.a(libc_a-printf.o)
                0x000000000800bcc0                printf
                0x000000000800bcc0                iprintf
 .text._puts_r  0x000000000800bce4       0xa8 /Applications/STM32CubeIDE.app/Contents/Eclipse/plugins/com.st.stm32cube.ide.mcu.externaltools.gnu-tools-for-stm32.11.3.rel1.macos64_1.1.100.202310310803/tools/bin/../lib/gcc/arm-none-eabi/11.3.1/../../../../arm-none-eabi/lib/thumb/v8-m.main+fp/hard/libc_nano.a(libc_a-puts.o)
                0x000000000800bce4                _puts_r
 .text.puts     0x000000000800bd8c       0x10 /Applications/STM32CubeIDE.app/Contents/Eclipse/plugins/com.st.stm32cube.ide.mcu.externaltools.gnu-tools-for-stm32.11.3.rel1.macos64_1.1.100.202310310803/tools/bin/../lib/gcc/arm-none-eabi/11.3.1/../../../../arm-none-eabi/lib/thumb/v8-m.main+fp/hard/libc_nano.a(libc_a-puts.o)
                0x000000000800bd8c                puts
 .text.strcat   0x000000000800bd9c       0x1e /Applications/STM32CubeIDE.app/Contents/Eclipse/plugins/com.st.stm32cube.ide.mcu.externaltools.gnu-tools-for-stm32.11.3.rel1.macos64_1.1.100.202310310803/tools/bin/../lib/gcc/arm-none-eabi/11.3.1/../../../../arm-none-eabi/lib/thumb/v8-m.main+fp/hard/libc_nano.a(libc_a-strcat.o)
                0x000000000800bd9c                strcat
 .text.strncmp  0x000000000800bdba       0x24 /Applications/STM32CubeIDE.app/Contents/Eclipse/plugins/com.st.stm32cube.ide.mcu.externaltools.gnu-tools-for-stm32.11.3.rel1.macos64_1.1.100.202310310803/tools/bin/../lib/gcc/arm-none-eabi/11.3.1/../../../../arm-none-eabi/lib/thumb/v8-m.main+fp/hard/libc_nano.a(libc_a-strncmp.o)
                0x000000000800bdba                strncmp
 *fill*         0x000000000800bdde        0x2 
 .text.strtok   0x000000000800bde0       0x68 /Applications/STM32CubeIDE.app/Contents/Eclipse/plugins/com.st.stm32cube.ide.mcu.externaltools.gnu-tools-for-stm32.11.3.rel1.macos64_1.1.100.202310310803/tools/bin/../lib/gcc/arm-none-eabi/11.3.1/../../../../arm-none-eabi/lib/thumb/v8-m.main+fp/hard/libc_nano.a(libc_a-strtok.o)
                0x000000000800bde0                strtok
 .text.__strtok_r
                0x000000000800be48       0x50 /Applications/STM32CubeIDE.app/Contents/Eclipse/plugins/com.st.stm32cube.ide.mcu.externaltools.gnu-tools-for-stm32.11.3.rel1.macos64_1.1.100.202310310803/tools/bin/../lib/gcc/arm-none-eabi/11.3.1/../../../../arm-none-eabi/lib/thumb/v8-m.main+fp/hard/libc_nano.a(libc_a-strtok_r.o)
                0x000000000800be48                __strtok_r
 .text.memset   0x000000000800be98       0x10 /Applications/STM32CubeIDE.app/Contents/Eclipse/plugins/com.st.stm32cube.ide.mcu.externaltools.gnu-tools-for-stm32.11.3.rel1.macos64_1.1.100.202310310803/tools/bin/../lib/gcc/arm-none-eabi/11.3.1/../../../../arm-none-eabi/lib/thumb/v8-m.main+fp/hard/libc_nano.a(libc_a-memset.o)
                0x000000000800be98                memset
 .text.__errno  0x000000000800bea8        0xc /Applications/STM32CubeIDE.app/Contents/Eclipse/plugins/com.st.stm32cube.ide.mcu.externaltools.gnu-tools-for-stm32.11.3.rel1.macos64_1.1.100.202310310803/tools/bin/../lib/gcc/arm-none-eabi/11.3.1/../../../../arm-none-eabi/lib/thumb/v8-m.main+fp/hard/libc_nano.a(libc_a-errno.o)
                0x000000000800bea8                __errno
 .text.__libc_init_array
                0x000000000800beb4       0x48 /Applications/STM32CubeIDE.app/Contents/Eclipse/plugins/com.st.stm32cube.ide.mcu.externaltools.gnu-tools-for-stm32.11.3.rel1.macos64_1.1.100.202310310803/tools/bin/../lib/gcc/arm-none-eabi/11.3.1/../../../../arm-none-eabi/lib/thumb/v8-m.main+fp/hard/libc_nano.a(libc_a-init.o)
                0x000000000800beb4                __libc_init_array
 .text.__retarget_lock_init_recursive
                0x000000000800befc        0x2 /Applications/STM32CubeIDE.app/Contents/Eclipse/plugins/com.st.stm32cube.ide.mcu.externaltools.gnu-tools-for-stm32.11.3.rel1.macos64_1.1.100.202310310803/tools/bin/../lib/gcc/arm-none-eabi/11.3.1/../../../../arm-none-eabi/lib/thumb/v8-m.main+fp/hard/libc_nano.a(libc_a-lock.o)
                0x000000000800befc                __retarget_lock_init_recursive
 .text.__retarget_lock_acquire_recursive
                0x000000000800befe        0x2 /Applications/STM32CubeIDE.app/Contents/Eclipse/plugins/com.st.stm32cube.ide.mcu.externaltools.gnu-tools-for-stm32.11.3.rel1.macos64_1.1.100.202310310803/tools/bin/../lib/gcc/arm-none-eabi/11.3.1/../../../../arm-none-eabi/lib/thumb/v8-m.main+fp/hard/libc_nano.a(libc_a-lock.o)
                0x000000000800befe                __retarget_lock_acquire_recursive
 .text.__retarget_lock_release_recursive
                0x000000000800bf00        0x2 /Applications/STM32CubeIDE.app/Contents/Eclipse/plugins/com.st.stm32cube.ide.mcu.externaltools.gnu-tools-for-stm32.11.3.rel1.macos64_1.1.100.202310310803/tools/bin/../lib/gcc/arm-none-eabi/11.3.1/../../../../arm-none-eabi/lib/thumb/v8-m.main+fp/hard/libc_nano.a(libc_a-lock.o)
                0x000000000800bf00                __retarget_lock_release_recursive
 .text.memcpy   0x000000000800bf02       0x1a /Applications/STM32CubeIDE.app/Contents/Eclipse/plugins/com.st.stm32cube.ide.mcu.externaltools.gnu-tools-for-stm32.11.3.rel1.macos64_1.1.100.202310310803/tools/bin/../lib/gcc/arm-none-eabi/11.3.1/../../../../arm-none-eabi/lib/thumb/v8-m.main+fp/hard/libc_nano.a(libc_a-memcpy-stub.o)
                0x000000000800bf02                memcpy
 .text.strcpy   0x000000000800bf1c       0x10 /Applications/STM32CubeIDE.app/Contents/Eclipse/plugins/com.st.stm32cube.ide.mcu.externaltools.gnu-tools-for-stm32.11.3.rel1.macos64_1.1.100.202310310803/tools/bin/../lib/gcc/arm-none-eabi/11.3.1/../../../../arm-none-eabi/lib/thumb/v8-m.main+fp/hard/libc_nano.a(libc_a-strcpy.o)
                0x000000000800bf1c                strcpy
 *fill*         0x000000000800bf2c        0x4 
 .text.nan      0x000000000800bf30       0x10 /Applications/STM32CubeIDE.app/Contents/Eclipse/plugins/com.st.stm32cube.ide.mcu.externaltools.gnu-tools-for-stm32.11.3.rel1.macos64_1.1.100.202310310803/tools/bin/../lib/gcc/arm-none-eabi/11.3.1/../../../../arm-none-eabi/lib/thumb/v8-m.main+fp/hard/libc_nano.a(libm_a-s_nan.o)
                0x000000000800bf30                nan
 .text.nanf     0x000000000800bf40        0xc /Applications/STM32CubeIDE.app/Contents/Eclipse/plugins/com.st.stm32cube.ide.mcu.externaltools.gnu-tools-for-stm32.11.3.rel1.macos64_1.1.100.202310310803/tools/bin/../lib/gcc/arm-none-eabi/11.3.1/../../../../arm-none-eabi/lib/thumb/v8-m.main+fp/hard/libc_nano.a(libm_a-sf_nan.o)
                0x000000000800bf40                nanf
 .text.__assert_func
                0x000000000800bf4c       0x3c /Applications/STM32CubeIDE.app/Contents/Eclipse/plugins/com.st.stm32cube.ide.mcu.externaltools.gnu-tools-for-stm32.11.3.rel1.macos64_1.1.100.202310310803/tools/bin/../lib/gcc/arm-none-eabi/11.3.1/../../../../arm-none-eabi/lib/thumb/v8-m.main+fp/hard/libc_nano.a(libc_a-assert.o)
                0x000000000800bf4c                __assert_func
 .text.rshift   0x000000000800bf88       0xa2 /Applications/STM32CubeIDE.app/Contents/Eclipse/plugins/com.st.stm32cube.ide.mcu.externaltools.gnu-tools-for-stm32.11.3.rel1.macos64_1.1.100.202310310803/tools/bin/../lib/gcc/arm-none-eabi/11.3.1/../../../../arm-none-eabi/lib/thumb/v8-m.main+fp/hard/libc_nano.a(libc_a-gdtoa-gethex.o)
 .text.__hexdig_fun
                0x000000000800c02a       0x2a /Applications/STM32CubeIDE.app/Contents/Eclipse/plugins/com.st.stm32cube.ide.mcu.externaltools.gnu-tools-for-stm32.11.3.rel1.macos64_1.1.100.202310310803/tools/bin/../lib/gcc/arm-none-eabi/11.3.1/../../../../arm-none-eabi/lib/thumb/v8-m.main+fp/hard/libc_nano.a(libc_a-gdtoa-gethex.o)
                0x000000000800c02a                __hexdig_fun
 .text.__gethex
                0x000000000800c054      0x45c /Applications/STM32CubeIDE.app/Contents/Eclipse/plugins/com.st.stm32cube.ide.mcu.externaltools.gnu-tools-for-stm32.11.3.rel1.macos64_1.1.100.202310310803/tools/bin/../lib/gcc/arm-none-eabi/11.3.1/../../../../arm-none-eabi/lib/thumb/v8-m.main+fp/hard/libc_nano.a(libc_a-gdtoa-gethex.o)
                0x000000000800c054                __gethex
 .text.L_shift  0x000000000800c4b0       0x24 /Applications/STM32CubeIDE.app/Contents/Eclipse/plugins/com.st.stm32cube.ide.mcu.externaltools.gnu-tools-for-stm32.11.3.rel1.macos64_1.1.100.202310310803/tools/bin/../lib/gcc/arm-none-eabi/11.3.1/../../../../arm-none-eabi/lib/thumb/v8-m.main+fp/hard/libc_nano.a(libc_a-gdtoa-hexnan.o)
 .text.__match  0x000000000800c4d4       0x28 /Applications/STM32CubeIDE.app/Contents/Eclipse/plugins/com.st.stm32cube.ide.mcu.externaltools.gnu-tools-for-stm32.11.3.rel1.macos64_1.1.100.202310310803/tools/bin/../lib/gcc/arm-none-eabi/11.3.1/../../../../arm-none-eabi/lib/thumb/v8-m.main+fp/hard/libc_nano.a(libc_a-gdtoa-hexnan.o)
                0x000000000800c4d4                __match
 .text.__hexnan
                0x000000000800c4fc      0x136 /Applications/STM32CubeIDE.app/Contents/Eclipse/plugins/com.st.stm32cube.ide.mcu.externaltools.gnu-tools-for-stm32.11.3.rel1.macos64_1.1.100.202310310803/tools/bin/../lib/gcc/arm-none-eabi/11.3.1/../../../../arm-none-eabi/lib/thumb/v8-m.main+fp/hard/libc_nano.a(libc_a-gdtoa-hexnan.o)
                0x000000000800c4fc                __hexnan
 .text.__ssputs_r
                0x000000000800c632       0xb4 /Applications/STM32CubeIDE.app/Contents/Eclipse/plugins/com.st.stm32cube.ide.mcu.externaltools.gnu-tools-for-stm32.11.3.rel1.macos64_1.1.100.202310310803/tools/bin/../lib/gcc/arm-none-eabi/11.3.1/../../../../arm-none-eabi/lib/thumb/v8-m.main+fp/hard/libc_nano.a(libc_a-nano-svfprintf.o)
                0x000000000800c632                __ssputs_r
 *fill*         0x000000000800c6e6        0x2 
 .text._svfprintf_r
                0x000000000800c6e8      0x1fc /Applications/STM32CubeIDE.app/Contents/Eclipse/plugins/com.st.stm32cube.ide.mcu.externaltools.gnu-tools-for-stm32.11.3.rel1.macos64_1.1.100.202310310803/tools/bin/../lib/gcc/arm-none-eabi/11.3.1/../../../../arm-none-eabi/lib/thumb/v8-m.main+fp/hard/libc_nano.a(libc_a-nano-svfprintf.o)
                0x000000000800c6e8                _svfprintf_r
                0x000000000800c6e8                _svfiprintf_r
 .text.__sfputc_r
                0x000000000800c8e4       0x2e /Applications/STM32CubeIDE.app/Contents/Eclipse/plugins/com.st.stm32cube.ide.mcu.externaltools.gnu-tools-for-stm32.11.3.rel1.macos64_1.1.100.202310310803/tools/bin/../lib/gcc/arm-none-eabi/11.3.1/../../../../arm-none-eabi/lib/thumb/v8-m.main+fp/hard/libc_nano.a(libc_a-nano-vfprintf.o)
 .text.__sfputs_r
                0x000000000800c912       0x24 /Applications/STM32CubeIDE.app/Contents/Eclipse/plugins/com.st.stm32cube.ide.mcu.externaltools.gnu-tools-for-stm32.11.3.rel1.macos64_1.1.100.202310310803/tools/bin/../lib/gcc/arm-none-eabi/11.3.1/../../../../arm-none-eabi/lib/thumb/v8-m.main+fp/hard/libc_nano.a(libc_a-nano-vfprintf.o)
                0x000000000800c912                __sfputs_r
 *fill*         0x000000000800c936        0x2 
 .text._vfprintf_r
                0x000000000800c938      0x234 /Applications/STM32CubeIDE.app/Contents/Eclipse/plugins/com.st.stm32cube.ide.mcu.externaltools.gnu-tools-for-stm32.11.3.rel1.macos64_1.1.100.202310310803/tools/bin/../lib/gcc/arm-none-eabi/11.3.1/../../../../arm-none-eabi/lib/thumb/v8-m.main+fp/hard/libc_nano.a(libc_a-nano-vfprintf.o)
                0x000000000800c938                _vfiprintf_r
                0x000000000800c938                _vfprintf_r
 .text.malloc   0x000000000800cb6c       0x10 /Applications/STM32CubeIDE.app/Contents/Eclipse/plugins/com.st.stm32cube.ide.mcu.externaltools.gnu-tools-for-stm32.11.3.rel1.macos64_1.1.100.202310310803/tools/bin/../lib/gcc/arm-none-eabi/11.3.1/../../../../arm-none-eabi/lib/thumb/v8-m.main+fp/hard/libc_nano.a(libc_a-malloc.o)
                0x000000000800cb6c                malloc
 .text.sbrk_aligned
                0x000000000800cb7c       0x40 /Applications/STM32CubeIDE.app/Contents/Eclipse/plugins/com.st.stm32cube.ide.mcu.externaltools.gnu-tools-for-stm32.11.3.rel1.macos64_1.1.100.202310310803/tools/bin/../lib/gcc/arm-none-eabi/11.3.1/../../../../arm-none-eabi/lib/thumb/v8-m.main+fp/hard/libc_nano.a(libc_a-mallocr.o)
 .text._malloc_r
                0x000000000800cbbc      0x100 /Applications/STM32CubeIDE.app/Contents/Eclipse/plugins/com.st.stm32cube.ide.mcu.externaltools.gnu-tools-for-stm32.11.3.rel1.macos64_1.1.100.202310310803/tools/bin/../lib/gcc/arm-none-eabi/11.3.1/../../../../arm-none-eabi/lib/thumb/v8-m.main+fp/hard/libc_nano.a(libc_a-mallocr.o)
                0x000000000800cbbc                _malloc_r
 .text.__ascii_mbtowc
                0x000000000800ccbc       0x24 /Applications/STM32CubeIDE.app/Contents/Eclipse/plugins/com.st.stm32cube.ide.mcu.externaltools.gnu-tools-for-stm32.11.3.rel1.macos64_1.1.100.202310310803/tools/bin/../lib/gcc/arm-none-eabi/11.3.1/../../../../arm-none-eabi/lib/thumb/v8-m.main+fp/hard/libc_nano.a(libc_a-mbtowc_r.o)
                0x000000000800ccbc                __ascii_mbtowc
 .text._printf_common
                0x000000000800cce0       0xe4 /Applications/STM32CubeIDE.app/Contents/Eclipse/plugins/com.st.stm32cube.ide.mcu.externaltools.gnu-tools-for-stm32.11.3.rel1.macos64_1.1.100.202310310803/tools/bin/../lib/gcc/arm-none-eabi/11.3.1/../../../../arm-none-eabi/lib/thumb/v8-m.main+fp/hard/libc_nano.a(libc_a-nano-vfprintf_i.o)
                0x000000000800cce0                _printf_common
 .text._printf_i
                0x000000000800cdc4      0x240 /Applications/STM32CubeIDE.app/Contents/Eclipse/plugins/com.st.stm32cube.ide.mcu.externaltools.gnu-tools-for-stm32.11.3.rel1.macos64_1.1.100.202310310803/tools/bin/../lib/gcc/arm-none-eabi/11.3.1/../../../../arm-none-eabi/lib/thumb/v8-m.main+fp/hard/libc_nano.a(libc_a-nano-vfprintf_i.o)
                0x000000000800cdc4                _printf_i
 .text.__sflush_r
                0x000000000800d004      0x108 /Applications/STM32CubeIDE.app/Contents/Eclipse/plugins/com.st.stm32cube.ide.mcu.externaltools.gnu-tools-for-stm32.11.3.rel1.macos64_1.1.100.202310310803/tools/bin/../lib/gcc/arm-none-eabi/11.3.1/../../../../arm-none-eabi/lib/thumb/v8-m.main+fp/hard/libc_nano.a(libc_a-fflush.o)
                0x000000000800d004                __sflush_r
 .text._fflush_r
                0x000000000800d10c       0x50 /Applications/STM32CubeIDE.app/Contents/Eclipse/plugins/com.st.stm32cube.ide.mcu.externaltools.gnu-tools-for-stm32.11.3.rel1.macos64_1.1.100.202310310803/tools/bin/../lib/gcc/arm-none-eabi/11.3.1/../../../../arm-none-eabi/lib/thumb/v8-m.main+fp/hard/libc_nano.a(libc_a-fflush.o)
                0x000000000800d10c                _fflush_r
 .text.__malloc_lock
                0x000000000800d15c        0xc /Applications/STM32CubeIDE.app/Contents/Eclipse/plugins/com.st.stm32cube.ide.mcu.externaltools.gnu-tools-for-stm32.11.3.rel1.macos64_1.1.100.202310310803/tools/bin/../lib/gcc/arm-none-eabi/11.3.1/../../../../arm-none-eabi/lib/thumb/v8-m.main+fp/hard/libc_nano.a(libc_a-mlock.o)
                0x000000000800d15c                __malloc_lock
 .text.__malloc_unlock
                0x000000000800d168        0xc /Applications/STM32CubeIDE.app/Contents/Eclipse/plugins/com.st.stm32cube.ide.mcu.externaltools.gnu-tools-for-stm32.11.3.rel1.macos64_1.1.100.202310310803/tools/bin/../lib/gcc/arm-none-eabi/11.3.1/../../../../arm-none-eabi/lib/thumb/v8-m.main+fp/hard/libc_nano.a(libc_a-mlock.o)
                0x000000000800d168                __malloc_unlock
 .text._Balloc  0x000000000800d174       0x80 /Applications/STM32CubeIDE.app/Contents/Eclipse/plugins/com.st.stm32cube.ide.mcu.externaltools.gnu-tools-for-stm32.11.3.rel1.macos64_1.1.100.202310310803/tools/bin/../lib/gcc/arm-none-eabi/11.3.1/../../../../arm-none-eabi/lib/thumb/v8-m.main+fp/hard/libc_nano.a(libc_a-mprec.o)
                0x000000000800d174                _Balloc
 .text._Bfree   0x000000000800d1f4       0x44 /Applications/STM32CubeIDE.app/Contents/Eclipse/plugins/com.st.stm32cube.ide.mcu.externaltools.gnu-tools-for-stm32.11.3.rel1.macos64_1.1.100.202310310803/tools/bin/../lib/gcc/arm-none-eabi/11.3.1/../../../../arm-none-eabi/lib/thumb/v8-m.main+fp/hard/libc_nano.a(libc_a-mprec.o)
                0x000000000800d1f4                _Bfree
 .text.__multadd
                0x000000000800d238       0x90 /Applications/STM32CubeIDE.app/Contents/Eclipse/plugins/com.st.stm32cube.ide.mcu.externaltools.gnu-tools-for-stm32.11.3.rel1.macos64_1.1.100.202310310803/tools/bin/../lib/gcc/arm-none-eabi/11.3.1/../../../../arm-none-eabi/lib/thumb/v8-m.main+fp/hard/libc_nano.a(libc_a-mprec.o)
                0x000000000800d238                __multadd
 .text.__s2b    0x000000000800d2c8       0x94 /Applications/STM32CubeIDE.app/Contents/Eclipse/plugins/com.st.stm32cube.ide.mcu.externaltools.gnu-tools-for-stm32.11.3.rel1.macos64_1.1.100.202310310803/tools/bin/../lib/gcc/arm-none-eabi/11.3.1/../../../../arm-none-eabi/lib/thumb/v8-m.main+fp/hard/libc_nano.a(libc_a-mprec.o)
                0x000000000800d2c8                __s2b
 .text.__hi0bits
                0x000000000800d35c       0x40 /Applications/STM32CubeIDE.app/Contents/Eclipse/plugins/com.st.stm32cube.ide.mcu.externaltools.gnu-tools-for-stm32.11.3.rel1.macos64_1.1.100.202310310803/tools/bin/../lib/gcc/arm-none-eabi/11.3.1/../../../../arm-none-eabi/lib/thumb/v8-m.main+fp/hard/libc_nano.a(libc_a-mprec.o)
                0x000000000800d35c                __hi0bits
 .text.__lo0bits
                0x000000000800d39c       0x5a /Applications/STM32CubeIDE.app/Contents/Eclipse/plugins/com.st.stm32cube.ide.mcu.externaltools.gnu-tools-for-stm32.11.3.rel1.macos64_1.1.100.202310310803/tools/bin/../lib/gcc/arm-none-eabi/11.3.1/../../../../arm-none-eabi/lib/thumb/v8-m.main+fp/hard/libc_nano.a(libc_a-mprec.o)
                0x000000000800d39c                __lo0bits
 *fill*         0x000000000800d3f6        0x2 
 .text.__i2b    0x000000000800d3f8       0x2c /Applications/STM32CubeIDE.app/Contents/Eclipse/plugins/com.st.stm32cube.ide.mcu.externaltools.gnu-tools-for-stm32.11.3.rel1.macos64_1.1.100.202310310803/tools/bin/../lib/gcc/arm-none-eabi/11.3.1/../../../../arm-none-eabi/lib/thumb/v8-m.main+fp/hard/libc_nano.a(libc_a-mprec.o)
                0x000000000800d3f8                __i2b
 .text.__multiply
                0x000000000800d424      0x154 /Applications/STM32CubeIDE.app/Contents/Eclipse/plugins/com.st.stm32cube.ide.mcu.externaltools.gnu-tools-for-stm32.11.3.rel1.macos64_1.1.100.202310310803/tools/bin/../lib/gcc/arm-none-eabi/11.3.1/../../../../arm-none-eabi/lib/thumb/v8-m.main+fp/hard/libc_nano.a(libc_a-mprec.o)
                0x000000000800d424                __multiply
 .text.__pow5mult
                0x000000000800d578       0xb4 /Applications/STM32CubeIDE.app/Contents/Eclipse/plugins/com.st.stm32cube.ide.mcu.externaltools.gnu-tools-for-stm32.11.3.rel1.macos64_1.1.100.202310310803/tools/bin/../lib/gcc/arm-none-eabi/11.3.1/../../../../arm-none-eabi/lib/thumb/v8-m.main+fp/hard/libc_nano.a(libc_a-mprec.o)
                0x000000000800d578                __pow5mult
 .text.__lshift
                0x000000000800d62c       0xd8 /Applications/STM32CubeIDE.app/Contents/Eclipse/plugins/com.st.stm32cube.ide.mcu.externaltools.gnu-tools-for-stm32.11.3.rel1.macos64_1.1.100.202310310803/tools/bin/../lib/gcc/arm-none-eabi/11.3.1/../../../../arm-none-eabi/lib/thumb/v8-m.main+fp/hard/libc_nano.a(libc_a-mprec.o)
                0x000000000800d62c                __lshift
 .text.__mcmp   0x000000000800d704       0x38 /Applications/STM32CubeIDE.app/Contents/Eclipse/plugins/com.st.stm32cube.ide.mcu.externaltools.gnu-tools-for-stm32.11.3.rel1.macos64_1.1.100.202310310803/tools/bin/../lib/gcc/arm-none-eabi/11.3.1/../../../../arm-none-eabi/lib/thumb/v8-m.main+fp/hard/libc_nano.a(libc_a-mprec.o)
                0x000000000800d704                __mcmp
 .text.__mdiff  0x000000000800d73c      0x120 /Applications/STM32CubeIDE.app/Contents/Eclipse/plugins/com.st.stm32cube.ide.mcu.externaltools.gnu-tools-for-stm32.11.3.rel1.macos64_1.1.100.202310310803/tools/bin/../lib/gcc/arm-none-eabi/11.3.1/../../../../arm-none-eabi/lib/thumb/v8-m.main+fp/hard/libc_nano.a(libc_a-mprec.o)
                0x000000000800d73c                __mdiff
 .text.__ulp    0x000000000800d85c       0x4c /Applications/STM32CubeIDE.app/Contents/Eclipse/plugins/com.st.stm32cube.ide.mcu.externaltools.gnu-tools-for-stm32.11.3.rel1.macos64_1.1.100.202310310803/tools/bin/../lib/gcc/arm-none-eabi/11.3.1/../../../../arm-none-eabi/lib/thumb/v8-m.main+fp/hard/libc_nano.a(libc_a-mprec.o)
                0x000000000800d85c                __ulp
 .text.__b2d    0x000000000800d8a8       0x9c /Applications/STM32CubeIDE.app/Contents/Eclipse/plugins/com.st.stm32cube.ide.mcu.externaltools.gnu-tools-for-stm32.11.3.rel1.macos64_1.1.100.202310310803/tools/bin/../lib/gcc/arm-none-eabi/11.3.1/../../../../arm-none-eabi/lib/thumb/v8-m.main+fp/hard/libc_nano.a(libc_a-mprec.o)
                0x000000000800d8a8                __b2d
 .text.__d2b    0x000000000800d944       0xb4 /Applications/STM32CubeIDE.app/Contents/Eclipse/plugins/com.st.stm32cube.ide.mcu.externaltools.gnu-tools-for-stm32.11.3.rel1.macos64_1.1.100.202310310803/tools/bin/../lib/gcc/arm-none-eabi/11.3.1/../../../../arm-none-eabi/lib/thumb/v8-m.main+fp/hard/libc_nano.a(libc_a-mprec.o)
                0x000000000800d944                __d2b
 .text.__ratio  0x000000000800d9f8       0x66 /Applications/STM32CubeIDE.app/Contents/Eclipse/plugins/com.st.stm32cube.ide.mcu.externaltools.gnu-tools-for-stm32.11.3.rel1.macos64_1.1.100.202310310803/tools/bin/../lib/gcc/arm-none-eabi/11.3.1/../../../../arm-none-eabi/lib/thumb/v8-m.main+fp/hard/libc_nano.a(libc_a-mprec.o)
                0x000000000800d9f8                __ratio
 .text.__copybits
                0x000000000800da5e       0x46 /Applications/STM32CubeIDE.app/Contents/Eclipse/plugins/com.st.stm32cube.ide.mcu.externaltools.gnu-tools-for-stm32.11.3.rel1.macos64_1.1.100.202310310803/tools/bin/../lib/gcc/arm-none-eabi/11.3.1/../../../../arm-none-eabi/lib/thumb/v8-m.main+fp/hard/libc_nano.a(libc_a-mprec.o)
                0x000000000800da5e                __copybits
 .text.__any_on
                0x000000000800daa4       0x42 /Applications/STM32CubeIDE.app/Contents/Eclipse/plugins/com.st.stm32cube.ide.mcu.externaltools.gnu-tools-for-stm32.11.3.rel1.macos64_1.1.100.202310310803/tools/bin/../lib/gcc/arm-none-eabi/11.3.1/../../../../arm-none-eabi/lib/thumb/v8-m.main+fp/hard/libc_nano.a(libc_a-mprec.o)
                0x000000000800daa4                __any_on
 .text.__sread  0x000000000800dae6       0x22 /Applications/STM32CubeIDE.app/Contents/Eclipse/plugins/com.st.stm32cube.ide.mcu.externaltools.gnu-tools-for-stm32.11.3.rel1.macos64_1.1.100.202310310803/tools/bin/../lib/gcc/arm-none-eabi/11.3.1/../../../../arm-none-eabi/lib/thumb/v8-m.main+fp/hard/libc_nano.a(libc_a-stdio.o)
                0x000000000800dae6                __sread
 .text.__swrite
                0x000000000800db08       0x38 /Applications/STM32CubeIDE.app/Contents/Eclipse/plugins/com.st.stm32cube.ide.mcu.externaltools.gnu-tools-for-stm32.11.3.rel1.macos64_1.1.100.202310310803/tools/bin/../lib/gcc/arm-none-eabi/11.3.1/../../../../arm-none-eabi/lib/thumb/v8-m.main+fp/hard/libc_nano.a(libc_a-stdio.o)
                0x000000000800db08                __swrite
 .text.__sseek  0x000000000800db40       0x24 /Applications/STM32CubeIDE.app/Contents/Eclipse/plugins/com.st.stm32cube.ide.mcu.externaltools.gnu-tools-for-stm32.11.3.rel1.macos64_1.1.100.202310310803/tools/bin/../lib/gcc/arm-none-eabi/11.3.1/../../../../arm-none-eabi/lib/thumb/v8-m.main+fp/hard/libc_nano.a(libc_a-stdio.o)
                0x000000000800db40                __sseek
 .text.__sclose
                0x000000000800db64        0x8 /Applications/STM32CubeIDE.app/Contents/Eclipse/plugins/com.st.stm32cube.ide.mcu.externaltools.gnu-tools-for-stm32.11.3.rel1.macos64_1.1.100.202310310803/tools/bin/../lib/gcc/arm-none-eabi/11.3.1/../../../../arm-none-eabi/lib/thumb/v8-m.main+fp/hard/libc_nano.a(libc_a-stdio.o)
                0x000000000800db64                __sclose
 .text.fprintf  0x000000000800db6c       0x24 /Applications/STM32CubeIDE.app/Contents/Eclipse/plugins/com.st.stm32cube.ide.mcu.externaltools.gnu-tools-for-stm32.11.3.rel1.macos64_1.1.100.202310310803/tools/bin/../lib/gcc/arm-none-eabi/11.3.1/../../../../arm-none-eabi/lib/thumb/v8-m.main+fp/hard/libc_nano.a(libc_a-fprintf.o)
                0x000000000800db6c                fprintf
                0x000000000800db6c                fiprintf
 .text._realloc_r
                0x000000000800db90       0x5e /Applications/STM32CubeIDE.app/Contents/Eclipse/plugins/com.st.stm32cube.ide.mcu.externaltools.gnu-tools-for-stm32.11.3.rel1.macos64_1.1.100.202310310803/tools/bin/../lib/gcc/arm-none-eabi/11.3.1/../../../../arm-none-eabi/lib/thumb/v8-m.main+fp/hard/libc_nano.a(libc_a-reallocr.o)
                0x000000000800db90                _realloc_r
 .text.__swbuf_r
                0x000000000800dbee       0x7a /Applications/STM32CubeIDE.app/Contents/Eclipse/plugins/com.st.stm32cube.ide.mcu.externaltools.gnu-tools-for-stm32.11.3.rel1.macos64_1.1.100.202310310803/tools/bin/../lib/gcc/arm-none-eabi/11.3.1/../../../../arm-none-eabi/lib/thumb/v8-m.main+fp/hard/libc_nano.a(libc_a-wbuf.o)
                0x000000000800dbee                __swbuf_r
 .text.__swsetup_r
                0x000000000800dc68       0xb0 /Applications/STM32CubeIDE.app/Contents/Eclipse/plugins/com.st.stm32cube.ide.mcu.externaltools.gnu-tools-for-stm32.11.3.rel1.macos64_1.1.100.202310310803/tools/bin/../lib/gcc/arm-none-eabi/11.3.1/../../../../arm-none-eabi/lib/thumb/v8-m.main+fp/hard/libc_nano.a(libc_a-wsetup.o)
                0x000000000800dc68                __swsetup_r
 .text.__ascii_wctomb
                0x000000000800dd18       0x1a /Applications/STM32CubeIDE.app/Contents/Eclipse/plugins/com.st.stm32cube.ide.mcu.externaltools.gnu-tools-for-stm32.11.3.rel1.macos64_1.1.100.202310310803/tools/bin/../lib/gcc/arm-none-eabi/11.3.1/../../../../arm-none-eabi/lib/thumb/v8-m.main+fp/hard/libc_nano.a(libc_a-wctomb_r.o)
                0x000000000800dd18                __ascii_wctomb
 .text.__swhatbuf_r
                0x000000000800dd32       0x4a /Applications/STM32CubeIDE.app/Contents/Eclipse/plugins/com.st.stm32cube.ide.mcu.externaltools.gnu-tools-for-stm32.11.3.rel1.macos64_1.1.100.202310310803/tools/bin/../lib/gcc/arm-none-eabi/11.3.1/../../../../arm-none-eabi/lib/thumb/v8-m.main+fp/hard/libc_nano.a(libc_a-makebuf.o)
                0x000000000800dd32                __swhatbuf_r
 .text.__smakebuf_r
                0x000000000800dd7c       0x78 /Applications/STM32CubeIDE.app/Contents/Eclipse/plugins/com.st.stm32cube.ide.mcu.externaltools.gnu-tools-for-stm32.11.3.rel1.macos64_1.1.100.202310310803/tools/bin/../lib/gcc/arm-none-eabi/11.3.1/../../../../arm-none-eabi/lib/thumb/v8-m.main+fp/hard/libc_nano.a(libc_a-makebuf.o)
                0x000000000800dd7c                __smakebuf_r
 .text.memmove  0x000000000800ddf4       0x34 /Applications/STM32CubeIDE.app/Contents/Eclipse/plugins/com.st.stm32cube.ide.mcu.externaltools.gnu-tools-for-stm32.11.3.rel1.macos64_1.1.100.202310310803/tools/bin/../lib/gcc/arm-none-eabi/11.3.1/../../../../arm-none-eabi/lib/thumb/v8-m.main+fp/hard/libc_nano.a(libc_a-memmove.o)
                0x000000000800ddf4                memmove
 .text._close_r
                0x000000000800de28       0x20 /Applications/STM32CubeIDE.app/Contents/Eclipse/plugins/com.st.stm32cube.ide.mcu.externaltools.gnu-tools-for-stm32.11.3.rel1.macos64_1.1.100.202310310803/tools/bin/../lib/gcc/arm-none-eabi/11.3.1/../../../../arm-none-eabi/lib/thumb/v8-m.main+fp/hard/libc_nano.a(libc_a-closer.o)
                0x000000000800de28                _close_r
 .text._fstat_r
                0x000000000800de48       0x24 /Applications/STM32CubeIDE.app/Contents/Eclipse/plugins/com.st.stm32cube.ide.mcu.externaltools.gnu-tools-for-stm32.11.3.rel1.macos64_1.1.100.202310310803/tools/bin/../lib/gcc/arm-none-eabi/11.3.1/../../../../arm-none-eabi/lib/thumb/v8-m.main+fp/hard/libc_nano.a(libc_a-fstatr.o)
                0x000000000800de48                _fstat_r
 .text._isatty_r
                0x000000000800de6c       0x20 /Applications/STM32CubeIDE.app/Contents/Eclipse/plugins/com.st.stm32cube.ide.mcu.externaltools.gnu-tools-for-stm32.11.3.rel1.macos64_1.1.100.202310310803/tools/bin/../lib/gcc/arm-none-eabi/11.3.1/../../../../arm-none-eabi/lib/thumb/v8-m.main+fp/hard/libc_nano.a(libc_a-isattyr.o)
                0x000000000800de6c                _isatty_r
 .text._lseek_r
                0x000000000800de8c       0x24 /Applications/STM32CubeIDE.app/Contents/Eclipse/plugins/com.st.stm32cube.ide.mcu.externaltools.gnu-tools-for-stm32.11.3.rel1.macos64_1.1.100.202310310803/tools/bin/../lib/gcc/arm-none-eabi/11.3.1/../../../../arm-none-eabi/lib/thumb/v8-m.main+fp/hard/libc_nano.a(libc_a-lseekr.o)
                0x000000000800de8c                _lseek_r
 .text._read_r  0x000000000800deb0       0x24 /Applications/STM32CubeIDE.app/Contents/Eclipse/plugins/com.st.stm32cube.ide.mcu.externaltools.gnu-tools-for-stm32.11.3.rel1.macos64_1.1.100.202310310803/tools/bin/../lib/gcc/arm-none-eabi/11.3.1/../../../../arm-none-eabi/lib/thumb/v8-m.main+fp/hard/libc_nano.a(libc_a-readr.o)
                0x000000000800deb0                _read_r
 .text._sbrk_r  0x000000000800ded4       0x20 /Applications/STM32CubeIDE.app/Contents/Eclipse/plugins/com.st.stm32cube.ide.mcu.externaltools.gnu-tools-for-stm32.11.3.rel1.macos64_1.1.100.202310310803/tools/bin/../lib/gcc/arm-none-eabi/11.3.1/../../../../arm-none-eabi/lib/thumb/v8-m.main+fp/hard/libc_nano.a(libc_a-sbrkr.o)
                0x000000000800ded4                _sbrk_r
 .text._write_r
                0x000000000800def4       0x24 /Applications/STM32CubeIDE.app/Contents/Eclipse/plugins/com.st.stm32cube.ide.mcu.externaltools.gnu-tools-for-stm32.11.3.rel1.macos64_1.1.100.202310310803/tools/bin/../lib/gcc/arm-none-eabi/11.3.1/../../../../arm-none-eabi/lib/thumb/v8-m.main+fp/hard/libc_nano.a(libc_a-writer.o)
                0x000000000800def4                _write_r
 .text.memchr   0x000000000800df18       0x1c /Applications/STM32CubeIDE.app/Contents/Eclipse/plugins/com.st.stm32cube.ide.mcu.externaltools.gnu-tools-for-stm32.11.3.rel1.macos64_1.1.100.202310310803/tools/bin/../lib/gcc/arm-none-eabi/11.3.1/../../../../arm-none-eabi/lib/thumb/v8-m.main+fp/hard/libc_nano.a(libc_a-memchr-stub.o)
                0x000000000800df18                memchr
 .text.abort    0x000000000800df34        0xe /Applications/STM32CubeIDE.app/Contents/Eclipse/plugins/com.st.stm32cube.ide.mcu.externaltools.gnu-tools-for-stm32.11.3.rel1.macos64_1.1.100.202310310803/tools/bin/../lib/gcc/arm-none-eabi/11.3.1/../../../../arm-none-eabi/lib/thumb/v8-m.main+fp/hard/libc_nano.a(libc_a-abort.o)
                0x000000000800df34                abort
 .text._calloc_r
                0x000000000800df42       0x2c /Applications/STM32CubeIDE.app/Contents/Eclipse/plugins/com.st.stm32cube.ide.mcu.externaltools.gnu-tools-for-stm32.11.3.rel1.macos64_1.1.100.202310310803/tools/bin/../lib/gcc/arm-none-eabi/11.3.1/../../../../arm-none-eabi/lib/thumb/v8-m.main+fp/hard/libc_nano.a(libc_a-callocr.o)
                0x000000000800df42                _calloc_r
 *fill*         0x000000000800df6e        0x2 
 .text._free_r  0x000000000800df70       0x98 /Applications/STM32CubeIDE.app/Contents/Eclipse/plugins/com.st.stm32cube.ide.mcu.externaltools.gnu-tools-for-stm32.11.3.rel1.macos64_1.1.100.202310310803/tools/bin/../lib/gcc/arm-none-eabi/11.3.1/../../../../arm-none-eabi/lib/thumb/v8-m.main+fp/hard/libc_nano.a(libc_a-freer.o)
                0x000000000800df70                _free_r
 .text._malloc_usable_size_r
                0x000000000800e008       0x10 /Applications/STM32CubeIDE.app/Contents/Eclipse/plugins/com.st.stm32cube.ide.mcu.externaltools.gnu-tools-for-stm32.11.3.rel1.macos64_1.1.100.202310310803/tools/bin/../lib/gcc/arm-none-eabi/11.3.1/../../../../arm-none-eabi/lib/thumb/v8-m.main+fp/hard/libc_nano.a(libc_a-msizer.o)
                0x000000000800e008                _malloc_usable_size_r
 .text._raise_r
                0x000000000800e018       0x50 /Applications/STM32CubeIDE.app/Contents/Eclipse/plugins/com.st.stm32cube.ide.mcu.externaltools.gnu-tools-for-stm32.11.3.rel1.macos64_1.1.100.202310310803/tools/bin/../lib/gcc/arm-none-eabi/11.3.1/../../../../arm-none-eabi/lib/thumb/v8-m.main+fp/hard/libc_nano.a(libc_a-signal.o)
                0x000000000800e018                _raise_r
 .text.raise    0x000000000800e068       0x10 /Applications/STM32CubeIDE.app/Contents/Eclipse/plugins/com.st.stm32cube.ide.mcu.externaltools.gnu-tools-for-stm32.11.3.rel1.macos64_1.1.100.202310310803/tools/bin/../lib/gcc/arm-none-eabi/11.3.1/../../../../arm-none-eabi/lib/thumb/v8-m.main+fp/hard/libc_nano.a(libc_a-signal.o)
                0x000000000800e068                raise
 .text._kill_r  0x000000000800e078       0x24 /Applications/STM32CubeIDE.app/Contents/Eclipse/plugins/com.st.stm32cube.ide.mcu.externaltools.gnu-tools-for-stm32.11.3.rel1.macos64_1.1.100.202310310803/tools/bin/../lib/gcc/arm-none-eabi/11.3.1/../../../../arm-none-eabi/lib/thumb/v8-m.main+fp/hard/libc_nano.a(libc_a-signalr.o)
                0x000000000800e078                _kill_r
 .text._getpid_r
                0x000000000800e09c        0x4 /Applications/STM32CubeIDE.app/Contents/Eclipse/plugins/com.st.stm32cube.ide.mcu.externaltools.gnu-tools-for-stm32.11.3.rel1.macos64_1.1.100.202310310803/tools/bin/../lib/gcc/arm-none-eabi/11.3.1/../../../../arm-none-eabi/lib/thumb/v8-m.main+fp/hard/libc_nano.a(libc_a-signalr.o)
                0x000000000800e09c                _getpid_r
 *(.glue_7)
 .glue_7        0x000000000800e0a0        0x0 linker stubs
 *(.glue_7t)
 .glue_7t       0x000000000800e0a0        0x0 linker stubs
 *(.eh_frame)
 .eh_frame      0x000000000800e0a0        0x0 /Applications/STM32CubeIDE.app/Contents/Eclipse/plugins/com.st.stm32cube.ide.mcu.externaltools.gnu-tools-for-stm32.11.3.rel1.macos64_1.1.100.202310310803/tools/bin/../lib/gcc/arm-none-eabi/11.3.1/thumb/v8-m.main+fp/hard/crtbegin.o
 *(.init)
 .init          0x000000000800e0a0        0x4 /Applications/STM32CubeIDE.app/Contents/Eclipse/plugins/com.st.stm32cube.ide.mcu.externaltools.gnu-tools-for-stm32.11.3.rel1.macos64_1.1.100.202310310803/tools/bin/../lib/gcc/arm-none-eabi/11.3.1/thumb/v8-m.main+fp/hard/crti.o
                0x000000000800e0a0                _init
 .init          0x000000000800e0a4        0x8 /Applications/STM32CubeIDE.app/Contents/Eclipse/plugins/com.st.stm32cube.ide.mcu.externaltools.gnu-tools-for-stm32.11.3.rel1.macos64_1.1.100.202310310803/tools/bin/../lib/gcc/arm-none-eabi/11.3.1/thumb/v8-m.main+fp/hard/crtn.o
 *(.fini)
 .fini          0x000000000800e0ac        0x4 /Applications/STM32CubeIDE.app/Contents/Eclipse/plugins/com.st.stm32cube.ide.mcu.externaltools.gnu-tools-for-stm32.11.3.rel1.macos64_1.1.100.202310310803/tools/bin/../lib/gcc/arm-none-eabi/11.3.1/thumb/v8-m.main+fp/hard/crti.o
                0x000000000800e0ac                _fini
 .fini          0x000000000800e0b0        0x8 /Applications/STM32CubeIDE.app/Contents/Eclipse/plugins/com.st.stm32cube.ide.mcu.externaltools.gnu-tools-for-stm32.11.3.rel1.macos64_1.1.100.202310310803/tools/bin/../lib/gcc/arm-none-eabi/11.3.1/thumb/v8-m.main+fp/hard/crtn.o
                0x000000000800e0b8                . = ALIGN (0x8)
                0x000000000800e0b8                _etext = .

.vfp11_veneer   0x000000000800e0b8        0x0
 .vfp11_veneer  0x000000000800e0b8        0x0 linker stubs

.v4_bx          0x000000000800e0b8        0x0
 .v4_bx         0x000000000800e0b8        0x0 linker stubs

.iplt           0x000000000800e0b8        0x0
 .iplt          0x000000000800e0b8        0x0 /Applications/STM32CubeIDE.app/Contents/Eclipse/plugins/com.st.stm32cube.ide.mcu.externaltools.gnu-tools-for-stm32.11.3.rel1.macos64_1.1.100.202310310803/tools/bin/../lib/gcc/arm-none-eabi/11.3.1/thumb/v8-m.main+fp/hard/crtbegin.o

.rodata         0x000000000800e0b8      0x8b8
                0x000000000800e0b8                . = ALIGN (0x8)
 *(.rodata)
 .rodata        0x000000000800e0b8        0x3 ./Drivers/BSP/Components/stm32wb_at/stm32wb_at.o
 *fill*         0x000000000800e0bb        0x1 
 .rodata        0x000000000800e0bc      0x1c5 ./Drivers/BSP/Components/stm32wb_at/stm32wb_at_ble.o
 *fill*         0x000000000800e281        0x3 
 .rodata        0x000000000800e284       0x5f ./Drivers/BSP/Components/stm32wb_at/stm32wb_at_client.o
 *fill*         0x000000000800e2e3        0x1 
 .rodata        0x000000000800e2e4       0x63 ./Example/User/ble_at_appli.o
 *fill*         0x000000000800e347        0x1 
 .rodata        0x000000000800e348       0xfd ./Example/User/main.o
 *(.rodata*)
 *fill*         0x000000000800e445        0x3 
 .rodata.LED_PIN
                0x000000000800e448        0x8 ./Drivers/BSP/B-U585I-IOT02A/b_u585i_iot02a.o
 .rodata.BUTTON_EXTI_LINE.2
                0x000000000800e450        0x4 ./Drivers/BSP/B-U585I-IOT02A/b_u585i_iot02a.o
 .rodata.AHBPrescTable
                0x000000000800e454       0x10 ./Drivers/CMSIS/system_stm32u5xx.o
                0x000000000800e454                AHBPrescTable
 .rodata.APBPrescTable
                0x000000000800e464        0x8 ./Drivers/CMSIS/system_stm32u5xx.o
                0x000000000800e464                APBPrescTable
 .rodata.MSIRangeTable
                0x000000000800e46c       0x40 ./Drivers/CMSIS/system_stm32u5xx.o
                0x000000000800e46c                MSIRangeTable
 .rodata.LPGPIO_Map
                0x000000000800e4ac       0x80 ./Drivers/STM32U5xx_HAL_Driver/stm32u5xx_hal_gpio.o
 .rodata.UARTPrescTable
                0x000000000800e52c       0x18 ./Drivers/STM32U5xx_HAL_Driver/stm32u5xx_hal_uart.o
                0x000000000800e52c                UARTPrescTable
 .rodata.numerator.1
                0x000000000800e544        0x8 ./Drivers/STM32U5xx_HAL_Driver/stm32u5xx_hal_uart_ex.o
 .rodata.denominator.0
                0x000000000800e54c        0x8 ./Drivers/STM32U5xx_HAL_Driver/stm32u5xx_hal_uart_ex.o
 .rodata._strtod_l.str1.1
                0x000000000800e554        0xe /Applications/STM32CubeIDE.app/Contents/Eclipse/plugins/com.st.stm32cube.ide.mcu.externaltools.gnu-tools-for-stm32.11.3.rel1.macos64_1.1.100.202310310803/tools/bin/../lib/gcc/arm-none-eabi/11.3.1/../../../../arm-none-eabi/lib/thumb/v8-m.main+fp/hard/libc_nano.a(libc_a-strtod.o)
                                          0xf (size before relaxing)
 *fill*         0x000000000800e562        0x2 
 .rodata.fpi.1  0x000000000800e564       0x14 /Applications/STM32CubeIDE.app/Contents/Eclipse/plugins/com.st.stm32cube.ide.mcu.externaltools.gnu-tools-for-stm32.11.3.rel1.macos64_1.1.100.202310310803/tools/bin/../lib/gcc/arm-none-eabi/11.3.1/../../../../arm-none-eabi/lib/thumb/v8-m.main+fp/hard/libc_nano.a(libc_a-strtod.o)
 .rodata.fpinan.0
                0x000000000800e578       0x14 /Applications/STM32CubeIDE.app/Contents/Eclipse/plugins/com.st.stm32cube.ide.mcu.externaltools.gnu-tools-for-stm32.11.3.rel1.macos64_1.1.100.202310310803/tools/bin/../lib/gcc/arm-none-eabi/11.3.1/../../../../arm-none-eabi/lib/thumb/v8-m.main+fp/hard/libc_nano.a(libc_a-strtod.o)
 *fill*         0x000000000800e58c        0x4 
 .rodata.tinytens
                0x000000000800e590       0x28 /Applications/STM32CubeIDE.app/Contents/Eclipse/plugins/com.st.stm32cube.ide.mcu.externaltools.gnu-tools-for-stm32.11.3.rel1.macos64_1.1.100.202310310803/tools/bin/../lib/gcc/arm-none-eabi/11.3.1/../../../../arm-none-eabi/lib/thumb/v8-m.main+fp/hard/libc_nano.a(libc_a-strtod.o)
 .rodata.strtok.str1.1
                0x000000000800e5b8       0x71 /Applications/STM32CubeIDE.app/Contents/Eclipse/plugins/com.st.stm32cube.ide.mcu.externaltools.gnu-tools-for-stm32.11.3.rel1.macos64_1.1.100.202310310803/tools/bin/../lib/gcc/arm-none-eabi/11.3.1/../../../../arm-none-eabi/lib/thumb/v8-m.main+fp/hard/libc_nano.a(libc_a-strtok.o)
 .rodata._setlocale_r.str1.1
                0x000000000800e629        0x8 /Applications/STM32CubeIDE.app/Contents/Eclipse/plugins/com.st.stm32cube.ide.mcu.externaltools.gnu-tools-for-stm32.11.3.rel1.macos64_1.1.100.202310310803/tools/bin/../lib/gcc/arm-none-eabi/11.3.1/../../../../arm-none-eabi/lib/thumb/v8-m.main+fp/hard/libc_nano.a(libc_a-locale.o)
                                          0x9 (size before relaxing)
 .rodata.str1.1
                0x000000000800e631        0x2 /Applications/STM32CubeIDE.app/Contents/Eclipse/plugins/com.st.stm32cube.ide.mcu.externaltools.gnu-tools-for-stm32.11.3.rel1.macos64_1.1.100.202310310803/tools/bin/../lib/gcc/arm-none-eabi/11.3.1/../../../../arm-none-eabi/lib/thumb/v8-m.main+fp/hard/libc_nano.a(libc_a-locale.o)
 .rodata._ctype_
                0x000000000800e631      0x101 /Applications/STM32CubeIDE.app/Contents/Eclipse/plugins/com.st.stm32cube.ide.mcu.externaltools.gnu-tools-for-stm32.11.3.rel1.macos64_1.1.100.202310310803/tools/bin/../lib/gcc/arm-none-eabi/11.3.1/../../../../arm-none-eabi/lib/thumb/v8-m.main+fp/hard/libc_nano.a(libc_a-ctype_.o)
                0x000000000800e631                _ctype_
 .rodata.__assert_func.str1.1
                0x000000000800e732       0x3c /Applications/STM32CubeIDE.app/Contents/Eclipse/plugins/com.st.stm32cube.ide.mcu.externaltools.gnu-tools-for-stm32.11.3.rel1.macos64_1.1.100.202310310803/tools/bin/../lib/gcc/arm-none-eabi/11.3.1/../../../../arm-none-eabi/lib/thumb/v8-m.main+fp/hard/libc_nano.a(libc_a-assert.o)
                                         0x3d (size before relaxing)
 .rodata.__gethex.str1.1
                0x000000000800e76e       0x71 /Applications/STM32CubeIDE.app/Contents/Eclipse/plugins/com.st.stm32cube.ide.mcu.externaltools.gnu-tools-for-stm32.11.3.rel1.macos64_1.1.100.202310310803/tools/bin/../lib/gcc/arm-none-eabi/11.3.1/../../../../arm-none-eabi/lib/thumb/v8-m.main+fp/hard/libc_nano.a(libc_a-gdtoa-gethex.o)