/Users/AtomicOwner/Documents/UCLA/E96I/STM32CubeU5/Projects/B-U585I-IOT02A/Applications/FileX/Fx_NoR_Write_Read_File/Core/Src/main.c:82:5:main	8	static
/Users/AtomicOwner/Documents/UCLA/E96I/STM32CubeU5/Projects/B-U585I-IOT02A/Applications/FileX/Fx_NoR_Write_Read_File/Core/Src/main.c:135:6:SystemClock_Config	128	static
/Users/AtomicOwner/Documents/UCLA/E96I/STM32CubeU5/Projects/B-U585I-IOT02A/Applications/FileX/Fx_NoR_Write_Read_File/Core/Src/main.c:189:13:SystemPower_Config	8	static
/Users/AtomicOwner/Documents/UCLA/E96I/STM32CubeU5/Projects/B-U585I-IOT02A/Applications/FileX/Fx_NoR_Write_Read_File/Core/Src/main.c:213:13:MX_GPDMA1_Init	16	static
/Users/AtomicOwner/Documents/UCLA/E96I/STM32CubeU5/Projects/B-U585I-IOT02A/Applications/FileX/Fx_NoR_Write_Read_File/Core/Src/main.c:241:13:MX_ICACHE_Init	8	static
/Users/AtomicOwner/Documents/UCLA/E96I/STM32CubeU5/Projects/B-U585I-IOT02A/Applications/FileX/Fx_NoR_Write_Read_File/Core/Src/main.c:273:13:MX_OCTOSPI2_Init	40	static
/Users/AtomicOwner/Documents/UCLA/E96I/STM32CubeU5/Projects/B-U585I-IOT02A/Applications/FileX/Fx_NoR_Write_Read_File/Core/Src/main.c:333:13:MX_USART1_UART_Init	8	static
/Users/AtomicOwner/Documents/UCLA/E96I/STM32CubeU5/Projects/B-U585I-IOT02A/Applications/FileX/Fx_NoR_Write_Read_File/Core/Src/main.c:381:13:MX_GPIO_Init	48	static
/Users/AtomicOwner/Documents/UCLA/E96I/STM32CubeU5/Projects/B-U585I-IOT02A/Applications/FileX/Fx_NoR_Write_Read_File/Core/Src/main.c:413:1:__io_putchar	16	static
/Users/AtomicOwner/Documents/UCLA/E96I/STM32CubeU5/Projects/B-U585I-IOT02A/Applications/FileX/Fx_NoR_Write_Read_File/Core/Src/main.c:431:6:HAL_TIM_PeriodElapsedCallback	16	static
/Users/AtomicOwner/Documents/UCLA/E96I/STM32CubeU5/Projects/B-U585I-IOT02A/Applications/FileX/Fx_NoR_Write_Read_File/Core/Src/main.c:448:6:Error_Handler	8	static
