/Users/AtomicOwner/Documents/UCLA/E96I/STM32CubeU5/Drivers/STM32U5xx_HAL_Driver/Src/stm32u5xx_hal_cryp.c:439:19:HAL_CRYP_Init	24	static
/Users/AtomicOwner/Documents/UCLA/E96I/STM32CubeU5/Drivers/STM32U5xx_HAL_Driver/Src/stm32u5xx_hal_cryp.c:551:19:HAL_CRYP_DeInit	16	static
/Users/AtomicOwner/Documents/UCLA/E96I/STM32CubeU5/Drivers/STM32U5xx_HAL_Driver/Src/stm32u5xx_hal_cryp.c:603:19:HAL_CRYP_SetConfig	16	static
/Users/AtomicOwner/Documents/UCLA/E96I/STM32CubeU5/Drivers/STM32U5xx_HAL_Driver/Src/stm32u5xx_hal_cryp.c:693:19:HAL_CRYP_GetConfig	16	static
/Users/AtomicOwner/Documents/UCLA/E96I/STM32CubeU5/Drivers/STM32U5xx_HAL_Driver/Src/stm32u5xx_hal_cryp.c:743:13:HAL_CRYP_MspInit	16	static
/Users/AtomicOwner/Documents/UCLA/E96I/STM32CubeU5/Drivers/STM32U5xx_HAL_Driver/Src/stm32u5xx_hal_cryp.c:759:13:HAL_CRYP_MspDeInit	16	static
/Users/AtomicOwner/Documents/UCLA/E96I/STM32CubeU5/Drivers/STM32U5xx_HAL_Driver/Src/stm32u5xx_hal_cryp.c:1128:20:HAL_CRYP_SaveContext	16	static
/Users/AtomicOwner/Documents/UCLA/E96I/STM32CubeU5/Drivers/STM32U5xx_HAL_Driver/Src/stm32u5xx_hal_cryp.c:1188:19:HAL_CRYP_RestoreContext	16	static
/Users/AtomicOwner/Documents/UCLA/E96I/STM32CubeU5/Drivers/STM32U5xx_HAL_Driver/Src/stm32u5xx_hal_cryp.c:1346:19:HAL_CRYP_Encrypt	32	static
/Users/AtomicOwner/Documents/UCLA/E96I/STM32CubeU5/Drivers/STM32U5xx_HAL_Driver/Src/stm32u5xx_hal_cryp.c:1444:19:HAL_CRYP_Decrypt	32	static
/Users/AtomicOwner/Documents/UCLA/E96I/STM32CubeU5/Drivers/STM32U5xx_HAL_Driver/Src/stm32u5xx_hal_cryp.c:1535:19:HAL_CRYP_Encrypt_IT	32	static
/Users/AtomicOwner/Documents/UCLA/E96I/STM32CubeU5/Drivers/STM32U5xx_HAL_Driver/Src/stm32u5xx_hal_cryp.c:1639:19:HAL_CRYP_Decrypt_IT	32	static
/Users/AtomicOwner/Documents/UCLA/E96I/STM32CubeU5/Drivers/STM32U5xx_HAL_Driver/Src/stm32u5xx_hal_cryp.c:1741:19:HAL_CRYP_Encrypt_DMA	40	static
/Users/AtomicOwner/Documents/UCLA/E96I/STM32CubeU5/Drivers/STM32U5xx_HAL_Driver/Src/stm32u5xx_hal_cryp.c:1904:19:HAL_CRYP_Decrypt_DMA	32	static
/Users/AtomicOwner/Documents/UCLA/E96I/STM32CubeU5/Drivers/STM32U5xx_HAL_Driver/Src/stm32u5xx_hal_cryp.c:2006:6:HAL_CRYP_IRQHandler	16	static
/Users/AtomicOwner/Documents/UCLA/E96I/STM32CubeU5/Drivers/STM32U5xx_HAL_Driver/Src/stm32u5xx_hal_cryp.c:2069:10:HAL_CRYP_GetError	16	static
/Users/AtomicOwner/Documents/UCLA/E96I/STM32CubeU5/Drivers/STM32U5xx_HAL_Driver/Src/stm32u5xx_hal_cryp.c:2080:23:HAL_CRYP_GetState	16	static
/Users/AtomicOwner/Documents/UCLA/E96I/STM32CubeU5/Drivers/STM32U5xx_HAL_Driver/Src/stm32u5xx_hal_cryp.c:2091:13:HAL_CRYP_InCpltCallback	16	static
/Users/AtomicOwner/Documents/UCLA/E96I/STM32CubeU5/Drivers/STM32U5xx_HAL_Driver/Src/stm32u5xx_hal_cryp.c:2107:13:HAL_CRYP_OutCpltCallback	16	static
/Users/AtomicOwner/Documents/UCLA/E96I/STM32CubeU5/Drivers/STM32U5xx_HAL_Driver/Src/stm32u5xx_hal_cryp.c:2123:13:HAL_CRYP_ErrorCallback	16	static
/Users/AtomicOwner/Documents/UCLA/E96I/STM32CubeU5/Drivers/STM32U5xx_HAL_Driver/Src/stm32u5xx_hal_cryp.c:2151:26:CRYP_AES_Encrypt	32	static
/Users/AtomicOwner/Documents/UCLA/E96I/STM32CubeU5/Drivers/STM32U5xx_HAL_Driver/Src/stm32u5xx_hal_cryp.c:2290:26:CRYP_AES_Encrypt_IT	24	static
/Users/AtomicOwner/Documents/UCLA/E96I/STM32CubeU5/Drivers/STM32U5xx_HAL_Driver/Src/stm32u5xx_hal_cryp.c:2405:26:CRYP_AES_Decrypt	24	static
/Users/AtomicOwner/Documents/UCLA/E96I/STM32CubeU5/Drivers/STM32U5xx_HAL_Driver/Src/stm32u5xx_hal_cryp.c:2604:26:CRYP_AES_Decrypt_IT	24	static
/Users/AtomicOwner/Documents/UCLA/E96I/STM32CubeU5/Drivers/STM32U5xx_HAL_Driver/Src/stm32u5xx_hal_cryp.c:2782:26:CRYP_AES_Decrypt_DMA	24	static
/Users/AtomicOwner/Documents/UCLA/E96I/STM32CubeU5/Drivers/STM32U5xx_HAL_Driver/Src/stm32u5xx_hal_cryp.c:2949:13:CRYP_DMAInCplt	96	static
/Users/AtomicOwner/Documents/UCLA/E96I/STM32CubeU5/Drivers/STM32U5xx_HAL_Driver/Src/stm32u5xx_hal_cryp.c:3060:13:CRYP_DMAOutCplt	56	static
/Users/AtomicOwner/Documents/UCLA/E96I/STM32CubeU5/Drivers/STM32U5xx_HAL_Driver/Src/stm32u5xx_hal_cryp.c:3173:13:CRYP_DMAError	24	static
/Users/AtomicOwner/Documents/UCLA/E96I/STM32CubeU5/Drivers/STM32U5xx_HAL_Driver/Src/stm32u5xx_hal_cryp.c:3205:13:CRYP_SetDMAConfig	32	static
/Users/AtomicOwner/Documents/UCLA/E96I/STM32CubeU5/Drivers/STM32U5xx_HAL_Driver/Src/stm32u5xx_hal_cryp.c:3318:26:CRYP_SetHeaderDMAConfig	32	static
/Users/AtomicOwner/Documents/UCLA/E96I/STM32CubeU5/Drivers/STM32U5xx_HAL_Driver/Src/stm32u5xx_hal_cryp.c:3384:13:CRYP_AES_ProcessData	40	static
/Users/AtomicOwner/Documents/UCLA/E96I/STM32CubeU5/Drivers/STM32U5xx_HAL_Driver/Src/stm32u5xx_hal_cryp.c:3438:13:CRYP_AES_IT	40	static
/Users/AtomicOwner/Documents/UCLA/E96I/STM32CubeU5/Drivers/STM32U5xx_HAL_Driver/Src/stm32u5xx_hal_cryp.c:3548:13:CRYP_SetKey	16	static
/Users/AtomicOwner/Documents/UCLA/E96I/STM32CubeU5/Drivers/STM32U5xx_HAL_Driver/Src/stm32u5xx_hal_cryp.c:3583:13:CRYP_SetIV	16	static
/Users/AtomicOwner/Documents/UCLA/E96I/STM32CubeU5/Drivers/STM32U5xx_HAL_Driver/Src/stm32u5xx_hal_cryp.c:3602:26:CRYP_AESGCM_Process	64	static
/Users/AtomicOwner/Documents/UCLA/E96I/STM32CubeU5/Drivers/STM32U5xx_HAL_Driver/Src/stm32u5xx_hal_cryp.c:3796:26:CRYP_AESGCM_Process_IT	104	static
/Users/AtomicOwner/Documents/UCLA/E96I/STM32CubeU5/Drivers/STM32U5xx_HAL_Driver/Src/stm32u5xx_hal_cryp.c:4162:26:CRYP_AESGCM_Process_DMA	24	static
/Users/AtomicOwner/Documents/UCLA/E96I/STM32CubeU5/Drivers/STM32U5xx_HAL_Driver/Src/stm32u5xx_hal_cryp.c:4264:26:CRYP_AESCCM_Process	64	static
/Users/AtomicOwner/Documents/UCLA/E96I/STM32CubeU5/Drivers/STM32U5xx_HAL_Driver/Src/stm32u5xx_hal_cryp.c:4454:26:CRYP_AESCCM_Process_IT	104	static
/Users/AtomicOwner/Documents/UCLA/E96I/STM32CubeU5/Drivers/STM32U5xx_HAL_Driver/Src/stm32u5xx_hal_cryp.c:4813:26:CRYP_AESCCM_Process_DMA	24	static
/Users/AtomicOwner/Documents/UCLA/E96I/STM32CubeU5/Drivers/STM32U5xx_HAL_Driver/Src/stm32u5xx_hal_cryp.c:4917:13:CRYP_GCMCCM_SetPayloadPhase_IT	56	static
/Users/AtomicOwner/Documents/UCLA/E96I/STM32CubeU5/Drivers/STM32U5xx_HAL_Driver/Src/stm32u5xx_hal_cryp.c:5059:26:CRYP_GCMCCM_SetPayloadPhase_DMA	56	static
/Users/AtomicOwner/Documents/UCLA/E96I/STM32CubeU5/Drivers/STM32U5xx_HAL_Driver/Src/stm32u5xx_hal_cryp.c:5189:26:CRYP_GCMCCM_SetHeaderPhase	88	static
/Users/AtomicOwner/Documents/UCLA/E96I/STM32CubeU5/Drivers/STM32U5xx_HAL_Driver/Src/stm32u5xx_hal_cryp.c:5323:26:CRYP_GCMCCM_SetHeaderPhase_DMA	88	static
/Users/AtomicOwner/Documents/UCLA/E96I/STM32CubeU5/Drivers/STM32U5xx_HAL_Driver/Src/stm32u5xx_hal_cryp.c:5442:13:CRYP_GCMCCM_SetHeaderPhase_IT	96	static
/Users/AtomicOwner/Documents/UCLA/E96I/STM32CubeU5/Drivers/STM32U5xx_HAL_Driver/Src/stm32u5xx_hal_cryp.c:5639:26:CRYP_WaitOnCCFlag	24	static
/Users/AtomicOwner/Documents/UCLA/E96I/STM32CubeU5/Drivers/STM32U5xx_HAL_Driver/Src/stm32u5xx_hal_cryp.c:5672:13:CRYP_ClearCCFlagWhenHigh	24	static
