/Users/AtomicOwner/Documents/UCLA/E96I/STM32CubeU5/Drivers/BSP/Components/aps6408/aps6408.c:49:9:APS6408_Read	104	static
/Users/AtomicOwner/Documents/UCLA/E96I/STM32CubeU5/Drivers/BSP/Components/aps6408/aps6408.c:98:9:APS6408_Read_DMA	104	static
/Users/AtomicOwner/Documents/UCLA/E96I/STM32CubeU5/Drivers/BSP/Components/aps6408/aps6408.c:147:9:APS6408_Write	104	static
/Users/AtomicOwner/Documents/UCLA/E96I/STM32CubeU5/Drivers/BSP/Components/aps6408/aps6408.c:196:9:APS6408_Write_DMA	104	static
/Users/AtomicOwner/Documents/UCLA/E96I/STM32CubeU5/Drivers/BSP/Components/aps6408/aps6408.c:240:9:APS6408_EnableMemoryMappedMode	112	static
/Users/AtomicOwner/Documents/UCLA/E96I/STM32CubeU5/Drivers/BSP/Components/aps6408/aps6408.c:299:9:APS6408_ReadReg	104	static
/Users/AtomicOwner/Documents/UCLA/E96I/STM32CubeU5/Drivers/BSP/Components/aps6408/aps6408.c:343:9:APS6408_WriteReg	104	static
/Users/AtomicOwner/Documents/UCLA/E96I/STM32CubeU5/Drivers/BSP/Components/aps6408/aps6408.c:389:9:APS6408_ReadID	24	static
/Users/AtomicOwner/Documents/UCLA/E96I/STM32CubeU5/Drivers/BSP/Components/aps6408/aps6408.c:412:9:APS6408_EnterPowerDown	16	static
/Users/AtomicOwner/Documents/UCLA/E96I/STM32CubeU5/Drivers/BSP/Components/aps6408/aps6408.c:431:9:APS6408_LeavePowerDown	96	static
/Users/AtomicOwner/Documents/UCLA/E96I/STM32CubeU5/Drivers/BSP/Components/aps6408/aps6408.c:471:9:APS6408_Reset	96	static
