/Users/AtomicOwner/Documents/UCLA/E96I/STM32CubeU5/Middlewares/ST/STM32_Network_Library/core/net_state.c:69:13:set_state	16	static
/Users/AtomicOwner/Documents/UCLA/E96I/STM32CubeU5/Middlewares/ST/STM32_Network_Library/core/net_state.c:77:16:net_state_initialized	24	static
/Users/AtomicOwner/Documents/UCLA/E96I/STM32CubeU5/Middlewares/ST/STM32_Network_Library/core/net_state.c:110:16:net_state_starting	24	static
/Users/AtomicOwner/Documents/UCLA/E96I/STM32CubeU5/Middlewares/ST/STM32_Network_Library/core/net_state.c:136:16:net_state_ready	24	static
/Users/AtomicOwner/Documents/UCLA/E96I/STM32CubeU5/Middlewares/ST/STM32_Network_Library/core/net_state.c:169:16:net_state_connecting	24	static
/Users/AtomicOwner/Documents/UCLA/E96I/STM32CubeU5/Middlewares/ST/STM32_Network_Library/core/net_state.c:190:16:net_state_connected	24	static
/Users/AtomicOwner/Documents/UCLA/E96I/STM32CubeU5/Middlewares/ST/STM32_Network_Library/core/net_state.c:221:16:net_state_disconnecting	24	static
/Users/AtomicOwner/Documents/UCLA/E96I/STM32CubeU5/Middlewares/ST/STM32_Network_Library/core/net_state.c:238:16:net_state_stopping	24	static
/Users/AtomicOwner/Documents/UCLA/E96I/STM32CubeU5/Middlewares/ST/STM32_Network_Library/core/net_state.c:255:16:net_state_connection_lost	24	static
/Users/AtomicOwner/Documents/UCLA/E96I/STM32CubeU5/Middlewares/ST/STM32_Network_Library/core/net_state.c:272:9:net_state_manage_event	24	static
