/Users/AtomicOwner/Documents/UCLA/E96I/STM32CubeU5/Projects/B-U585I-IOT02A/Applications/NetXDuo/Nx_MDNS/Core/Src/stm32u5xx_it.c:71:6:NMI_Handler	4	static
/Users/AtomicOwner/Documents/UCLA/E96I/STM32CubeU5/Projects/B-U585I-IOT02A/Applications/NetXDuo/Nx_MDNS/Core/Src/stm32u5xx_it.c:86:6:HardFault_Handler	4	static
/Users/AtomicOwner/Documents/UCLA/E96I/STM32CubeU5/Projects/B-U585I-IOT02A/Applications/NetXDuo/Nx_MDNS/Core/Src/stm32u5xx_it.c:101:6:MemManage_Handler	4	static
/Users/AtomicOwner/Documents/UCLA/E96I/STM32CubeU5/Projects/B-U585I-IOT02A/Applications/NetXDuo/Nx_MDNS/Core/Src/stm32u5xx_it.c:116:6:BusFault_Handler	4	static
/Users/AtomicOwner/Documents/UCLA/E96I/STM32CubeU5/Projects/B-U585I-IOT02A/Applications/NetXDuo/Nx_MDNS/Core/Src/stm32u5xx_it.c:131:6:UsageFault_Handler	4	static
/Users/AtomicOwner/Documents/UCLA/E96I/STM32CubeU5/Projects/B-U585I-IOT02A/Applications/NetXDuo/Nx_MDNS/Core/Src/stm32u5xx_it.c:146:6:DebugMon_Handler	4	static
/Users/AtomicOwner/Documents/UCLA/E96I/STM32CubeU5/Projects/B-U585I-IOT02A/Applications/NetXDuo/Nx_MDNS/Core/Src/stm32u5xx_it.c:166:6:EXTI14_IRQHandler	8	static
/Users/AtomicOwner/Documents/UCLA/E96I/STM32CubeU5/Projects/B-U585I-IOT02A/Applications/NetXDuo/Nx_MDNS/Core/Src/stm32u5xx_it.c:180:6:EXTI15_IRQHandler	8	static
/Users/AtomicOwner/Documents/UCLA/E96I/STM32CubeU5/Projects/B-U585I-IOT02A/Applications/NetXDuo/Nx_MDNS/Core/Src/stm32u5xx_it.c:194:6:TIM6_IRQHandler	8	static
/Users/AtomicOwner/Documents/UCLA/E96I/STM32CubeU5/Projects/B-U585I-IOT02A/Applications/NetXDuo/Nx_MDNS/Core/Src/stm32u5xx_it.c:208:6:SPI2_IRQHandler	8	static
