/Users/AtomicOwner/Documents/UCLA/E96I/STM32CubeU5/Middlewares/ST/netxduo/addons/http/nxd_http_client.c:95:7:_nxe_http_client_create	40	static
/Users/AtomicOwner/Documents/UCLA/E96I/STM32CubeU5/Middlewares/ST/netxduo/addons/http/nxd_http_client.c:169:7:_nx_http_client_create	56	static
/Users/AtomicOwner/Documents/UCLA/E96I/STM32CubeU5/Middlewares/ST/netxduo/addons/http/nxd_http_client.c:255:7:_nxe_http_client_delete	24	static,ignoring_inline_asm
/Users/AtomicOwner/Documents/UCLA/E96I/STM32CubeU5/Middlewares/ST/netxduo/addons/http/nxd_http_client.c:317:7:_nx_http_client_delete	16	static
/Users/AtomicOwner/Documents/UCLA/E96I/STM32CubeU5/Middlewares/ST/netxduo/addons/http/nxd_http_client.c:390:7:_nxe_http_client_set_connect_port	24	static
/Users/AtomicOwner/Documents/UCLA/E96I/STM32CubeU5/Middlewares/ST/netxduo/addons/http/nxd_http_client.c:456:7:_nx_http_client_set_connect_port	16	static
/Users/AtomicOwner/Documents/UCLA/E96I/STM32CubeU5/Middlewares/ST/netxduo/addons/http/nxd_http_client.c:512:7:_nxe_http_client_get_start	48	static,ignoring_inline_asm
/Users/AtomicOwner/Documents/UCLA/E96I/STM32CubeU5/Middlewares/ST/netxduo/addons/http/nxd_http_client.c:597:7:_nxe_http_client_get_start_extended	64	static,ignoring_inline_asm
/Users/AtomicOwner/Documents/UCLA/E96I/STM32CubeU5/Middlewares/ST/netxduo/addons/http/nxd_http_client.c:687:7:_nx_http_client_get_start	56	static
/Users/AtomicOwner/Documents/UCLA/E96I/STM32CubeU5/Middlewares/ST/netxduo/addons/http/nxd_http_client.c:774:7:_nx_http_client_get_start_extended	72	static
/Users/AtomicOwner/Documents/UCLA/E96I/STM32CubeU5/Middlewares/ST/netxduo/addons/http/nxd_http_client.c:859:7:_nxde_http_client_get_start	48	static,ignoring_inline_asm
/Users/AtomicOwner/Documents/UCLA/E96I/STM32CubeU5/Middlewares/ST/netxduo/addons/http/nxd_http_client.c:934:7:_nxde_http_client_get_start_extended	64	static,ignoring_inline_asm
/Users/AtomicOwner/Documents/UCLA/E96I/STM32CubeU5/Middlewares/ST/netxduo/addons/http/nxd_http_client.c:1010:7:_nxd_http_client_get_start	72	static
/Users/AtomicOwner/Documents/UCLA/E96I/STM32CubeU5/Middlewares/ST/netxduo/addons/http/nxd_http_client.c:1124:7:_nxd_http_client_get_start_extended	192	static
/Users/AtomicOwner/Documents/UCLA/E96I/STM32CubeU5/Middlewares/ST/netxduo/addons/http/nxd_http_client.c:1533:7:_nxe_http_client_get_packet	32	static,ignoring_inline_asm
/Users/AtomicOwner/Documents/UCLA/E96I/STM32CubeU5/Middlewares/ST/netxduo/addons/http/nxd_http_client.c:1600:7:_nx_http_client_get_packet	32	static
/Users/AtomicOwner/Documents/UCLA/E96I/STM32CubeU5/Middlewares/ST/netxduo/addons/http/nxd_http_client.c:1744:7:_nxe_http_client_put_start	48	static,ignoring_inline_asm
/Users/AtomicOwner/Documents/UCLA/E96I/STM32CubeU5/Middlewares/ST/netxduo/addons/http/nxd_http_client.c:1836:7:_nxe_http_client_put_start_extended	56	static,ignoring_inline_asm
/Users/AtomicOwner/Documents/UCLA/E96I/STM32CubeU5/Middlewares/ST/netxduo/addons/http/nxd_http_client.c:1930:7:_nx_http_client_put_start	56	static
/Users/AtomicOwner/Documents/UCLA/E96I/STM32CubeU5/Middlewares/ST/netxduo/addons/http/nxd_http_client.c:2016:7:_nx_http_client_put_start_extended	64	static
/Users/AtomicOwner/Documents/UCLA/E96I/STM32CubeU5/Middlewares/ST/netxduo/addons/http/nxd_http_client.c:2098:7:_nxde_http_client_put_start	48	static,ignoring_inline_asm
/Users/AtomicOwner/Documents/UCLA/E96I/STM32CubeU5/Middlewares/ST/netxduo/addons/http/nxd_http_client.c:2176:7:_nxde_http_client_put_start_extended	56	static,ignoring_inline_asm
/Users/AtomicOwner/Documents/UCLA/E96I/STM32CubeU5/Middlewares/ST/netxduo/addons/http/nxd_http_client.c:2256:7:_nxd_http_client_put_start	64	static
/Users/AtomicOwner/Documents/UCLA/E96I/STM32CubeU5/Middlewares/ST/netxduo/addons/http/nxd_http_client.c:2365:7:_nxd_http_client_put_start_extended	176	static
/Users/AtomicOwner/Documents/UCLA/E96I/STM32CubeU5/Middlewares/ST/netxduo/addons/http/nxd_http_client.c:2639:7:_nxe_http_client_put_packet	32	static,ignoring_inline_asm
/Users/AtomicOwner/Documents/UCLA/E96I/STM32CubeU5/Middlewares/ST/netxduo/addons/http/nxd_http_client.c:2716:7:_nx_http_client_put_packet	40	static
/Users/AtomicOwner/Documents/UCLA/E96I/STM32CubeU5/Middlewares/ST/netxduo/addons/http/nxd_http_client.c:2904:7:_nx_http_client_type_get	24	static
/Users/AtomicOwner/Documents/UCLA/E96I/STM32CubeU5/Middlewares/ST/netxduo/addons/http/nxd_http_client.c:3084:7:_nx_http_client_content_length_get	32	static
/Users/AtomicOwner/Documents/UCLA/E96I/STM32CubeU5/Middlewares/ST/netxduo/addons/http/nxd_http_client.c:3214:7:_nx_http_client_calculate_content_offset	24	static
/Users/AtomicOwner/Documents/UCLA/E96I/STM32CubeU5/Middlewares/ST/netxduo/addons/http/nxd_http_client.c:3298:7:_nx_http_client_number_convert	32	static
