/Users/AtomicOwner/Documents/UCLA/E96I/STM32CubeU5/Projects/B-U585I-IOT02A/Applications/NetXDuo/Nx_Network_Basics/Core/Src/main.c:91:5:main	2
/Users/AtomicOwner/Documents/UCLA/E96I/STM32CubeU5/Projects/B-U585I-IOT02A/Applications/NetXDuo/Nx_Network_Basics/Core/Src/main.c:201:6:SystemClock_Config	4
/Users/AtomicOwner/Documents/UCLA/E96I/STM32CubeU5/Projects/B-U585I-IOT02A/Applications/NetXDuo/Nx_Network_Basics/Core/Src/main.c:256:13:SystemPower_Config	2
/Users/AtomicOwner/Documents/UCLA/E96I/STM32CubeU5/Projects/B-U585I-IOT02A/Applications/NetXDuo/Nx_Network_Basics/Core/Src/main.c:281:13:MX_GPDMA1_Init	1
/Users/AtomicOwner/Documents/UCLA/E96I/STM32CubeU5/Projects/B-U585I-IOT02A/Applications/NetXDuo/Nx_Network_Basics/Core/Src/main.c:311:13:MX_ICACHE_Init	3
/Users/AtomicOwner/Documents/UCLA/E96I/STM32CubeU5/Projects/B-U585I-IOT02A/Applications/NetXDuo/Nx_Network_Basics/Core/Src/main.c:343:13:MX_RNG_Init	2
/Users/AtomicOwner/Documents/UCLA/E96I/STM32CubeU5/Projects/B-U585I-IOT02A/Applications/NetXDuo/Nx_Network_Basics/Core/Src/main.c:370:13:MX_SPI2_Init	3
/Users/AtomicOwner/Documents/UCLA/E96I/STM32CubeU5/Projects/B-U585I-IOT02A/Applications/NetXDuo/Nx_Network_Basics/Core/Src/main.c:427:13:MX_USART1_UART_Init	5
/Users/AtomicOwner/Documents/UCLA/E96I/STM32CubeU5/Projects/B-U585I-IOT02A/Applications/NetXDuo/Nx_Network_Basics/Core/Src/main.c:475:13:MX_GPIO_Init	1
/Users/AtomicOwner/Documents/UCLA/E96I/STM32CubeU5/Projects/B-U585I-IOT02A/Applications/NetXDuo/Nx_Network_Basics/Core/Src/main.c:561:1:__io_putchar	1
/Users/AtomicOwner/Documents/UCLA/E96I/STM32CubeU5/Projects/B-U585I-IOT02A/Applications/NetXDuo/Nx_Network_Basics/Core/Src/main.c:606:1:__io_getchar	3
/Users/AtomicOwner/Documents/UCLA/E96I/STM32CubeU5/Projects/B-U585I-IOT02A/Applications/NetXDuo/Nx_Network_Basics/Core/Src/main.c:629:6:HAL_SPI_RxCpltCallback	2
/Users/AtomicOwner/Documents/UCLA/E96I/STM32CubeU5/Projects/B-U585I-IOT02A/Applications/NetXDuo/Nx_Network_Basics/Core/Src/main.c:643:6:HAL_SPI_TxCpltCallback	2
/Users/AtomicOwner/Documents/UCLA/E96I/STM32CubeU5/Projects/B-U585I-IOT02A/Applications/NetXDuo/Nx_Network_Basics/Core/Src/main.c:657:6:HAL_SPI_TxRxCpltCallback	2
/Users/AtomicOwner/Documents/UCLA/E96I/STM32CubeU5/Projects/B-U585I-IOT02A/Applications/NetXDuo/Nx_Network_Basics/Core/Src/main.c:670:6:HAL_GPIO_EXTI_Rising_Callback	3
/Users/AtomicOwner/Documents/UCLA/E96I/STM32CubeU5/Projects/B-U585I-IOT02A/Applications/NetXDuo/Nx_Network_Basics/Core/Src/main.c:689:6:HAL_UART_RxCpltCallback	3
/Users/AtomicOwner/Documents/UCLA/E96I/STM32CubeU5/Projects/B-U585I-IOT02A/Applications/NetXDuo/Nx_Network_Basics/Core/Src/main.c:705:5:hardware_rand	2
/Users/AtomicOwner/Documents/UCLA/E96I/STM32CubeU5/Projects/B-U585I-IOT02A/Applications/NetXDuo/Nx_Network_Basics/Core/Src/main.c:723:6:HAL_TIM_PeriodElapsedCallback	2
/Users/AtomicOwner/Documents/UCLA/E96I/STM32CubeU5/Projects/B-U585I-IOT02A/Applications/NetXDuo/Nx_Network_Basics/Core/Src/main.c:740:6:Error_Handler	1
/Users/AtomicOwner/Documents/UCLA/E96I/STM32CubeU5/Projects/B-U585I-IOT02A/Applications/NetXDuo/Nx_Network_Basics/Core/Src/main.c:761:6:assert_failed	1
