/Users/AtomicOwner/Documents/UCLA/E96I/STM32CubeU5/Projects/B-U585I-IOT02A/Examples/MDF/ADF_AudioSoundDetector/Src/main.c:75:5:main	8	static
/Users/AtomicOwner/Documents/UCLA/E96I/STM32CubeU5/Projects/B-U585I-IOT02A/Examples/MDF/ADF_AudioSoundDetector/Src/main.c:148:6:SystemClock_Config	128	static
/Users/AtomicOwner/Documents/UCLA/E96I/STM32CubeU5/Projects/B-U585I-IOT02A/Examples/MDF/ADF_AudioSoundDetector/Src/main.c:204:13:SystemPower_Config	8	static
/Users/AtomicOwner/Documents/UCLA/E96I/STM32CubeU5/Projects/B-U585I-IOT02A/Examples/MDF/ADF_AudioSoundDetector/Src/main.c:228:13:MX_ADF1_Init	8	static
/Users/AtomicOwner/Documents/UCLA/E96I/STM32CubeU5/Projects/B-U585I-IOT02A/Examples/MDF/ADF_AudioSoundDetector/Src/main.c:296:13:MX_ICACHE_Init	8	static
/Users/AtomicOwner/Documents/UCLA/E96I/STM32CubeU5/Projects/B-U585I-IOT02A/Examples/MDF/ADF_AudioSoundDetector/Src/main.c:328:13:MX_LPDMA1_Init	16	static
/Users/AtomicOwner/Documents/UCLA/E96I/STM32CubeU5/Projects/B-U585I-IOT02A/Examples/MDF/ADF_AudioSoundDetector/Src/main.c:370:13:MX_GPIO_Init	16	static
/Users/AtomicOwner/Documents/UCLA/E96I/STM32CubeU5/Projects/B-U585I-IOT02A/Examples/MDF/ADF_AudioSoundDetector/Src/main.c:388:13:MDF_DMAConfig	4	static
/Users/AtomicOwner/Documents/UCLA/E96I/STM32CubeU5/Projects/B-U585I-IOT02A/Examples/MDF/ADF_AudioSoundDetector/Src/main.c:401:13:EnterLowPowerMode	16	static
/Users/AtomicOwner/Documents/UCLA/E96I/STM32CubeU5/Projects/B-U585I-IOT02A/Examples/MDF/ADF_AudioSoundDetector/Src/main.c:415:6:HAL_MDF_SadCallback	16	static
/Users/AtomicOwner/Documents/UCLA/E96I/STM32CubeU5/Projects/B-U585I-IOT02A/Examples/MDF/ADF_AudioSoundDetector/Src/main.c:426:6:Error_Handler	4	static,ignoring_inline_asm
