/Users/AtomicOwner/Documents/UCLA/E96I/STM32CubeU5/Projects/B-U585I-IOT02A/Examples/CRYP/CRYP_SAES_ECB_CBC/Src/main.c:101:5:main	16	static
/Users/AtomicOwner/Documents/UCLA/E96I/STM32CubeU5/Projects/B-U585I-IOT02A/Examples/CRYP/CRYP_SAES_ECB_CBC/Src/main.c:224:6:SystemClock_Config	128	static
/Users/AtomicOwner/Documents/UCLA/E96I/STM32CubeU5/Projects/B-U585I-IOT02A/Examples/CRYP/CRYP_SAES_ECB_CBC/Src/main.c:281:13:SystemPower_Config	8	static
/Users/AtomicOwner/Documents/UCLA/E96I/STM32CubeU5/Projects/B-U585I-IOT02A/Examples/CRYP/CRYP_SAES_ECB_CBC/Src/main.c:305:13:MX_ICACHE_Init	8	static
/Users/AtomicOwner/Documents/UCLA/E96I/STM32CubeU5/Projects/B-U585I-IOT02A/Examples/CRYP/CRYP_SAES_ECB_CBC/Src/main.c:337:13:MX_RNG_Init	8	static
/Users/AtomicOwner/Documents/UCLA/E96I/STM32CubeU5/Projects/B-U585I-IOT02A/Examples/CRYP/CRYP_SAES_ECB_CBC/Src/main.c:364:13:MX_SAES_AES_Init	8	static
/Users/AtomicOwner/Documents/UCLA/E96I/STM32CubeU5/Projects/B-U585I-IOT02A/Examples/CRYP/CRYP_SAES_ECB_CBC/Src/main.c:401:6:Error_Handler	8	static
