/Users/AtomicOwner/Documents/UCLA/E96I/STM32CubeU5/Projects/B-U585I-IOT02A/Examples/CRYP/CRYP_SAES_ECB_CBC/Src/stm32u5xx_it.c:69:6:NMI_Handler	4	static
/Users/AtomicOwner/Documents/UCLA/E96I/STM32CubeU5/Projects/B-U585I-IOT02A/Examples/CRYP/CRYP_SAES_ECB_CBC/Src/stm32u5xx_it.c:82:6:HardFault_Handler	4	static
/Users/AtomicOwner/Documents/UCLA/E96I/STM32CubeU5/Projects/B-U585I-IOT02A/Examples/CRYP/CRYP_SAES_ECB_CBC/Src/stm32u5xx_it.c:97:6:MemManage_Handler	4	static
/Users/AtomicOwner/Documents/UCLA/E96I/STM32CubeU5/Projects/B-U585I-IOT02A/Examples/CRYP/CRYP_SAES_ECB_CBC/Src/stm32u5xx_it.c:112:6:BusFault_Handler	4	static
/Users/AtomicOwner/Documents/UCLA/E96I/STM32CubeU5/Projects/B-U585I-IOT02A/Examples/CRYP/CRYP_SAES_ECB_CBC/Src/stm32u5xx_it.c:127:6:UsageFault_Handler	4	static
/Users/AtomicOwner/Documents/UCLA/E96I/STM32CubeU5/Projects/B-U585I-IOT02A/Examples/CRYP/CRYP_SAES_ECB_CBC/Src/stm32u5xx_it.c:142:6:SVC_Handler	4	static
/Users/AtomicOwner/Documents/UCLA/E96I/STM32CubeU5/Projects/B-U585I-IOT02A/Examples/CRYP/CRYP_SAES_ECB_CBC/Src/stm32u5xx_it.c:155:6:DebugMon_Handler	4	static
/Users/AtomicOwner/Documents/UCLA/E96I/STM32CubeU5/Projects/B-U585I-IOT02A/Examples/CRYP/CRYP_SAES_ECB_CBC/Src/stm32u5xx_it.c:168:6:PendSV_Handler	4	static
/Users/AtomicOwner/Documents/UCLA/E96I/STM32CubeU5/Projects/B-U585I-IOT02A/Examples/CRYP/CRYP_SAES_ECB_CBC/Src/stm32u5xx_it.c:181:6:SysTick_Handler	8	static
