/Users/AtomicOwner/Documents/UCLA/E96I/STM32CubeU5/Projects/B-U585I-IOT02A/Examples/CRYP/CRYP_SAES_SharedKey/Src/main.c:94:5:main	16	static
/Users/AtomicOwner/Documents/UCLA/E96I/STM32CubeU5/Projects/B-U585I-IOT02A/Examples/CRYP/CRYP_SAES_SharedKey/Src/main.c:212:6:SystemClock_Config	128	static
/Users/AtomicOwner/Documents/UCLA/E96I/STM32CubeU5/Projects/B-U585I-IOT02A/Examples/CRYP/CRYP_SAES_SharedKey/Src/main.c:269:13:SystemPower_Config	8	static
/Users/AtomicOwner/Documents/UCLA/E96I/STM32CubeU5/Projects/B-U585I-IOT02A/Examples/CRYP/CRYP_SAES_SharedKey/Src/main.c:293:13:MX_ICACHE_Init	8	static
/Users/AtomicOwner/Documents/UCLA/E96I/STM32CubeU5/Projects/B-U585I-IOT02A/Examples/CRYP/CRYP_SAES_SharedKey/Src/main.c:325:13:MX_RNG_Init	8	static
/Users/AtomicOwner/Documents/UCLA/E96I/STM32CubeU5/Projects/B-U585I-IOT02A/Examples/CRYP/CRYP_SAES_SharedKey/Src/main.c:352:13:MX_SAES_AES_Init	8	static
/Users/AtomicOwner/Documents/UCLA/E96I/STM32CubeU5/Projects/B-U585I-IOT02A/Examples/CRYP/CRYP_SAES_SharedKey/Src/main.c:389:6:Error_Handler	8	static,ignoring_inline_asm
