/Users/AtomicOwner/Documents/UCLA/E96I/STM32CubeU5/Drivers/STM32U5xx_HAL_Driver/Src/stm32u5xx_hal_gtzc.c:268:19:HAL_GTZC_TZSC_ConfigPeriphAttributes	24	static
/Users/AtomicOwner/Documents/UCLA/E96I/STM32CubeU5/Drivers/STM32U5xx_HAL_Driver/Src/stm32u5xx_hal_gtzc.c:381:19:HAL_GTZC_TZSC_GetConfigPeriphAttributes	32	static
/Users/AtomicOwner/Documents/UCLA/E96I/STM32CubeU5/Drivers/STM32U5xx_HAL_Driver/Src/stm32u5xx_hal_gtzc.c:572:19:HAL_GTZC_TZSC_MPCWM_ConfigMemAttributes	32	static
/Users/AtomicOwner/Documents/UCLA/E96I/STM32CubeU5/Drivers/STM32U5xx_HAL_Driver/Src/stm32u5xx_hal_gtzc.c:716:19:HAL_GTZC_TZSC_MPCWM_GetConfigMemAttributes	32	static
/Users/AtomicOwner/Documents/UCLA/E96I/STM32CubeU5/Drivers/STM32U5xx_HAL_Driver/Src/stm32u5xx_hal_gtzc.c:823:6:HAL_GTZC_TZSC_Lock	16	static
/Users/AtomicOwner/Documents/UCLA/E96I/STM32CubeU5/Drivers/STM32U5xx_HAL_Driver/Src/stm32u5xx_hal_gtzc.c:833:10:HAL_GTZC_TZSC_GetLock	16	static
/Users/AtomicOwner/Documents/UCLA/E96I/STM32CubeU5/Drivers/STM32U5xx_HAL_Driver/Src/stm32u5xx_hal_gtzc.c:864:19:HAL_GTZC_MPCBB_ConfigMem	40	static
/Users/AtomicOwner/Documents/UCLA/E96I/STM32CubeU5/Drivers/STM32U5xx_HAL_Driver/Src/stm32u5xx_hal_gtzc.c:989:19:HAL_GTZC_MPCBB_GetConfigMem	40	static
/Users/AtomicOwner/Documents/UCLA/E96I/STM32CubeU5/Drivers/STM32U5xx_HAL_Driver/Src/stm32u5xx_hal_gtzc.c:1100:19:HAL_GTZC_MPCBB_ConfigMemAttributes	56	static
/Users/AtomicOwner/Documents/UCLA/E96I/STM32CubeU5/Drivers/STM32U5xx_HAL_Driver/Src/stm32u5xx_hal_gtzc.c:1282:19:HAL_GTZC_MPCBB_GetConfigMemAttributes	56	static
/Users/AtomicOwner/Documents/UCLA/E96I/STM32CubeU5/Drivers/STM32U5xx_HAL_Driver/Src/stm32u5xx_hal_gtzc.c:1423:19:HAL_GTZC_MPCBB_LockConfig	48	static
/Users/AtomicOwner/Documents/UCLA/E96I/STM32CubeU5/Drivers/STM32U5xx_HAL_Driver/Src/stm32u5xx_hal_gtzc.c:1571:19:HAL_GTZC_MPCBB_GetLockConfig	48	static
/Users/AtomicOwner/Documents/UCLA/E96I/STM32CubeU5/Drivers/STM32U5xx_HAL_Driver/Src/stm32u5xx_hal_gtzc.c:1690:19:HAL_GTZC_MPCBB_Lock	16	static
/Users/AtomicOwner/Documents/UCLA/E96I/STM32CubeU5/Drivers/STM32U5xx_HAL_Driver/Src/stm32u5xx_hal_gtzc.c:1737:19:HAL_GTZC_MPCBB_GetLock	16	static
/Users/AtomicOwner/Documents/UCLA/E96I/STM32CubeU5/Drivers/STM32U5xx_HAL_Driver/Src/stm32u5xx_hal_gtzc.c:1804:19:HAL_GTZC_TZIC_DisableIT	24	static
/Users/AtomicOwner/Documents/UCLA/E96I/STM32CubeU5/Drivers/STM32U5xx_HAL_Driver/Src/stm32u5xx_hal_gtzc.c:1844:19:HAL_GTZC_TZIC_EnableIT	24	static
/Users/AtomicOwner/Documents/UCLA/E96I/STM32CubeU5/Drivers/STM32U5xx_HAL_Driver/Src/stm32u5xx_hal_gtzc.c:1890:19:HAL_GTZC_TZIC_GetFlag	32	static
/Users/AtomicOwner/Documents/UCLA/E96I/STM32CubeU5/Drivers/STM32U5xx_HAL_Driver/Src/stm32u5xx_hal_gtzc.c:1962:19:HAL_GTZC_TZIC_ClearFlag	24	static
/Users/AtomicOwner/Documents/UCLA/E96I/STM32CubeU5/Drivers/STM32U5xx_HAL_Driver/Src/stm32u5xx_hal_gtzc.c:2016:6:HAL_GTZC_IRQHandler	24	static
/Users/AtomicOwner/Documents/UCLA/E96I/STM32CubeU5/Drivers/STM32U5xx_HAL_Driver/Src/stm32u5xx_hal_gtzc.c:2182:13:HAL_GTZC_TZIC_Callback	16	static
