/Users/AtomicOwner/Documents/UCLA/E96I/STM32CubeU5/Drivers/BSP/B-U585I-IOT02A/b_u585i_iot02a_camera.c:186:9:BSP_CAMERA_Init	48	static
/Users/AtomicOwner/Documents/UCLA/E96I/STM32CubeU5/Drivers/BSP/B-U585I-IOT02A/b_u585i_iot02a_camera.c:284:9:BSP_CAMERA_DeInit	24	static
/Users/AtomicOwner/Documents/UCLA/E96I/STM32CubeU5/Drivers/BSP/B-U585I-IOT02A/b_u585i_iot02a_camera.c:339:26:MX_DCMI_Init	16	static
/Users/AtomicOwner/Documents/UCLA/E96I/STM32CubeU5/Drivers/BSP/B-U585I-IOT02A/b_u585i_iot02a_camera.c:438:9:BSP_CAMERA_Start	40	static
/Users/AtomicOwner/Documents/UCLA/E96I/STM32CubeU5/Drivers/BSP/B-U585I-IOT02A/b_u585i_iot02a_camera.c:465:9:BSP_CAMERA_Stop	24	static
/Users/AtomicOwner/Documents/UCLA/E96I/STM32CubeU5/Drivers/BSP/B-U585I-IOT02A/b_u585i_iot02a_camera.c:490:9:BSP_CAMERA_Suspend	24	static
/Users/AtomicOwner/Documents/UCLA/E96I/STM32CubeU5/Drivers/BSP/B-U585I-IOT02A/b_u585i_iot02a_camera.c:515:9:BSP_CAMERA_Resume	24	static
/Users/AtomicOwner/Documents/UCLA/E96I/STM32CubeU5/Drivers/BSP/B-U585I-IOT02A/b_u585i_iot02a_camera.c:544:9:BSP_CAMERA_GetCapabilities	24	static
/Users/AtomicOwner/Documents/UCLA/E96I/STM32CubeU5/Drivers/BSP/B-U585I-IOT02A/b_u585i_iot02a_camera.c:571:9:BSP_CAMERA_SetPixelFormat	24	static
/Users/AtomicOwner/Documents/UCLA/E96I/STM32CubeU5/Drivers/BSP/B-U585I-IOT02A/b_u585i_iot02a_camera.c:599:9:BSP_CAMERA_GetPixelFormat	24	static
/Users/AtomicOwner/Documents/UCLA/E96I/STM32CubeU5/Drivers/BSP/B-U585I-IOT02A/b_u585i_iot02a_camera.c:624:9:BSP_CAMERA_SetResolution	24	static
/Users/AtomicOwner/Documents/UCLA/E96I/STM32CubeU5/Drivers/BSP/B-U585I-IOT02A/b_u585i_iot02a_camera.c:656:9:BSP_CAMERA_GetResolution	24	static
/Users/AtomicOwner/Documents/UCLA/E96I/STM32CubeU5/Drivers/BSP/B-U585I-IOT02A/b_u585i_iot02a_camera.c:684:9:BSP_CAMERA_SetLightMode	24	static
/Users/AtomicOwner/Documents/UCLA/E96I/STM32CubeU5/Drivers/BSP/B-U585I-IOT02A/b_u585i_iot02a_camera.c:716:9:BSP_CAMERA_GetLightMode	24	static
/Users/AtomicOwner/Documents/UCLA/E96I/STM32CubeU5/Drivers/BSP/B-U585I-IOT02A/b_u585i_iot02a_camera.c:744:9:BSP_CAMERA_SetColorEffect	24	static
/Users/AtomicOwner/Documents/UCLA/E96I/STM32CubeU5/Drivers/BSP/B-U585I-IOT02A/b_u585i_iot02a_camera.c:776:9:BSP_CAMERA_GetColorEffect	24	static
/Users/AtomicOwner/Documents/UCLA/E96I/STM32CubeU5/Drivers/BSP/B-U585I-IOT02A/b_u585i_iot02a_camera.c:804:9:BSP_CAMERA_SetBrightness	24	static
/Users/AtomicOwner/Documents/UCLA/E96I/STM32CubeU5/Drivers/BSP/B-U585I-IOT02A/b_u585i_iot02a_camera.c:837:9:BSP_CAMERA_GetBrightness	24	static
/Users/AtomicOwner/Documents/UCLA/E96I/STM32CubeU5/Drivers/BSP/B-U585I-IOT02A/b_u585i_iot02a_camera.c:865:9:BSP_CAMERA_SetSaturation	24	static
/Users/AtomicOwner/Documents/UCLA/E96I/STM32CubeU5/Drivers/BSP/B-U585I-IOT02A/b_u585i_iot02a_camera.c:898:9:BSP_CAMERA_GetSaturation	24	static
/Users/AtomicOwner/Documents/UCLA/E96I/STM32CubeU5/Drivers/BSP/B-U585I-IOT02A/b_u585i_iot02a_camera.c:926:9:BSP_CAMERA_SetContrast	24	static
/Users/AtomicOwner/Documents/UCLA/E96I/STM32CubeU5/Drivers/BSP/B-U585I-IOT02A/b_u585i_iot02a_camera.c:958:9:BSP_CAMERA_GetContrast	24	static
/Users/AtomicOwner/Documents/UCLA/E96I/STM32CubeU5/Drivers/BSP/B-U585I-IOT02A/b_u585i_iot02a_camera.c:986:9:BSP_CAMERA_SetHueDegree	24	static
/Users/AtomicOwner/Documents/UCLA/E96I/STM32CubeU5/Drivers/BSP/B-U585I-IOT02A/b_u585i_iot02a_camera.c:1018:9:BSP_CAMERA_GetHueDegree	24	static
/Users/AtomicOwner/Documents/UCLA/E96I/STM32CubeU5/Drivers/BSP/B-U585I-IOT02A/b_u585i_iot02a_camera.c:1047:9:BSP_CAMERA_SetMirrorFlip	24	static
/Users/AtomicOwner/Documents/UCLA/E96I/STM32CubeU5/Drivers/BSP/B-U585I-IOT02A/b_u585i_iot02a_camera.c:1079:9:BSP_CAMERA_GetMirrorFlip	24	static
/Users/AtomicOwner/Documents/UCLA/E96I/STM32CubeU5/Drivers/BSP/B-U585I-IOT02A/b_u585i_iot02a_camera.c:1107:9:BSP_CAMERA_SetZoom	24	static
/Users/AtomicOwner/Documents/UCLA/E96I/STM32CubeU5/Drivers/BSP/B-U585I-IOT02A/b_u585i_iot02a_camera.c:1139:9:BSP_CAMERA_GetZoom	24	static
/Users/AtomicOwner/Documents/UCLA/E96I/STM32CubeU5/Drivers/BSP/B-U585I-IOT02A/b_u585i_iot02a_camera.c:1166:9:BSP_CAMERA_EnableNightMode	24	static
/Users/AtomicOwner/Documents/UCLA/E96I/STM32CubeU5/Drivers/BSP/B-U585I-IOT02A/b_u585i_iot02a_camera.c:1196:9:BSP_CAMERA_DisableNightMode	24	static
/Users/AtomicOwner/Documents/UCLA/E96I/STM32CubeU5/Drivers/BSP/B-U585I-IOT02A/b_u585i_iot02a_camera.c:1226:9:BSP_CAMERA_HwReset	40	static
/Users/AtomicOwner/Documents/UCLA/E96I/STM32CubeU5/Drivers/BSP/B-U585I-IOT02A/b_u585i_iot02a_camera.c:1266:9:BSP_CAMERA_PwrDown	40	static
/Users/AtomicOwner/Documents/UCLA/E96I/STM32CubeU5/Drivers/BSP/B-U585I-IOT02A/b_u585i_iot02a_camera.c:1299:6:BSP_CAMERA_IRQ_HANDLER	16	static
/Users/AtomicOwner/Documents/UCLA/E96I/STM32CubeU5/Drivers/BSP/B-U585I-IOT02A/b_u585i_iot02a_camera.c:1312:6:BSP_CAMERA_DMA_IRQ_HANDLER	16	static
/Users/AtomicOwner/Documents/UCLA/E96I/STM32CubeU5/Drivers/BSP/B-U585I-IOT02A/b_u585i_iot02a_camera.c:1325:13:BSP_CAMERA_LineEventCallback	16	static
/Users/AtomicOwner/Documents/UCLA/E96I/STM32CubeU5/Drivers/BSP/B-U585I-IOT02A/b_u585i_iot02a_camera.c:1340:13:BSP_CAMERA_FrameEventCallback	16	static
/Users/AtomicOwner/Documents/UCLA/E96I/STM32CubeU5/Drivers/BSP/B-U585I-IOT02A/b_u585i_iot02a_camera.c:1355:13:BSP_CAMERA_VsyncEventCallback	16	static
/Users/AtomicOwner/Documents/UCLA/E96I/STM32CubeU5/Drivers/BSP/B-U585I-IOT02A/b_u585i_iot02a_camera.c:1370:13:BSP_CAMERA_ErrorCallback	16	static
/Users/AtomicOwner/Documents/UCLA/E96I/STM32CubeU5/Drivers/BSP/B-U585I-IOT02A/b_u585i_iot02a_camera.c:1386:6:HAL_DCMI_LineEventCallback	16	static
/Users/AtomicOwner/Documents/UCLA/E96I/STM32CubeU5/Drivers/BSP/B-U585I-IOT02A/b_u585i_iot02a_camera.c:1399:6:HAL_DCMI_FrameEventCallback	16	static
/Users/AtomicOwner/Documents/UCLA/E96I/STM32CubeU5/Drivers/BSP/B-U585I-IOT02A/b_u585i_iot02a_camera.c:1412:6:HAL_DCMI_VsyncEventCallback	16	static
/Users/AtomicOwner/Documents/UCLA/E96I/STM32CubeU5/Drivers/BSP/B-U585I-IOT02A/b_u585i_iot02a_camera.c:1425:6:HAL_DCMI_ErrorCallback	16	static
/Users/AtomicOwner/Documents/UCLA/E96I/STM32CubeU5/Drivers/BSP/B-U585I-IOT02A/b_u585i_iot02a_camera.c:1448:16:GetSize	24	static
/Users/AtomicOwner/Documents/UCLA/E96I/STM32CubeU5/Drivers/BSP/B-U585I-IOT02A/b_u585i_iot02a_camera.c:1490:13:DCMI_MspInit	176	static
/Users/AtomicOwner/Documents/UCLA/E96I/STM32CubeU5/Drivers/BSP/B-U585I-IOT02A/b_u585i_iot02a_camera.c:1621:13:DCMI_MspDeInit	40	static
/Users/AtomicOwner/Documents/UCLA/E96I/STM32CubeU5/Drivers/BSP/B-U585I-IOT02A/b_u585i_iot02a_camera.c:1718:16:OV5640_Probe	48	static
