/Users/AtomicOwner/Documents/UCLA/E96I/STM32CubeU5/Drivers/BSP/B-U585I-IOT02A/b_u585i_iot02a_audio.c:178:9:BSP_AUDIO_IN_Init	64	static
/Users/AtomicOwner/Documents/UCLA/E96I/STM32CubeU5/Drivers/BSP/B-U585I-IOT02A/b_u585i_iot02a_audio.c:338:9:BSP_AUDIO_IN_DeInit	24	static
/Users/AtomicOwner/Documents/UCLA/E96I/STM32CubeU5/Drivers/BSP/B-U585I-IOT02A/b_u585i_iot02a_audio.c:399:9:BSP_AUDIO_IN_Record	32	static
/Users/AtomicOwner/Documents/UCLA/E96I/STM32CubeU5/Drivers/BSP/B-U585I-IOT02A/b_u585i_iot02a_audio.c:530:9:BSP_AUDIO_IN_Pause	24	static
/Users/AtomicOwner/Documents/UCLA/E96I/STM32CubeU5/Drivers/BSP/B-U585I-IOT02A/b_u585i_iot02a_audio.c:578:9:BSP_AUDIO_IN_Resume	24	static
/Users/AtomicOwner/Documents/UCLA/E96I/STM32CubeU5/Drivers/BSP/B-U585I-IOT02A/b_u585i_iot02a_audio.c:629:9:BSP_AUDIO_IN_Stop	24	static
/Users/AtomicOwner/Documents/UCLA/E96I/STM32CubeU5/Drivers/BSP/B-U585I-IOT02A/b_u585i_iot02a_audio.c:683:9:BSP_AUDIO_IN_SetVolume	24	static
/Users/AtomicOwner/Documents/UCLA/E96I/STM32CubeU5/Drivers/BSP/B-U585I-IOT02A/b_u585i_iot02a_audio.c:705:9:BSP_AUDIO_IN_GetVolume	24	static
/Users/AtomicOwner/Documents/UCLA/E96I/STM32CubeU5/Drivers/BSP/B-U585I-IOT02A/b_u585i_iot02a_audio.c:728:9:BSP_AUDIO_IN_SetSampleRate	24	static
/Users/AtomicOwner/Documents/UCLA/E96I/STM32CubeU5/Drivers/BSP/B-U585I-IOT02A/b_u585i_iot02a_audio.c:767:9:BSP_AUDIO_IN_GetSampleRate	24	static
/Users/AtomicOwner/Documents/UCLA/E96I/STM32CubeU5/Drivers/BSP/B-U585I-IOT02A/b_u585i_iot02a_audio.c:795:9:BSP_AUDIO_IN_SetDevice	24	static
/Users/AtomicOwner/Documents/UCLA/E96I/STM32CubeU5/Drivers/BSP/B-U585I-IOT02A/b_u585i_iot02a_audio.c:824:9:BSP_AUDIO_IN_GetDevice	24	static
/Users/AtomicOwner/Documents/UCLA/E96I/STM32CubeU5/Drivers/BSP/B-U585I-IOT02A/b_u585i_iot02a_audio.c:852:9:BSP_AUDIO_IN_SetBitsPerSample	24	static
/Users/AtomicOwner/Documents/UCLA/E96I/STM32CubeU5/Drivers/BSP/B-U585I-IOT02A/b_u585i_iot02a_audio.c:883:9:BSP_AUDIO_IN_GetBitsPerSample	24	static
/Users/AtomicOwner/Documents/UCLA/E96I/STM32CubeU5/Drivers/BSP/B-U585I-IOT02A/b_u585i_iot02a_audio.c:911:9:BSP_AUDIO_IN_SetChannelsNbr	24	static
/Users/AtomicOwner/Documents/UCLA/E96I/STM32CubeU5/Drivers/BSP/B-U585I-IOT02A/b_u585i_iot02a_audio.c:940:9:BSP_AUDIO_IN_GetChannelsNbr	24	static
/Users/AtomicOwner/Documents/UCLA/E96I/STM32CubeU5/Drivers/BSP/B-U585I-IOT02A/b_u585i_iot02a_audio.c:968:9:BSP_AUDIO_IN_GetState	24	static
/Users/AtomicOwner/Documents/UCLA/E96I/STM32CubeU5/Drivers/BSP/B-U585I-IOT02A/b_u585i_iot02a_audio.c:1085:13:BSP_AUDIO_IN_TransferComplete_CallBack	16	static
/Users/AtomicOwner/Documents/UCLA/E96I/STM32CubeU5/Drivers/BSP/B-U585I-IOT02A/b_u585i_iot02a_audio.c:1096:13:BSP_AUDIO_IN_HalfTransfer_CallBack	16	static
/Users/AtomicOwner/Documents/UCLA/E96I/STM32CubeU5/Drivers/BSP/B-U585I-IOT02A/b_u585i_iot02a_audio.c:1107:13:BSP_AUDIO_IN_Error_CallBack	16	static
/Users/AtomicOwner/Documents/UCLA/E96I/STM32CubeU5/Drivers/BSP/B-U585I-IOT02A/b_u585i_iot02a_audio.c:1119:6:BSP_AUDIO_IN_IRQHandler	16	static
/Users/AtomicOwner/Documents/UCLA/E96I/STM32CubeU5/Drivers/BSP/B-U585I-IOT02A/b_u585i_iot02a_audio.c:1146:13:MDF_BlockMspInit	192	static
/Users/AtomicOwner/Documents/UCLA/E96I/STM32CubeU5/Drivers/BSP/B-U585I-IOT02A/b_u585i_iot02a_audio.c:1378:13:MDF_BlockMspDeInit	16	static
/Users/AtomicOwner/Documents/UCLA/E96I/STM32CubeU5/Drivers/BSP/B-U585I-IOT02A/b_u585i_iot02a_audio.c:1488:6:HAL_MDF_AcqCpltCallback	16	static
/Users/AtomicOwner/Documents/UCLA/E96I/STM32CubeU5/Drivers/BSP/B-U585I-IOT02A/b_u585i_iot02a_audio.c:1506:6:HAL_MDF_AcqHalfCpltCallback	16	static
/Users/AtomicOwner/Documents/UCLA/E96I/STM32CubeU5/Drivers/BSP/B-U585I-IOT02A/b_u585i_iot02a_audio.c:1525:6:HAL_MDF_ErrorCallback	16	static
/Users/AtomicOwner/Documents/UCLA/E96I/STM32CubeU5/Drivers/BSP/B-U585I-IOT02A/b_u585i_iot02a_audio.c:1539:26:MX_MDF1_ClockConfig	224	static
/Users/AtomicOwner/Documents/UCLA/E96I/STM32CubeU5/Drivers/BSP/B-U585I-IOT02A/b_u585i_iot02a_audio.c:1588:26:MX_MDF1_Init	24	static
