/Users/AtomicOwner/Documents/UCLA/E96I/STM32CubeU5/Drivers/BSP/B-U585I-IOT02A/b_u585i_iot02a_ospi.c:188:9:BSP_OSPI_NOR_Init	96	static,ignoring_inline_asm
/Users/AtomicOwner/Documents/UCLA/E96I/STM32CubeU5/Drivers/BSP/B-U585I-IOT02A/b_u585i_iot02a_ospi.c:273:9:BSP_OSPI_NOR_DeInit	24	static
/Users/AtomicOwner/Documents/UCLA/E96I/STM32CubeU5/Drivers/BSP/B-U585I-IOT02A/b_u585i_iot02a_ospi.c:323:26:MX_OSPI_NOR_Init	16	static
/Users/AtomicOwner/Documents/UCLA/E96I/STM32CubeU5/Drivers/BSP/B-U585I-IOT02A/b_u585i_iot02a_ospi.c:435:9:BSP_OSPI_NOR_Read	40	static
/Users/AtomicOwner/Documents/UCLA/E96I/STM32CubeU5/Drivers/BSP/B-U585I-IOT02A/b_u585i_iot02a_ospi.c:483:9:BSP_OSPI_NOR_Write	64	static
/Users/AtomicOwner/Documents/UCLA/E96I/STM32CubeU5/Drivers/BSP/B-U585I-IOT02A/b_u585i_iot02a_ospi.c:581:9:BSP_OSPI_NOR_Erase_Block	48	static
/Users/AtomicOwner/Documents/UCLA/E96I/STM32CubeU5/Drivers/BSP/B-U585I-IOT02A/b_u585i_iot02a_ospi.c:624:9:BSP_OSPI_NOR_Erase_Chip	40	static
/Users/AtomicOwner/Documents/UCLA/E96I/STM32CubeU5/Drivers/BSP/B-U585I-IOT02A/b_u585i_iot02a_ospi.c:667:9:BSP_OSPI_NOR_GetStatus	32	static
/Users/AtomicOwner/Documents/UCLA/E96I/STM32CubeU5/Drivers/BSP/B-U585I-IOT02A/b_u585i_iot02a_ospi.c:717:9:BSP_OSPI_NOR_GetInfo	24	static
/Users/AtomicOwner/Documents/UCLA/E96I/STM32CubeU5/Drivers/BSP/B-U585I-IOT02A/b_u585i_iot02a_ospi.c:740:9:BSP_OSPI_NOR_EnableMemoryMappedMode	24	static
/Users/AtomicOwner/Documents/UCLA/E96I/STM32CubeU5/Drivers/BSP/B-U585I-IOT02A/b_u585i_iot02a_ospi.c:787:9:BSP_OSPI_NOR_DisableMemoryMappedMode	24	static
/Users/AtomicOwner/Documents/UCLA/E96I/STM32CubeU5/Drivers/BSP/B-U585I-IOT02A/b_u585i_iot02a_ospi.c:823:9:BSP_OSPI_NOR_ReadID	32	static
/Users/AtomicOwner/Documents/UCLA/E96I/STM32CubeU5/Drivers/BSP/B-U585I-IOT02A/b_u585i_iot02a_ospi.c:855:9:BSP_OSPI_NOR_ConfigFlash	24	static
/Users/AtomicOwner/Documents/UCLA/E96I/STM32CubeU5/Drivers/BSP/B-U585I-IOT02A/b_u585i_iot02a_ospi.c:937:9:BSP_OSPI_NOR_SuspendErase	32	static
/Users/AtomicOwner/Documents/UCLA/E96I/STM32CubeU5/Drivers/BSP/B-U585I-IOT02A/b_u585i_iot02a_ospi.c:974:9:BSP_OSPI_NOR_ResumeErase	32	static
/Users/AtomicOwner/Documents/UCLA/E96I/STM32CubeU5/Drivers/BSP/B-U585I-IOT02A/b_u585i_iot02a_ospi.c:1016:9:BSP_OSPI_NOR_EnterDeepPowerDown	32	static
/Users/AtomicOwner/Documents/UCLA/E96I/STM32CubeU5/Drivers/BSP/B-U585I-IOT02A/b_u585i_iot02a_ospi.c:1046:9:BSP_OSPI_NOR_LeaveDeepPowerDown	32	static
/Users/AtomicOwner/Documents/UCLA/E96I/STM32CubeU5/Drivers/BSP/B-U585I-IOT02A/b_u585i_iot02a_ospi.c:1084:9:BSP_OSPI_RAM_Init	48	static
/Users/AtomicOwner/Documents/UCLA/E96I/STM32CubeU5/Drivers/BSP/B-U585I-IOT02A/b_u585i_iot02a_ospi.c:1157:9:BSP_OSPI_RAM_DeInit	24	static
/Users/AtomicOwner/Documents/UCLA/E96I/STM32CubeU5/Drivers/BSP/B-U585I-IOT02A/b_u585i_iot02a_ospi.c:1206:26:MX_OSPI_RAM_Init	16	static
/Users/AtomicOwner/Documents/UCLA/E96I/STM32CubeU5/Drivers/BSP/B-U585I-IOT02A/b_u585i_iot02a_ospi.c:1310:9:BSP_OSPI_RAM_Read	40	static
/Users/AtomicOwner/Documents/UCLA/E96I/STM32CubeU5/Drivers/BSP/B-U585I-IOT02A/b_u585i_iot02a_ospi.c:1339:9:BSP_OSPI_RAM_Write	40	static
/Users/AtomicOwner/Documents/UCLA/E96I/STM32CubeU5/Drivers/BSP/B-U585I-IOT02A/b_u585i_iot02a_ospi.c:1365:9:BSP_OSPI_RAM_EnableMemoryMappedMode	24	static
/Users/AtomicOwner/Documents/UCLA/E96I/STM32CubeU5/Drivers/BSP/B-U585I-IOT02A/b_u585i_iot02a_ospi.c:1397:9:BSP_OSPI_RAM_DisableMemoryMappedMode	24	static
/Users/AtomicOwner/Documents/UCLA/E96I/STM32CubeU5/Drivers/BSP/B-U585I-IOT02A/b_u585i_iot02a_ospi.c:1435:9:BSP_OSPI_RAM_ReadID	24	static
/Users/AtomicOwner/Documents/UCLA/E96I/STM32CubeU5/Drivers/BSP/B-U585I-IOT02A/b_u585i_iot02a_ospi.c:1470:13:OSPI_NOR_MspInit	88	static
/Users/AtomicOwner/Documents/UCLA/E96I/STM32CubeU5/Drivers/BSP/B-U585I-IOT02A/b_u585i_iot02a_ospi.c:1562:13:OSPI_NOR_MspDeInit	16	static
/Users/AtomicOwner/Documents/UCLA/E96I/STM32CubeU5/Drivers/BSP/B-U585I-IOT02A/b_u585i_iot02a_ospi.c:1593:16:OSPI_NOR_ResetMemory	24	static
/Users/AtomicOwner/Documents/UCLA/E96I/STM32CubeU5/Drivers/BSP/B-U585I-IOT02A/b_u585i_iot02a_ospi.c:1646:16:OSPI_NOR_EnterDOPIMode	40	static
/Users/AtomicOwner/Documents/UCLA/E96I/STM32CubeU5/Drivers/BSP/B-U585I-IOT02A/b_u585i_iot02a_ospi.c:1720:16:OSPI_NOR_EnterSOPIMode	40	static
/Users/AtomicOwner/Documents/UCLA/E96I/STM32CubeU5/Drivers/BSP/B-U585I-IOT02A/b_u585i_iot02a_ospi.c:1787:16:OSPI_NOR_ExitOPIMode	40	static
/Users/AtomicOwner/Documents/UCLA/E96I/STM32CubeU5/Drivers/BSP/B-U585I-IOT02A/b_u585i_iot02a_ospi.c:1860:16:OSPI_DLYB_Enable	40	static
/Users/AtomicOwner/Documents/UCLA/E96I/STM32CubeU5/Drivers/BSP/B-U585I-IOT02A/b_u585i_iot02a_ospi.c:1911:13:OSPI_RAM_MspInit	88	static
/Users/AtomicOwner/Documents/UCLA/E96I/STM32CubeU5/Drivers/BSP/B-U585I-IOT02A/b_u585i_iot02a_ospi.c:2005:13:OSPI_RAM_MspDeInit	16	static
