/Users/AtomicOwner/Documents/UCLA/E96I/STM32CubeU5/Drivers/BSP/B-U585I-IOT02A/b_u585i_iot02a_eeprom.c:89:9:BSP_EEPROM_Init	24	static
/Users/AtomicOwner/Documents/UCLA/E96I/STM32CubeU5/Drivers/BSP/B-U585I-IOT02A/b_u585i_iot02a_eeprom.c:114:9:BSP_EEPROM_DeInit	24	static
/Users/AtomicOwner/Documents/UCLA/E96I/STM32CubeU5/Drivers/BSP/B-U585I-IOT02A/b_u585i_iot02a_eeprom.c:142:9:BSP_EEPROM_WritePage	40	static
/Users/AtomicOwner/Documents/UCLA/E96I/STM32CubeU5/Drivers/BSP/B-U585I-IOT02A/b_u585i_iot02a_eeprom.c:175:9:BSP_EEPROM_ReadPage	40	static
/Users/AtomicOwner/Documents/UCLA/E96I/STM32CubeU5/Drivers/BSP/B-U585I-IOT02A/b_u585i_iot02a_eeprom.c:205:9:BSP_EEPROM_ReadBuffer	40	static
/Users/AtomicOwner/Documents/UCLA/E96I/STM32CubeU5/Drivers/BSP/B-U585I-IOT02A/b_u585i_iot02a_eeprom.c:234:9:BSP_EEPROM_WriteBuffer	56	static
/Users/AtomicOwner/Documents/UCLA/E96I/STM32CubeU5/Drivers/BSP/B-U585I-IOT02A/b_u585i_iot02a_eeprom.c:389:9:BSP_EEPROM_IsDeviceReady	24	static
/Users/AtomicOwner/Documents/UCLA/E96I/STM32CubeU5/Drivers/BSP/B-U585I-IOT02A/b_u585i_iot02a_eeprom.c:424:16:EEPROM_WriteBytes	40	static
/Users/AtomicOwner/Documents/UCLA/E96I/STM32CubeU5/Drivers/BSP/B-U585I-IOT02A/b_u585i_iot02a_eeprom.c:448:16:M24256_Probe	40	static
