/Users/AtomicOwner/Documents/UCLA/E96I/STM32CubeU5/Drivers/BSP/B-U585I-IOT02A/b_u585i_iot02a_env_sensors.c:86:9:BSP_ENV_SENSOR_Init	24	static
/Users/AtomicOwner/Documents/UCLA/E96I/STM32CubeU5/Drivers/BSP/B-U585I-IOT02A/b_u585i_iot02a_env_sensors.c:131:9:BSP_ENV_SENSOR_DeInit	24	static
/Users/AtomicOwner/Documents/UCLA/E96I/STM32CubeU5/Drivers/BSP/B-U585I-IOT02A/b_u585i_iot02a_env_sensors.c:165:9:BSP_ENV_SENSOR_GetCapabilities	24	static
/Users/AtomicOwner/Documents/UCLA/E96I/STM32CubeU5/Drivers/BSP/B-U585I-IOT02A/b_u585i_iot02a_env_sensors.c:195:9:BSP_ENV_SENSOR_ReadID	24	static
/Users/AtomicOwner/Documents/UCLA/E96I/STM32CubeU5/Drivers/BSP/B-U585I-IOT02A/b_u585i_iot02a_env_sensors.c:227:9:BSP_ENV_SENSOR_Enable	24	static
/Users/AtomicOwner/Documents/UCLA/E96I/STM32CubeU5/Drivers/BSP/B-U585I-IOT02A/b_u585i_iot02a_env_sensors.c:266:9:BSP_ENV_SENSOR_Disable	24	static
/Users/AtomicOwner/Documents/UCLA/E96I/STM32CubeU5/Drivers/BSP/B-U585I-IOT02A/b_u585i_iot02a_env_sensors.c:306:9:BSP_ENV_SENSOR_GetOutputDataRate	32	static
/Users/AtomicOwner/Documents/UCLA/E96I/STM32CubeU5/Drivers/BSP/B-U585I-IOT02A/b_u585i_iot02a_env_sensors.c:346:9:BSP_ENV_SENSOR_SetOutputDataRate	32	static
/Users/AtomicOwner/Documents/UCLA/E96I/STM32CubeU5/Drivers/BSP/B-U585I-IOT02A/b_u585i_iot02a_env_sensors.c:386:9:BSP_ENV_SENSOR_GetValue	32	static
/Users/AtomicOwner/Documents/UCLA/E96I/STM32CubeU5/Drivers/BSP/B-U585I-IOT02A/b_u585i_iot02a_env_sensors.c:429:16:HTS221_Probe	56	static
/Users/AtomicOwner/Documents/UCLA/E96I/STM32CubeU5/Drivers/BSP/B-U585I-IOT02A/b_u585i_iot02a_env_sensors.c:491:16:LPS22HH_Probe	56	static
