/Users/AtomicOwner/Documents/UCLA/E96I/STM32CubeU5/Projects/B-U585I-IOT02A/Examples/DLYB/DLYB_OSPI_PSRAM_ExhaustiveTuning/Src/main.c:81:5:main	96	static
/Users/AtomicOwner/Documents/UCLA/E96I/STM32CubeU5/Projects/B-U585I-IOT02A/Examples/DLYB/DLYB_OSPI_PSRAM_ExhaustiveTuning/Src/main.c:262:6:SystemClock_Config	128	static
/Users/AtomicOwner/Documents/UCLA/E96I/STM32CubeU5/Projects/B-U585I-IOT02A/Examples/DLYB/DLYB_OSPI_PSRAM_ExhaustiveTuning/Src/main.c:316:13:SystemPower_Config	8	static
/Users/AtomicOwner/Documents/UCLA/E96I/STM32CubeU5/Projects/B-U585I-IOT02A/Examples/DLYB/DLYB_OSPI_PSRAM_ExhaustiveTuning/Src/main.c:340:13:MX_ICACHE_Init	8	static
/Users/AtomicOwner/Documents/UCLA/E96I/STM32CubeU5/Projects/B-U585I-IOT02A/Examples/DLYB/DLYB_OSPI_PSRAM_ExhaustiveTuning/Src/main.c:372:13:MX_OCTOSPI1_Init	40	static
/Users/AtomicOwner/Documents/UCLA/E96I/STM32CubeU5/Projects/B-U585I-IOT02A/Examples/DLYB/DLYB_OSPI_PSRAM_ExhaustiveTuning/Src/main.c:432:13:MX_GPIO_Init	40	static
/Users/AtomicOwner/Documents/UCLA/E96I/STM32CubeU5/Projects/B-U585I-IOT02A/Examples/DLYB/DLYB_OSPI_PSRAM_ExhaustiveTuning/Src/main.c:458:6:Error_Handler	8	static,ignoring_inline_asm
