/Users/AtomicOwner/Documents/UCLA/E96I/STM32CubeU5/Middlewares/ST/netxduo/crypto_libraries/src/nx_crypto_ccm.c:68:28:_nx_crypto_ccm_xor	24	static
/Users/AtomicOwner/Documents/UCLA/E96I/STM32CubeU5/Middlewares/ST/netxduo/crypto_libraries/src/nx_crypto_ccm.c:147:28:_nx_crypto_ccm_cbc_pad	56	static
/Users/AtomicOwner/Documents/UCLA/E96I/STM32CubeU5/Middlewares/ST/netxduo/crypto_libraries/src/nx_crypto_ccm.c:184:28:_nx_crypto_ccm_authentication_init	72	static
/Users/AtomicOwner/Documents/UCLA/E96I/STM32CubeU5/Middlewares/ST/netxduo/crypto_libraries/src/nx_crypto_ccm.c:300:21:_nx_crypto_ccm_encrypt_init	64	static
/Users/AtomicOwner/Documents/UCLA/E96I/STM32CubeU5/Middlewares/ST/netxduo/crypto_libraries/src/nx_crypto_ccm.c:386:21:_nx_crypto_ccm_encrypt_update	80	static
/Users/AtomicOwner/Documents/UCLA/E96I/STM32CubeU5/Middlewares/ST/netxduo/crypto_libraries/src/nx_crypto_ccm.c:497:21:_nx_crypto_ccm_encrypt_calculate	40	static
/Users/AtomicOwner/Documents/UCLA/E96I/STM32CubeU5/Middlewares/ST/netxduo/crypto_libraries/src/nx_crypto_ccm.c:579:21:_nx_crypto_ccm_decrypt_calculate	56	static
