/Users/AtomicOwner/Documents/UCLA/E96I/STM32CubeU5/Middlewares/ST/netxduo/crypto_libraries/src/nx_crypto_des.c:200:22:_nx_crypto_des_key_set	40	static
/Users/AtomicOwner/Documents/UCLA/E96I/STM32CubeU5/Middlewares/ST/netxduo/crypto_libraries/src/nx_crypto_des.c:364:22:_nx_crypto_des_encrypt	24	static
/Users/AtomicOwner/Documents/UCLA/E96I/STM32CubeU5/Middlewares/ST/netxduo/crypto_libraries/src/nx_crypto_des.c:426:22:_nx_crypto_des_decrypt	24	static
/Users/AtomicOwner/Documents/UCLA/E96I/STM32CubeU5/Middlewares/ST/netxduo/crypto_libraries/src/nx_crypto_des.c:483:22:_nx_crypto_des_process_block	48	static
/Users/AtomicOwner/Documents/UCLA/E96I/STM32CubeU5/Middlewares/ST/netxduo/crypto_libraries/src/nx_crypto_des.c:621:22:_nx_crypto_method_des_init	32	static
/Users/AtomicOwner/Documents/UCLA/E96I/STM32CubeU5/Middlewares/ST/netxduo/crypto_libraries/src/nx_crypto_des.c:696:22:_nx_crypto_method_des_cleanup	16	static
/Users/AtomicOwner/Documents/UCLA/E96I/STM32CubeU5/Middlewares/ST/netxduo/crypto_libraries/src/nx_crypto_des.c:773:22:_nx_crypto_method_des_operation	48	static
