/Users/AtomicOwner/Documents/UCLA/E96I/STM32CubeU5/Middlewares/ST/netxduo/crypto_libraries/src/nx_crypto_hmac.c:75:21:_nx_crypto_hmac	24	static
/Users/AtomicOwner/Documents/UCLA/E96I/STM32CubeU5/Middlewares/ST/netxduo/crypto_libraries/src/nx_crypto_hmac.c:141:21:_nx_crypto_hmac_initialize	160	static
/Users/AtomicOwner/Documents/UCLA/E96I/STM32CubeU5/Middlewares/ST/netxduo/crypto_libraries/src/nx_crypto_hmac.c:243:21:_nx_crypto_hmac_update	24	static
/Users/AtomicOwner/Documents/UCLA/E96I/STM32CubeU5/Middlewares/ST/netxduo/crypto_libraries/src/nx_crypto_hmac.c:299:21:_nx_crypto_hmac_digest_calculate	88	static
/Users/AtomicOwner/Documents/UCLA/E96I/STM32CubeU5/Middlewares/ST/netxduo/crypto_libraries/src/nx_crypto_hmac.c:379:21:_nx_crypto_hmac_metadata_set	24	static
/Users/AtomicOwner/Documents/UCLA/E96I/STM32CubeU5/Middlewares/ST/netxduo/crypto_libraries/src/nx_crypto_hmac.c:437:6:_nx_crypto_hmac_hash_initialize	80	static
/Users/AtomicOwner/Documents/UCLA/E96I/STM32CubeU5/Middlewares/ST/netxduo/crypto_libraries/src/nx_crypto_hmac.c:515:8:_nx_crypto_hmac_hash_update	88	static
/Users/AtomicOwner/Documents/UCLA/E96I/STM32CubeU5/Middlewares/ST/netxduo/crypto_libraries/src/nx_crypto_hmac.c:591:8:_nx_crypto_hmac_hash_digest_calculate	88	static
/Users/AtomicOwner/Documents/UCLA/E96I/STM32CubeU5/Middlewares/ST/netxduo/crypto_libraries/src/nx_crypto_hmac.c:673:22:_nx_crypto_method_hmac_init	24	static
/Users/AtomicOwner/Documents/UCLA/E96I/STM32CubeU5/Middlewares/ST/netxduo/crypto_libraries/src/nx_crypto_hmac.c:752:22:_nx_crypto_method_hmac_cleanup	16	static
/Users/AtomicOwner/Documents/UCLA/E96I/STM32CubeU5/Middlewares/ST/netxduo/crypto_libraries/src/nx_crypto_hmac.c:826:21:_nx_crypto_method_hmac_operation	56	static
