/Users/AtomicOwner/Documents/UCLA/E96I/STM32CubeU5/Middlewares/ST/netxduo/crypto_libraries/src/nx_crypto_huge_number.c:87:21:_nx_crypto_huge_number_is_zero	24	static
/Users/AtomicOwner/Documents/UCLA/E96I/STM32CubeU5/Middlewares/ST/netxduo/crypto_libraries/src/nx_crypto_huge_number.c:172:21:_nx_crypto_huge_number_add	24	static
/Users/AtomicOwner/Documents/UCLA/E96I/STM32CubeU5/Middlewares/ST/netxduo/crypto_libraries/src/nx_crypto_huge_number.c:270:21:_nx_crypto_huge_number_subtract	24	static
/Users/AtomicOwner/Documents/UCLA/E96I/STM32CubeU5/Middlewares/ST/netxduo/crypto_libraries/src/nx_crypto_huge_number.c:350:21:_nx_crypto_huge_number_add_unsigned	104	static
/Users/AtomicOwner/Documents/UCLA/E96I/STM32CubeU5/Middlewares/ST/netxduo/crypto_libraries/src/nx_crypto_huge_number.c:455:21:_nx_crypto_huge_number_subtract_unsigned	128	static
/Users/AtomicOwner/Documents/UCLA/E96I/STM32CubeU5/Middlewares/ST/netxduo/crypto_libraries/src/nx_crypto_huge_number.c:533:21:_nx_crypto_huge_number_add_digit_unsigned	64	static
/Users/AtomicOwner/Documents/UCLA/E96I/STM32CubeU5/Middlewares/ST/netxduo/crypto_libraries/src/nx_crypto_huge_number.c:608:21:_nx_crypto_huge_number_subtract_digit_unsigned	80	static
/Users/AtomicOwner/Documents/UCLA/E96I/STM32CubeU5/Middlewares/ST/netxduo/crypto_libraries/src/nx_crypto_huge_number.c:671:21:_nx_crypto_huge_number_shift_left	24	static
/Users/AtomicOwner/Documents/UCLA/E96I/STM32CubeU5/Middlewares/ST/netxduo/crypto_libraries/src/nx_crypto_huge_number.c:741:21:_nx_crypto_huge_number_shift_right	24	static
/Users/AtomicOwner/Documents/UCLA/E96I/STM32CubeU5/Middlewares/ST/netxduo/crypto_libraries/src/nx_crypto_huge_number.c:810:21:_nx_crypto_huge_number_adjust_size	24	static
/Users/AtomicOwner/Documents/UCLA/E96I/STM32CubeU5/Middlewares/ST/netxduo/crypto_libraries/src/nx_crypto_huge_number.c:896:21:_nx_crypto_huge_number_compare	16	static
/Users/AtomicOwner/Documents/UCLA/E96I/STM32CubeU5/Middlewares/ST/netxduo/crypto_libraries/src/nx_crypto_huge_number.c:987:21:_nx_crypto_huge_number_compare_unsigned	32	static
/Users/AtomicOwner/Documents/UCLA/E96I/STM32CubeU5/Middlewares/ST/netxduo/crypto_libraries/src/nx_crypto_huge_number.c:1086:21:_nx_crypto_huge_number_multiply	120	static
/Users/AtomicOwner/Documents/UCLA/E96I/STM32CubeU5/Middlewares/ST/netxduo/crypto_libraries/src/nx_crypto_huge_number.c:1197:21:_nx_crypto_huge_number_multiply_digit	88	static
/Users/AtomicOwner/Documents/UCLA/E96I/STM32CubeU5/Middlewares/ST/netxduo/crypto_libraries/src/nx_crypto_huge_number.c:1289:21:_nx_crypto_huge_number_square	168	static
/Users/AtomicOwner/Documents/UCLA/E96I/STM32CubeU5/Middlewares/ST/netxduo/crypto_libraries/src/nx_crypto_huge_number.c:1420:21:_nx_crypto_huge_number_modulus	288	static
/Users/AtomicOwner/Documents/UCLA/E96I/STM32CubeU5/Middlewares/ST/netxduo/crypto_libraries/src/nx_crypto_huge_number.c:1661:21:_nx_crypto_huge_number_setup	40	static
/Users/AtomicOwner/Documents/UCLA/E96I/STM32CubeU5/Middlewares/ST/netxduo/crypto_libraries/src/nx_crypto_huge_number.c:1789:21:_nx_crypto_huge_number_rbg	32	static
/Users/AtomicOwner/Documents/UCLA/E96I/STM32CubeU5/Middlewares/ST/netxduo/crypto_libraries/src/nx_crypto_huge_number.c:1917:21:_nx_crypto_huge_number_extract	40	static
/Users/AtomicOwner/Documents/UCLA/E96I/STM32CubeU5/Middlewares/ST/netxduo/crypto_libraries/src/nx_crypto_huge_number.c:1995:21:_nx_crypto_huge_number_extract_fixed_size	48	static
/Users/AtomicOwner/Documents/UCLA/E96I/STM32CubeU5/Middlewares/ST/netxduo/crypto_libraries/src/nx_crypto_huge_number.c:2160:21:_nx_crypto_huge_number_inverse_modulus_prime	96	static
/Users/AtomicOwner/Documents/UCLA/E96I/STM32CubeU5/Middlewares/ST/netxduo/crypto_libraries/src/nx_crypto_huge_number.c:2297:21:_nx_crypto_huge_number_inverse_modulus	128	static
/Users/AtomicOwner/Documents/UCLA/E96I/STM32CubeU5/Middlewares/ST/netxduo/crypto_libraries/src/nx_crypto_huge_number.c:2456:21:_nx_crypto_huge_number_mont	360	static
/Users/AtomicOwner/Documents/UCLA/E96I/STM32CubeU5/Middlewares/ST/netxduo/crypto_libraries/src/nx_crypto_huge_number.c:2612:21:_nx_crypto_huge_number_mont_power_modulus	184	static
/Users/AtomicOwner/Documents/UCLA/E96I/STM32CubeU5/Middlewares/ST/netxduo/crypto_libraries/src/nx_crypto_huge_number.c:2796:21:_nx_crypto_huge_number_crt_power_modulus	160	static
