/Users/AtomicOwner/Documents/UCLA/E96I/STM32CubeU5/Middlewares/ST/netxduo/crypto_libraries/src/nx_crypto_ecjpake.c:72:21:_nx_crypto_ecjpake_init	32	static
/Users/AtomicOwner/Documents/UCLA/E96I/STM32CubeU5/Middlewares/ST/netxduo/crypto_libraries/src/nx_crypto_ecjpake.c:165:21:_nx_crypto_ecjpake_hello_generate	176	static
/Users/AtomicOwner/Documents/UCLA/E96I/STM32CubeU5/Middlewares/ST/netxduo/crypto_libraries/src/nx_crypto_ecjpake.c:335:21:_nx_crypto_ecjpake_hello_process	144	static
/Users/AtomicOwner/Documents/UCLA/E96I/STM32CubeU5/Middlewares/ST/netxduo/crypto_libraries/src/nx_crypto_ecjpake.c:491:21:_nx_crypto_ecjpake_key_exchange_generate	296	static
/Users/AtomicOwner/Documents/UCLA/E96I/STM32CubeU5/Middlewares/ST/netxduo/crypto_libraries/src/nx_crypto_ecjpake.c:629:21:_nx_crypto_ecjpake_key_exchange_process	264	static
/Users/AtomicOwner/Documents/UCLA/E96I/STM32CubeU5/Middlewares/ST/netxduo/crypto_libraries/src/nx_crypto_ecjpake.c:777:21:_nx_crypto_ecjpake_schnorr_zkp_hash	88	static
/Users/AtomicOwner/Documents/UCLA/E96I/STM32CubeU5/Middlewares/ST/netxduo/crypto_libraries/src/nx_crypto_ecjpake.c:1106:21:_nx_crypto_ecjpake_schnorr_zkp_generate	104	static
/Users/AtomicOwner/Documents/UCLA/E96I/STM32CubeU5/Middlewares/ST/netxduo/crypto_libraries/src/nx_crypto_ecjpake.c:1209:21:_nx_crypto_ecjpake_schnorr_zkp_verify	176	static
/Users/AtomicOwner/Documents/UCLA/E96I/STM32CubeU5/Middlewares/ST/netxduo/crypto_libraries/src/nx_crypto_ecjpake.c:1315:21:_nx_crypto_ecjpake_public_key_generate	56	static
/Users/AtomicOwner/Documents/UCLA/E96I/STM32CubeU5/Middlewares/ST/netxduo/crypto_libraries/src/nx_crypto_ecjpake.c:1399:21:_nx_crypto_ecjpake_pre_master_secret_generate	192	static
/Users/AtomicOwner/Documents/UCLA/E96I/STM32CubeU5/Middlewares/ST/netxduo/crypto_libraries/src/nx_crypto_ecjpake.c:1535:6:_nx_crypto_ecjpake_key_encryption_key_generate	112	static
/Users/AtomicOwner/Documents/UCLA/E96I/STM32CubeU5/Middlewares/ST/netxduo/crypto_libraries/src/nx_crypto_ecjpake.c:1636:22:_nx_crypto_method_ecjpake_init	32	static
/Users/AtomicOwner/Documents/UCLA/E96I/STM32CubeU5/Middlewares/ST/netxduo/crypto_libraries/src/nx_crypto_ecjpake.c:1730:22:_nx_crypto_method_ecjpake_cleanup	16	static
/Users/AtomicOwner/Documents/UCLA/E96I/STM32CubeU5/Middlewares/ST/netxduo/crypto_libraries/src/nx_crypto_ecjpake.c:1807:21:_nx_crypto_method_ecjpake_operation	96	static
