/Users/AtomicOwner/Documents/UCLA/E96I/STM32CubeU5/Projects/B-U585I-IOT02A/Applications/NetXDuo/Nx_IAP_Client/Core/Src/stm32u5xx_it.c:73:6:NMI_Handler	4	static
/Users/AtomicOwner/Documents/UCLA/E96I/STM32CubeU5/Projects/B-U585I-IOT02A/Applications/NetXDuo/Nx_IAP_Client/Core/Src/stm32u5xx_it.c:88:6:HardFault_Handler	4	static
/Users/AtomicOwner/Documents/UCLA/E96I/STM32CubeU5/Projects/B-U585I-IOT02A/Applications/NetXDuo/Nx_IAP_Client/Core/Src/stm32u5xx_it.c:103:6:MemManage_Handler	4	static
/Users/AtomicOwner/Documents/UCLA/E96I/STM32CubeU5/Projects/B-U585I-IOT02A/Applications/NetXDuo/Nx_IAP_Client/Core/Src/stm32u5xx_it.c:118:6:BusFault_Handler	4	static
/Users/AtomicOwner/Documents/UCLA/E96I/STM32CubeU5/Projects/B-U585I-IOT02A/Applications/NetXDuo/Nx_IAP_Client/Core/Src/stm32u5xx_it.c:133:6:UsageFault_Handler	4	static
/Users/AtomicOwner/Documents/UCLA/E96I/STM32CubeU5/Projects/B-U585I-IOT02A/Applications/NetXDuo/Nx_IAP_Client/Core/Src/stm32u5xx_it.c:148:6:DebugMon_Handler	4	static
/Users/AtomicOwner/Documents/UCLA/E96I/STM32CubeU5/Projects/B-U585I-IOT02A/Applications/NetXDuo/Nx_IAP_Client/Core/Src/stm32u5xx_it.c:168:6:EXTI14_IRQHandler	8	static
/Users/AtomicOwner/Documents/UCLA/E96I/STM32CubeU5/Projects/B-U585I-IOT02A/Applications/NetXDuo/Nx_IAP_Client/Core/Src/stm32u5xx_it.c:182:6:EXTI15_IRQHandler	8	static
/Users/AtomicOwner/Documents/UCLA/E96I/STM32CubeU5/Projects/B-U585I-IOT02A/Applications/NetXDuo/Nx_IAP_Client/Core/Src/stm32u5xx_it.c:196:6:GPDMA1_Channel4_IRQHandler	8	static
/Users/AtomicOwner/Documents/UCLA/E96I/STM32CubeU5/Projects/B-U585I-IOT02A/Applications/NetXDuo/Nx_IAP_Client/Core/Src/stm32u5xx_it.c:210:6:GPDMA1_Channel5_IRQHandler	8	static
/Users/AtomicOwner/Documents/UCLA/E96I/STM32CubeU5/Projects/B-U585I-IOT02A/Applications/NetXDuo/Nx_IAP_Client/Core/Src/stm32u5xx_it.c:224:6:TIM6_IRQHandler	8	static
/Users/AtomicOwner/Documents/UCLA/E96I/STM32CubeU5/Projects/B-U585I-IOT02A/Applications/NetXDuo/Nx_IAP_Client/Core/Src/stm32u5xx_it.c:238:6:SPI2_IRQHandler	8	static
